Qnprj_Deca prj
[ [-5  1  2] [-1  1  2] [-5 -1  2] [ 3 -1  2] [0 0 1] ]
[ [-5 -1  2] [ 3 -1  2] [-5  1  2] [ 1 -1  2] [0 0 1] ]
[ [-5 -1  2] [-3  1  2] [-5  1  2] [-1  1  2] [0 0 1] ]
[ [-5  1  2] [ 1 -1  2] [-5 -1  2] [-3  1  2] [0 0 1] ]
[ [0 0 1] [0 0 1] [0 0 1] [0 0 1] [1 0 1] ]

Qnprj_Deca prj
[ [-5  1  2] [-1  1  2] [-5 -1  2] [ 3 -1  2] [0 0 1] ]
[ [-5 -1  2] [ 3 -1  2] [-5  1  2] [ 1 -1  2] [0 0 1] ]
[ [-5 -1  2] [-3  1  2] [-5  1  2] [-1  1  2] [0 0 1] ]
[ [-5  1  2] [ 1 -1  2] [-5 -1  2] [-3  1  2] [0 0 1] ]
[ [0 0 1] [0 0 1] [0 0 1] [0 0 1] [1 0 1] ]

# 1
[  0 0 0 -1 0 ]
[  1 1 1 1 0 ]
[  -1 0 0 0 0 ]
[  0 -1 0 0 0 ]
[  0 0 0 0 1 ]
 
# 2
[  0 0 0 1 0 ]
[  0 0 1 0 0 ]
[  0 1 0 0 0 ]
[  1 0 0 0 0 ]
[  0 0 0 0 1 ]
 
# 3
[  -1 0 0 0 0 ]
[  0 -1 0 0 0 ]
[  0 0 -1 0 0 ]
[  0 0 0 -1 0 ]
[  0 0 0 0 -1 ]
 
shape (40, 5, 5)
# 1
[  1 0 0 0 0 ]
[  0 1 0 0 0 ]
[  0 0 1 0 0 ]
[  0 0 0 1 0 ]
[  0 0 0 0 1 ]
 
# 2
[  0 0 0 -1 0 ]
[  1 1 1 1 0 ]
[  -1 0 0 0 0 ]
[  0 -1 0 0 0 ]
[  0 0 0 0 1 ]
 
# 3
[  0 1 0 0 0 ]
[  0 0 1 0 0 ]
[  0 0 0 1 0 ]
[  -1 -1 -1 -1 0 ]
[  0 0 0 0 1 ]
 
# 4
[  1 1 1 1 0 ]
[  -1 0 0 0 0 ]
[  0 -1 0 0 0 ]
[  0 0 -1 0 0 ]
[  0 0 0 0 1 ]
 
# 5
[  0 0 1 0 0 ]
[  0 0 0 1 0 ]
[  -1 -1 -1 -1 0 ]
[  1 0 0 0 0 ]
[  0 0 0 0 1 ]
 
# 6
[  -1 0 0 0 0 ]
[  0 -1 0 0 0 ]
[  0 0 -1 0 0 ]
[  0 0 0 -1 0 ]
[  0 0 0 0 1 ]
 
# 7
[  0 0 0 1 0 ]
[  -1 -1 -1 -1 0 ]
[  1 0 0 0 0 ]
[  0 1 0 0 0 ]
[  0 0 0 0 1 ]
 
# 8
[  0 -1 0 0 0 ]
[  0 0 -1 0 0 ]
[  0 0 0 -1 0 ]
[  1 1 1 1 0 ]
[  0 0 0 0 1 ]
 
# 9
[  -1 -1 -1 -1 0 ]
[  1 0 0 0 0 ]
[  0 1 0 0 0 ]
[  0 0 1 0 0 ]
[  0 0 0 0 1 ]
 
# 10
[  0 0 -1 0 0 ]
[  0 0 0 -1 0 ]
[  1 1 1 1 0 ]
[  -1 0 0 0 0 ]
[  0 0 0 0 1 ]
 
# 11
[  0 0 0 1 0 ]
[  0 0 1 0 0 ]
[  0 1 0 0 0 ]
[  1 0 0 0 0 ]
[  0 0 0 0 1 ]
 
# 12
[  0 -1 0 0 0 ]
[  -1 0 0 0 0 ]
[  1 1 1 1 0 ]
[  0 0 0 -1 0 ]
[  0 0 0 0 1 ]
 
# 13
[  -1 -1 -1 -1 0 ]
[  0 0 0 1 0 ]
[  0 0 1 0 0 ]
[  0 1 0 0 0 ]
[  0 0 0 0 1 ]
 
# 14
[  0 0 -1 0 0 ]
[  0 -1 0 0 0 ]
[  -1 0 0 0 0 ]
[  1 1 1 1 0 ]
[  0 0 0 0 1 ]
 
# 15
[  1 0 0 0 0 ]
[  -1 -1 -1 -1 0 ]
[  0 0 0 1 0 ]
[  0 0 1 0 0 ]
[  0 0 0 0 1 ]
 
# 16
[  0 0 0 -1 0 ]
[  0 0 -1 0 0 ]
[  0 -1 0 0 0 ]
[  -1 0 0 0 0 ]
[  0 0 0 0 1 ]
 
# 17
[  0 1 0 0 0 ]
[  1 0 0 0 0 ]
[  -1 -1 -1 -1 0 ]
[  0 0 0 1 0 ]
[  0 0 0 0 1 ]
 
# 18
[  1 1 1 1 0 ]
[  0 0 0 -1 0 ]
[  0 0 -1 0 0 ]
[  0 -1 0 0 0 ]
[  0 0 0 0 1 ]
 
# 19
[  0 0 1 0 0 ]
[  0 1 0 0 0 ]
[  1 0 0 0 0 ]
[  -1 -1 -1 -1 0 ]
[  0 0 0 0 1 ]
 
# 20
[  -1 0 0 0 0 ]
[  1 1 1 1 0 ]
[  0 0 0 -1 0 ]
[  0 0 -1 0 0 ]
[  0 0 0 0 1 ]
 
# 21
[  -1 0 0 0 0 ]
[  0 -1 0 0 0 ]
[  0 0 -1 0 0 ]
[  0 0 0 -1 0 ]
[  0 0 0 0 -1 ]
 
# 22
[  0 0 0 1 0 ]
[  -1 -1 -1 -1 0 ]
[  1 0 0 0 0 ]
[  0 1 0 0 0 ]
[  0 0 0 0 -1 ]
 
# 23
[  0 -1 0 0 0 ]
[  0 0 -1 0 0 ]
[  0 0 0 -1 0 ]
[  1 1 1 1 0 ]
[  0 0 0 0 -1 ]
 
# 24
[  -1 -1 -1 -1 0 ]
[  1 0 0 0 0 ]
[  0 1 0 0 0 ]
[  0 0 1 0 0 ]
[  0 0 0 0 -1 ]
 
# 25
[  0 0 -1 0 0 ]
[  0 0 0 -1 0 ]
[  1 1 1 1 0 ]
[  -1 0 0 0 0 ]
[  0 0 0 0 -1 ]
 
# 26
[  1 0 0 0 0 ]
[  0 1 0 0 0 ]
[  0 0 1 0 0 ]
[  0 0 0 1 0 ]
[  0 0 0 0 -1 ]
 
# 27
[  0 0 0 -1 0 ]
[  1 1 1 1 0 ]
[  -1 0 0 0 0 ]
[  0 -1 0 0 0 ]
[  0 0 0 0 -1 ]
 
# 28
[  0 1 0 0 0 ]
[  0 0 1 0 0 ]
[  0 0 0 1 0 ]
[  -1 -1 -1 -1 0 ]
[  0 0 0 0 -1 ]
 
# 29
[  1 1 1 1 0 ]
[  -1 0 0 0 0 ]
[  0 -1 0 0 0 ]
[  0 0 -1 0 0 ]
[  0 0 0 0 -1 ]
 
# 30
[  0 0 1 0 0 ]
[  0 0 0 1 0 ]
[  -1 -1 -1 -1 0 ]
[  1 0 0 0 0 ]
[  0 0 0 0 -1 ]
 
# 31
[  0 0 0 -1 0 ]
[  0 0 -1 0 0 ]
[  0 -1 0 0 0 ]
[  -1 0 0 0 0 ]
[  0 0 0 0 -1 ]
 
# 32
[  0 1 0 0 0 ]
[  1 0 0 0 0 ]
[  -1 -1 -1 -1 0 ]
[  0 0 0 1 0 ]
[  0 0 0 0 -1 ]
 
# 33
[  1 1 1 1 0 ]
[  0 0 0 -1 0 ]
[  0 0 -1 0 0 ]
[  0 -1 0 0 0 ]
[  0 0 0 0 -1 ]
 
# 34
[  0 0 1 0 0 ]
[  0 1 0 0 0 ]
[  1 0 0 0 0 ]
[  -1 -1 -1 -1 0 ]
[  0 0 0 0 -1 ]
 
# 35
[  -1 0 0 0 0 ]
[  1 1 1 1 0 ]
[  0 0 0 -1 0 ]
[  0 0 -1 0 0 ]
[  0 0 0 0 -1 ]
 
# 36
[  0 0 0 1 0 ]
[  0 0 1 0 0 ]
[  0 1 0 0 0 ]
[  1 0 0 0 0 ]
[  0 0 0 0 -1 ]
 
# 37
[  0 -1 0 0 0 ]
[  -1 0 0 0 0 ]
[  1 1 1 1 0 ]
[  0 0 0 -1 0 ]
[  0 0 0 0 -1 ]
 
# 38
[  -1 -1 -1 -1 0 ]
[  0 0 0 1 0 ]
[  0 0 1 0 0 ]
[  0 1 0 0 0 ]
[  0 0 0 0 -1 ]
 
# 39
[  0 0 -1 0 0 ]
[  0 -1 0 0 0 ]
[  -1 0 0 0 0 ]
[  1 1 1 1 0 ]
[  0 0 0 0 -1 ]
 
# 40
[  1 0 0 0 0 ]
[  -1 -1 -1 -1 0 ]
[  0 0 0 1 0 ]
[  0 0 1 0 0 ]
[  0 0 0 0 -1 ]
 
qn0 [ 0 0 1 ]
mpltbl [ 0  1  2  3  4  5  6  7  8  9 10 11 12 13 14 15 16 17 18 19]
mpltbl [ 1  2  3  4  5  6  7  8  9  0 19 10 11 12 13 14 15 16 17 18]
mpltbl [ 2  3  4  5  6  7  8  9  0  1 18 19 10 11 12 13 14 15 16 17]
mpltbl [ 3  4  5  6  7  8  9  0  1  2 17 18 19 10 11 12 13 14 15 16]
mpltbl [ 4  5  6  7  8  9  0  1  2  3 16 17 18 19 10 11 12 13 14 15]
mpltbl [ 5  6  7  8  9  0  1  2  3  4 15 16 17 18 19 10 11 12 13 14]
mpltbl [ 6  7  8  9  0  1  2  3  4  5 14 15 16 17 18 19 10 11 12 13]
mpltbl [ 7  8  9  0  1  2  3  4  5  6 13 14 15 16 17 18 19 10 11 12]
mpltbl [ 8  9  0  1  2  3  4  5  6  7 12 13 14 15 16 17 18 19 10 11]
mpltbl [ 9  0  1  2  3  4  5  6  7  8 11 12 13 14 15 16 17 18 19 10]
mpltbl [10 11 12 13 14 15 16 17 18 19  0  1  2  3  4  5  6  7  8  9]
mpltbl [11 12 13 14 15 16 17 18 19 10  9  0  1  2  3  4  5  6  7  8]
mpltbl [12 13 14 15 16 17 18 19 10 11  8  9  0  1  2  3  4  5  6  7]
mpltbl [13 14 15 16 17 18 19 10 11 12  7  8  9  0  1  2  3  4  5  6]
mpltbl [14 15 16 17 18 19 10 11 12 13  6  7  8  9  0  1  2  3  4  5]
mpltbl [15 16 17 18 19 10 11 12 13 14  5  6  7  8  9  0  1  2  3  4]
mpltbl [16 17 18 19 10 11 12 13 14 15  4  5  6  7  8  9  0  1  2  3]
mpltbl [17 18 19 10 11 12 13 14 15 16  3  4  5  6  7  8  9  0  1  2]
mpltbl [18 19 10 11 12 13 14 15 16 17  2  3  4  5  6  7  8  9  0  1]
mpltbl [19 10 11 12 13 14 15 16 17 18  1  2  3  4  5  6  7  8  9  0]
x0 [ [1 0 2] [0 0 1] [0 0 1] [0 0 1] [0 0 1] ]
irs0 [0, 10, 25, 35]
irs [0, 10, 25, 35]
nc 10
k 0
len(ics) 4
ics [0, 10, 25, 35]
k 1
ics [0, 10, 25, 35] ns0 40
i 1
lics 4
i 1 ics[j] 0 m 1
i 1 ics[j] 10 m 19
i 1 ics[j] 25 m 26
i 1 ics[j] 35 m 34
k 2
ics [0, 10, 25, 35, np.int64(1), np.int64(19), np.int64(26), np.int64(34)] ns0 40
i 2
lics 8
i 2 ics[j] 0 m 2
i 2 ics[j] 10 m 18
i 2 ics[j] 25 m 27
i 2 ics[j] 35 m 33
i 2 ics[j] 1 m 3
i 2 ics[j] 19 m 17
i 2 ics[j] 26 m 28
i 2 ics[j] 34 m 32
k 3
ics [0, 10, 25, 35, np.int64(1), np.int64(19), np.int64(26), np.int64(34), np.int64(2), np.int64(18), np.int64(27), np.int64(33), np.int64(3), np.int64(17), np.int64(28), np.int64(32)] ns0 40
i 4
lics 16
i 4 ics[j] 0 m 4
i 4 ics[j] 10 m 16
i 4 ics[j] 25 m 29
i 4 ics[j] 35 m 31
i 4 ics[j] 1 m 5
i 4 ics[j] 19 m 15
i 4 ics[j] 26 m 20
i 4 ics[j] 34 m 30
i 4 ics[j] 2 m 6
i 4 ics[j] 18 m 14
i 4 ics[j] 27 m 21
i 4 ics[j] 33 m 39
i 4 ics[j] 3 m 7
i 4 ics[j] 17 m 13
i 4 ics[j] 28 m 22
i 4 ics[j] 32 m 38
k 4
ics [0, 10, 25, 35, np.int64(1), np.int64(19), np.int64(26), np.int64(34), np.int64(2), np.int64(18), np.int64(27), np.int64(33), np.int64(3), np.int64(17), np.int64(28), np.int64(32), np.int64(4), np.int64(16), np.int64(29), np.int64(31), np.int64(5), np.int64(15), np.int64(20), np.int64(30), np.int64(6), np.int64(14), np.int64(21), np.int64(39), np.int64(7), np.int64(13), np.int64(22), np.int64(38)] ns0 40
i 8
lics 32
i 8 ics[j] 0 m 8
i 8 ics[j] 10 m 12
i 8 ics[j] 25 m 23
i 8 ics[j] 35 m 37
i 8 ics[j] 1 m 9
i 8 ics[j] 19 m 11
i 8 ics[j] 26 m 24
i 8 ics[j] 34 m 36
i 8 ics[j] 2 m 0
i 8 ics[j] 18 m 10
i 8 ics[j] 27 m 25
i 8 ics[j] 33 m 35
i 8 ics[j] 3 m 1
i 8 ics[j] 17 m 19
i 8 ics[j] 28 m 26
i 8 ics[j] 32 m 34
i 8 ics[j] 4 m 2
i 8 ics[j] 16 m 18
i 8 ics[j] 29 m 27
i 8 ics[j] 31 m 33
i 8 ics[j] 5 m 3
i 8 ics[j] 15 m 17
i 8 ics[j] 20 m 28
i 8 ics[j] 30 m 32
i 8 ics[j] 6 m 4
i 8 ics[j] 14 m 16
i 8 ics[j] 21 m 29
i 8 ics[j] 39 m 31
i 8 ics[j] 7 m 5
i 8 ics[j] 13 m 15
i 8 ics[j] 22 m 20
i 8 ics[j] 38 m 30
k 5
ics [0, 10, 25, 35, np.int64(1), np.int64(19), np.int64(26), np.int64(34), np.int64(2), np.int64(18), np.int64(27), np.int64(33), np.int64(3), np.int64(17), np.int64(28), np.int64(32), np.int64(4), np.int64(16), np.int64(29), np.int64(31), np.int64(5), np.int64(15), np.int64(20), np.int64(30), np.int64(6), np.int64(14), np.int64(21), np.int64(39), np.int64(7), np.int64(13), np.int64(22), np.int64(38), np.int64(8), np.int64(12), np.int64(23), np.int64(37), np.int64(9), np.int64(11), np.int64(24), np.int64(36), np.int64(0), np.int64(10), np.int64(25), np.int64(35), np.int64(1), np.int64(19), np.int64(26), np.int64(34), np.int64(2), np.int64(18), np.int64(27), np.int64(33), np.int64(3), np.int64(17), np.int64(28), np.int64(32), np.int64(4), np.int64(16), np.int64(29), np.int64(31), np.int64(5), np.int64(15), np.int64(20), np.int64(30)] ns0 40
new i nor found
