argument list ['occdom_tst.py', '3']
isys 3
qnsym_init isys 3 n 5 N 5
shape (20, 5, 5)
# 1
[  0  1  0  0  0]
[  0  0  1  0  0]
[  0  0  0  1  0]
[ -1 -1 -1 -1  0]
[  0  0  0  0  1]
 
# 2
[  0  0  0  1  0]
[  0  0  1  0  0]
[  0  1  0  0  0]
[  1  0  0  0  0]
[  0  0  0  0  1]
 
# 3
[ -1  0  0  0  0]
[  0 -1  0  0  0]
[  0  0 -1  0  0]
[  0  0  0 -1  0]
[  0  0  0  0 -1]
 
ms.shape (20, 5, 5)
ms.shape (20, 2, 2)
ms.shape (20, 2, 2)
mpltbl 1st block
  0  1  2  3  4  5  6  7  8  9
  1  2  3  4  0  9  5  6  7  8
  2  3  4  0  1  8  9  5  6  7
  3  4  0  1  2  7  8  9  5  6
  4  0  1  2  3  6  7  8  9  5
  5  6  7  8  9  0  1  2  3  4
  6  7  8  9  5  4  0  1  2  3
  7  8  9  5  6  3  4  0  1  2
  8  9  5  6  7  2  3  4  0  1
  9  5  6  7  8  1  2  3  4  0
mpltbl 2nd block
 10 11 12 13 14 15 16 17 18 19
 11 12 13 14 10 19 15 16 17 18
 12 13 14 10 11 18 19 15 16 17
 13 14 10 11 12 17 18 19 15 16
 14 10 11 12 13 16 17 18 19 15
 15 16 17 18 19 10 11 12 13 14
 16 17 18 19 15 14 10 11 12 13
 17 18 19 15 16 13 14 10 11 12
 18 19 15 16 17 12 13 14 10 11
 19 15 16 17 18 11 12 13 14 10
# 1
[  1  0  0  0  0]
[  0  1  0  0  0]
[  0  0  1  0  0]
[  0  0  0  1  0]
[  0  0  0  0  1]
 
# 2
[  0  1  0  0  0]
[  0  0  1  0  0]
[  0  0  0  1  0]
[ -1 -1 -1 -1  0]
[  0  0  0  0  1]
 
# 3
[  0  0  1  0  0]
[  0  0  0  1  0]
[ -1 -1 -1 -1  0]
[  1  0  0  0  0]
[  0  0  0  0  1]
 
# 4
[  0  0  0  1  0]
[ -1 -1 -1 -1  0]
[  1  0  0  0  0]
[  0  1  0  0  0]
[  0  0  0  0  1]
 
# 5
[ -1 -1 -1 -1  0]
[  1  0  0  0  0]
[  0  1  0  0  0]
[  0  0  1  0  0]
[  0  0  0  0  1]
 
# 6
[  0  0  0  1  0]
[  0  0  1  0  0]
[  0  1  0  0  0]
[  1  0  0  0  0]
[  0  0  0  0  1]
 
# 7
[ -1 -1 -1 -1  0]
[  0  0  0  1  0]
[  0  0  1  0  0]
[  0  1  0  0  0]
[  0  0  0  0  1]
 
# 8
[  1  0  0  0  0]
[ -1 -1 -1 -1  0]
[  0  0  0  1  0]
[  0  0  1  0  0]
[  0  0  0  0  1]
 
# 9
[  0  1  0  0  0]
[  1  0  0  0  0]
[ -1 -1 -1 -1  0]
[  0  0  0  1  0]
[  0  0  0  0  1]
 
# 10
[  0  0  1  0  0]
[  0  1  0  0  0]
[  1  0  0  0  0]
[ -1 -1 -1 -1  0]
[  0  0  0  0  1]
 
# 11
[ -1  0  0  0  0]
[  0 -1  0  0  0]
[  0  0 -1  0  0]
[  0  0  0 -1  0]
[  0  0  0  0 -1]
 
# 12
[  0 -1  0  0  0]
[  0  0 -1  0  0]
[  0  0  0 -1  0]
[  1  1  1  1  0]
[  0  0  0  0 -1]
 
# 13
[  0  0 -1  0  0]
[  0  0  0 -1  0]
[  1  1  1  1  0]
[ -1  0  0  0  0]
[  0  0  0  0 -1]
 
# 14
[  0  0  0 -1  0]
[  1  1  1  1  0]
[ -1  0  0  0  0]
[  0 -1  0  0  0]
[  0  0  0  0 -1]
 
# 15
[  1  1  1  1  0]
[ -1  0  0  0  0]
[  0 -1  0  0  0]
[  0  0 -1  0  0]
[  0  0  0  0 -1]
 
# 16
[  0  0  0 -1  0]
[  0  0 -1  0  0]
[  0 -1  0  0  0]
[ -1  0  0  0  0]
[  0  0  0  0 -1]
 
# 17
[  1  1  1  1  0]
[  0  0  0 -1  0]
[  0  0 -1  0  0]
[  0 -1  0  0  0]
[  0  0  0  0 -1]
 
# 18
[ -1  0  0  0  0]
[  1  1  1  1  0]
[  0  0  0 -1  0]
[  0  0 -1  0  0]
[  0  0  0  0 -1]
 
# 19
[  0 -1  0  0  0]
[ -1  0  0  0  0]
[  1  1  1  1  0]
[  0  0  0 -1  0]
[  0  0  0  0 -1]
 
# 20
[  0  0 -1  0  0]
[  0 -1  0  0  0]
[ -1  0  0  0  0]
[  1  1  1  1  0]
[  0  0  0  0 -1]
 
nr 20
r_qn
r_qn[0]
[ [1 0 1] [0 0 1] [0 0 1] [0 0 1] [0 0 1] ]
[ [0 0 1] [1 0 1] [0 0 1] [0 0 1] [0 0 1] ]
[ [0 0 1] [0 0 1] [1 0 1] [0 0 1] [0 0 1] ]
[ [0 0 1] [0 0 1] [0 0 1] [1 0 1] [0 0 1] ]
[ [0 0 1] [0 0 1] [0 0 1] [0 0 1] [1 0 1] ]

r_qn[1]
[ [-1  1  4] [1 0 1] [0 0 1] [0 0 1] [0 0 1] ]
[ [-5 -1  8] [-1  1  4] [0 0 1] [0 0 1] [0 0 1] ]
[ [0 0 1] [0 0 1] [-1 -1  4] [-1  1  2] [0 0 1] ]
[ [0 0 1] [0 0 1] [ 0 -1  4] [-1 -1  4] [0 0 1] ]
[ [0 0 1] [0 0 1] [0 0 1] [0 0 1] [1 0 1] ]

r_qn[2]
[ [-1 -1  4] [-1  1  2] [0 0 1] [0 0 1] [0 0 1] ]
[ [ 0 -1  4] [-1 -1  4] [0 0 1] [0 0 1] [0 0 1] ]
[ [0 0 1] [0 0 1] [-1  1  4] [-1  0  1] [0 0 1] ]
[ [0 0 1] [0 0 1] [5 1 8] [-1  1  4] [0 0 1] ]
[ [0 0 1] [0 0 1] [0 0 1] [0 0 1] [1 0 1] ]

r_qn[3]
[ [-1 -1  4] [ 1 -1  2] [0 0 1] [0 0 1] [0 0 1] ]
[ [0 1 4] [-1 -1  4] [0 0 1] [0 0 1] [0 0 1] ]
[ [0 0 1] [0 0 1] [-1  1  4] [1 0 1] [0 0 1] ]
[ [0 0 1] [0 0 1] [-5 -1  8] [-1  1  4] [0 0 1] ]
[ [0 0 1] [0 0 1] [0 0 1] [0 0 1] [1 0 1] ]

r_qn[4]
[ [-1  1  4] [-1  0  1] [0 0 1] [0 0 1] [0 0 1] ]
[ [5 1 8] [-1  1  4] [0 0 1] [0 0 1] [0 0 1] ]
[ [0 0 1] [0 0 1] [-1 -1  4] [ 1 -1  2] [0 0 1] ]
[ [0 0 1] [0 0 1] [0 1 4] [-1 -1  4] [0 0 1] ]
[ [0 0 1] [0 0 1] [0 0 1] [0 0 1] [1 0 1] ]

r_qn[5]
[ [1 0 1] [0 0 1] [0 0 1] [0 0 1] [0 0 1] ]
[ [0 0 1] [-1  0  1] [0 0 1] [0 0 1] [0 0 1] ]
[ [0 0 1] [0 0 1] [1 0 1] [0 0 1] [0 0 1] ]
[ [0 0 1] [0 0 1] [0 0 1] [-1  0  1] [0 0 1] ]
[ [0 0 1] [0 0 1] [0 0 1] [0 0 1] [1 0 1] ]

r_qn[6]
[ [-1  1  4] [1 0 1] [0 0 1] [0 0 1] [0 0 1] ]
[ [5 1 8] [ 1 -1  4] [0 0 1] [0 0 1] [0 0 1] ]
[ [0 0 1] [0 0 1] [-1 -1  4] [-1  1  2] [0 0 1] ]
[ [0 0 1] [0 0 1] [0 1 4] [1 1 4] [0 0 1] ]
[ [0 0 1] [0 0 1] [0 0 1] [0 0 1] [1 0 1] ]

r_qn[7]
[ [-1 -1  4] [-1  1  2] [0 0 1] [0 0 1] [0 0 1] ]
[ [0 1 4] [1 1 4] [0 0 1] [0 0 1] [0 0 1] ]
[ [0 0 1] [0 0 1] [-1  1  4] [-1  0  1] [0 0 1] ]
[ [0 0 1] [0 0 1] [-5 -1  8] [ 1 -1  4] [0 0 1] ]
[ [0 0 1] [0 0 1] [0 0 1] [0 0 1] [1 0 1] ]

r_qn[8]
[ [-1 -1  4] [ 1 -1  2] [0 0 1] [0 0 1] [0 0 1] ]
[ [ 0 -1  4] [1 1 4] [0 0 1] [0 0 1] [0 0 1] ]
[ [0 0 1] [0 0 1] [-1  1  4] [1 0 1] [0 0 1] ]
[ [0 0 1] [0 0 1] [5 1 8] [ 1 -1  4] [0 0 1] ]
[ [0 0 1] [0 0 1] [0 0 1] [0 0 1] [1 0 1] ]

r_qn[9]
[ [-1  1  4] [-1  0  1] [0 0 1] [0 0 1] [0 0 1] ]
[ [-5 -1  8] [ 1 -1  4] [0 0 1] [0 0 1] [0 0 1] ]
[ [0 0 1] [0 0 1] [-1 -1  4] [ 1 -1  2] [0 0 1] ]
[ [0 0 1] [0 0 1] [ 0 -1  4] [1 1 4] [0 0 1] ]
[ [0 0 1] [0 0 1] [0 0 1] [0 0 1] [1 0 1] ]

r_qn[10]
[ [-1  0  1] [0 0 1] [0 0 1] [0 0 1] [0 0 1] ]
[ [0 0 1] [-1  0  1] [0 0 1] [0 0 1] [0 0 1] ]
[ [0 0 1] [0 0 1] [-1  0  1] [0 0 1] [0 0 1] ]
[ [0 0 1] [0 0 1] [0 0 1] [-1  0  1] [0 0 1] ]
[ [0 0 1] [0 0 1] [0 0 1] [0 0 1] [-1  0  1] ]

r_qn[11]
[ [ 1 -1  4] [-1  0  1] [0 0 1] [0 0 1] [0 0 1] ]
[ [5 1 8] [ 1 -1  4] [0 0 1] [0 0 1] [0 0 1] ]
[ [0 0 1] [0 0 1] [1 1 4] [ 1 -1  2] [0 0 1] ]
[ [0 0 1] [0 0 1] [0 1 4] [1 1 4] [0 0 1] ]
[ [0 0 1] [0 0 1] [0 0 1] [0 0 1] [-1  0  1] ]

r_qn[12]
[ [1 1 4] [ 1 -1  2] [0 0 1] [0 0 1] [0 0 1] ]
[ [0 1 4] [1 1 4] [0 0 1] [0 0 1] [0 0 1] ]
[ [0 0 1] [0 0 1] [ 1 -1  4] [1 0 1] [0 0 1] ]
[ [0 0 1] [0 0 1] [-5 -1  8] [ 1 -1  4] [0 0 1] ]
[ [0 0 1] [0 0 1] [0 0 1] [0 0 1] [-1  0  1] ]

r_qn[13]
[ [1 1 4] [-1  1  2] [0 0 1] [0 0 1] [0 0 1] ]
[ [ 0 -1  4] [1 1 4] [0 0 1] [0 0 1] [0 0 1] ]
[ [0 0 1] [0 0 1] [ 1 -1  4] [-1  0  1] [0 0 1] ]
[ [0 0 1] [0 0 1] [5 1 8] [ 1 -1  4] [0 0 1] ]
[ [0 0 1] [0 0 1] [0 0 1] [0 0 1] [-1  0  1] ]

r_qn[14]
[ [ 1 -1  4] [1 0 1] [0 0 1] [0 0 1] [0 0 1] ]
[ [-5 -1  8] [ 1 -1  4] [0 0 1] [0 0 1] [0 0 1] ]
[ [0 0 1] [0 0 1] [1 1 4] [-1  1  2] [0 0 1] ]
[ [0 0 1] [0 0 1] [ 0 -1  4] [1 1 4] [0 0 1] ]
[ [0 0 1] [0 0 1] [0 0 1] [0 0 1] [-1  0  1] ]

r_qn[15]
[ [-1  0  1] [0 0 1] [0 0 1] [0 0 1] [0 0 1] ]
[ [0 0 1] [1 0 1] [0 0 1] [0 0 1] [0 0 1] ]
[ [0 0 1] [0 0 1] [-1  0  1] [0 0 1] [0 0 1] ]
[ [0 0 1] [0 0 1] [0 0 1] [1 0 1] [0 0 1] ]
[ [0 0 1] [0 0 1] [0 0 1] [0 0 1] [-1  0  1] ]

r_qn[16]
[ [ 1 -1  4] [-1  0  1] [0 0 1] [0 0 1] [0 0 1] ]
[ [-5 -1  8] [-1  1  4] [0 0 1] [0 0 1] [0 0 1] ]
[ [0 0 1] [0 0 1] [1 1 4] [ 1 -1  2] [0 0 1] ]
[ [0 0 1] [0 0 1] [ 0 -1  4] [-1 -1  4] [0 0 1] ]
[ [0 0 1] [0 0 1] [0 0 1] [0 0 1] [-1  0  1] ]

r_qn[17]
[ [1 1 4] [ 1 -1  2] [0 0 1] [0 0 1] [0 0 1] ]
[ [ 0 -1  4] [-1 -1  4] [0 0 1] [0 0 1] [0 0 1] ]
[ [0 0 1] [0 0 1] [ 1 -1  4] [1 0 1] [0 0 1] ]
[ [0 0 1] [0 0 1] [5 1 8] [-1  1  4] [0 0 1] ]
[ [0 0 1] [0 0 1] [0 0 1] [0 0 1] [-1  0  1] ]

r_qn[18]
[ [1 1 4] [-1  1  2] [0 0 1] [0 0 1] [0 0 1] ]
[ [0 1 4] [-1 -1  4] [0 0 1] [0 0 1] [0 0 1] ]
[ [0 0 1] [0 0 1] [ 1 -1  4] [-1  0  1] [0 0 1] ]
[ [0 0 1] [0 0 1] [-5 -1  8] [-1  1  4] [0 0 1] ]
[ [0 0 1] [0 0 1] [0 0 1] [0 0 1] [-1  0  1] ]

r_qn[19]
[ [ 1 -1  4] [1 0 1] [0 0 1] [0 0 1] [0 0 1] ]
[ [5 1 8] [-1  1  4] [0 0 1] [0 0 1] [0 0 1] ]
[ [0 0 1] [0 0 1] [1 1 4] [-1  1  2] [0 0 1] ]
[ [0 0 1] [0 0 1] [0 1 4] [-1 -1  4] [0 0 1] ]
[ [0 0 1] [0 0 1] [0 0 1] [0 0 1] [-1  0  1] ]

nr 20
r_qn_e
r_qn_e[0]
[ [1 0 1] [0 0 1] ]
[ [0 0 1] [1 0 1] ]

r_qn_e[1]
[ [-1  1  4] [1 0 1] ]
[ [-5 -1  8] [-1  1  4] ]

r_qn_e[2]
[ [-1 -1  4] [-1  1  2] ]
[ [ 0 -1  4] [-1 -1  4] ]

r_qn_e[3]
[ [-1 -1  4] [ 1 -1  2] ]
[ [0 1 4] [-1 -1  4] ]

r_qn_e[4]
[ [-1  1  4] [-1  0  1] ]
[ [5 1 8] [-1  1  4] ]

r_qn_e[5]
[ [1 0 1] [0 0 1] ]
[ [0 0 1] [-1  0  1] ]

r_qn_e[6]
[ [-1  1  4] [1 0 1] ]
[ [5 1 8] [ 1 -1  4] ]

r_qn_e[7]
[ [-1 -1  4] [-1  1  2] ]
[ [0 1 4] [1 1 4] ]

r_qn_e[8]
[ [-1 -1  4] [ 1 -1  2] ]
[ [ 0 -1  4] [1 1 4] ]

r_qn_e[9]
[ [-1  1  4] [-1  0  1] ]
[ [-5 -1  8] [ 1 -1  4] ]

r_qn_e[10]
[ [-1  0  1] [0 0 1] ]
[ [0 0 1] [-1  0  1] ]

r_qn_e[11]
[ [ 1 -1  4] [-1  0  1] ]
[ [5 1 8] [ 1 -1  4] ]

r_qn_e[12]
[ [1 1 4] [ 1 -1  2] ]
[ [0 1 4] [1 1 4] ]

r_qn_e[13]
[ [1 1 4] [-1  1  2] ]
[ [ 0 -1  4] [1 1 4] ]

r_qn_e[14]
[ [ 1 -1  4] [1 0 1] ]
[ [-5 -1  8] [ 1 -1  4] ]

r_qn_e[15]
[ [-1  0  1] [0 0 1] ]
[ [0 0 1] [1 0 1] ]

r_qn_e[16]
[ [ 1 -1  4] [-1  0  1] ]
[ [-5 -1  8] [-1  1  4] ]

r_qn_e[17]
[ [1 1 4] [ 1 -1  2] ]
[ [ 0 -1  4] [-1 -1  4] ]

r_qn_e[18]
[ [1 1 4] [-1  1  2] ]
[ [0 1 4] [-1 -1  4] ]

r_qn_e[19]
[ [ 1 -1  4] [1 0 1] ]
[ [5 1 8] [-1  1  4] ]

type(od_asym) <class 'qnndarray.QnNdarray'> od_saym.shape (1, 3, 2) ndim 3
od_asym[i][j] [ [0 0 1] [0 0 1] ]
od_asym[i][j] [ [-1 -5 20] [-1  1  2] ]
od_asym[i][j] [ [-1 -5 20] [0 0 1] ]
pos0 [ [1 0 5] [1 0 5] [1 0 5] [1 0 5] [0 0 1] ]
type(xs) <class 'numpy.ndarray'> type(xs[0]) <class 'numpy.ndarray'>
nv,n in reduce_x 20 5
xs.shape (20, 5)
xs [ [1 0 5] [1 0 5] [1 0 5] [1 0 5] [0 0 1] ]
xs [ [1 0 5] [1 0 5] [1 0 5] [1 0 5] [0 0 1] ]
xs [ [1 0 5] [1 0 5] [1 0 5] [1 0 5] [0 0 1] ]
xs [ [1 0 5] [1 0 5] [1 0 5] [1 0 5] [0 0 1] ]
xs [ [1 0 5] [1 0 5] [1 0 5] [1 0 5] [0 0 1] ]
xs [ [1 0 5] [1 0 5] [1 0 5] [1 0 5] [0 0 1] ]
xs [ [1 0 5] [1 0 5] [1 0 5] [1 0 5] [0 0 1] ]
xs [ [1 0 5] [1 0 5] [1 0 5] [1 0 5] [0 0 1] ]
xs [ [1 0 5] [1 0 5] [1 0 5] [1 0 5] [0 0 1] ]
xs [ [1 0 5] [1 0 5] [1 0 5] [1 0 5] [0 0 1] ]
xs [ [-1  0  5] [-1  0  5] [-1  0  5] [-1  0  5] [0 0 1] ]
xs [ [-1  0  5] [-1  0  5] [-1  0  5] [-1  0  5] [0 0 1] ]
xs [ [-1  0  5] [-1  0  5] [-1  0  5] [-1  0  5] [0 0 1] ]
xs [ [-1  0  5] [-1  0  5] [-1  0  5] [-1  0  5] [0 0 1] ]
xs [ [-1  0  5] [-1  0  5] [-1  0  5] [-1  0  5] [0 0 1] ]
xs [ [-1  0  5] [-1  0  5] [-1  0  5] [-1  0  5] [0 0 1] ]
xs [ [-1  0  5] [-1  0  5] [-1  0  5] [-1  0  5] [0 0 1] ]
xs [ [-1  0  5] [-1  0  5] [-1  0  5] [-1  0  5] [0 0 1] ]
xs [ [-1  0  5] [-1  0  5] [-1  0  5] [-1  0  5] [0 0 1] ]
xs [ [-1  0  5] [-1  0  5] [-1  0  5] [-1  0  5] [0 0 1] ]
pos0 [ [1 0 5] [1 0 5] [1 0 5] [1 0 5] [0 0 1] ]
sp0 (1, 3, 2)
shape in symmetric (10, 3, 2)
0-th triangle 0-th vertex  [ [0 0 1] [0 0 1] ]
0-th triangle 1-th vertex  [ [-1 -5 20] [-1  1  2] ]
0-th triangle 2-th vertex  [ [-1 -5 20] [0 0 1] ]
1-th triangle 0-th vertex  [ [0 0 1] [0 0 1] ]
1-th triangle 1-th vertex  [ [ 73 -17  40] [-15   1  80] ]
1-th triangle 2-th vertex  [ [13  3 40] [25  1 80] ]
2-th triangle 0-th vertex  [ [0 0 1] [0 0 1] ]
2-th triangle 1-th vertex  [ [ 4 -9 20] [ 45 -33  80] ]
2-th triangle 2-th vertex  [ [-6  1 20] [-15 -13  80] ]
3-th triangle 0-th vertex  [ [0 0 1] [0 0 1] ]
3-th triangle 1-th vertex  [ [-16  11  20] [75 -7 80] ]
3-th triangle 2-th vertex  [ [-6  1 20] [15 13 80] ]
4-th triangle 0-th vertex  [ [0 0 1] [0 0 1] ]
4-th triangle 1-th vertex  [ [-47  23  40] [-65  -1  80] ]
4-th triangle 2-th vertex  [ [13  3 40] [-25  -1  80] ]
5-th triangle 0-th vertex  [ [0 0 1] [0 0 1] ]
5-th triangle 1-th vertex  [ [-1 -5 20] [ 1 -1  2] ]
5-th triangle 2-th vertex  [ [-1 -5 20] [0 0 1] ]
6-th triangle 0-th vertex  [ [0 0 1] [0 0 1] ]
6-th triangle 1-th vertex  [ [ 73 -17  40] [15 -1 80] ]
6-th triangle 2-th vertex  [ [13  3 40] [-25  -1  80] ]
7-th triangle 0-th vertex  [ [0 0 1] [0 0 1] ]
7-th triangle 1-th vertex  [ [ 4 -9 20] [-45  33  80] ]
7-th triangle 2-th vertex  [ [-6  1 20] [15 13 80] ]
8-th triangle 0-th vertex  [ [0 0 1] [0 0 1] ]
8-th triangle 1-th vertex  [ [-16  11  20] [-75   7  80] ]
8-th triangle 2-th vertex  [ [-6  1 20] [-15 -13  80] ]
9-th triangle 0-th vertex  [ [0 0 1] [0 0 1] ]
9-th triangle 1-th vertex  [ [-47  23  40] [65  1 80] ]
9-th triangle 2-th vertex  [ [13  3 40] [25  1 80] ]
v0 [ [-1  0  5] [0 0 1] ]
od_sym.shape (10, 3, 2)
od_sym1.shape (10, 3, 2)
cross points of two triangles
common points in triangles
cross points of two triangles
 [ [ -7589  -2698 310805] [ 1877   397 62161] ]
 [ [-1 -5 20] [ 240  149 3884] ]
common points in triangles
 [ [0 0 1] [0 0 1] ]
 [ [-1 -5 20] [0 0 1] ]
nx 2 ny 2
z.shape (4, 2)
common part
 [ [ -7589  -2698 310805] [ 1877   397 62161] ]
 [ [-1 -5 20] [ 240  149 3884] ]
 [ [0 0 1] [0 0 1] ]
 [ [-1 -5 20] [0 0 1] ]
number of vertices in common part 4
common part
 [ [ -7589  -2698 310805] [ 1877   397 62161] ]
 [ [-1 -5 20] [ 240  149 3884] ]
 [ [0 0 1] [0 0 1] ]
 [ [-1 -5 20] [0 0 1] ]
nod 1
cross points of two triangles
common points in triangles
cross points of two triangles
common points in triangles
cross points of two triangles
 [ [-2449 -1395  9710] [176 174 971] ]
 [ [-19  -2  55] [ 7 -1 11] ]
common points in triangles
 [ [-3 -4 20] [15 13 80] ]
nx 2 ny 1
z.shape (3, 2)
common part
 [ [-2449 -1395  9710] [176 174 971] ]
 [ [-19  -2  55] [ 7 -1 11] ]
 [ [-3 -4 20] [15 13 80] ]
number of vertices in common part 3
common part
 [ [-2449 -1395  9710] [176 174 971] ]
 [ [-19  -2  55] [ 7 -1 11] ]
 [ [-3 -4 20] [15 13 80] ]
nod 2
cross points of two triangles
common points in triangles
cross points of two triangles
 [ [-19  -2  55] [ 7 -1 11] ]
 [ [-1 -5 20] [ 4  3 20] ]
common points in triangles
 [ [0 0 1] [0 0 1] ]
 [ [-3 -4 20] [15 13 80] ]
 [ [-1 -5 20] [0 0 1] ]
nx 2 ny 3
z.shape (5, 2)
common part
 [ [-19  -2  55] [ 7 -1 11] ]
 [ [-1 -5 20] [ 4  3 20] ]
 [ [0 0 1] [0 0 1] ]
 [ [-3 -4 20] [15 13 80] ]
 [ [-1 -5 20] [0 0 1] ]
number of vertices in common part 5
common part
 [ [-19  -2  55] [ 7 -1 11] ]
 [ [-1 -5 20] [ 4  3 20] ]
 [ [0 0 1] [0 0 1] ]
 [ [-3 -4 20] [15 13 80] ]
 [ [-1 -5 20] [0 0 1] ]
nod 3
cross points of two triangles
common points in triangles
cross points of two triangles
common points in triangles
cross points of two triangles
common points in triangles
cross points of two triangles
 [ [ 69750   2698 310805] [-1877  -397 62161] ]
 [ [ 6 -1  5] [0 0 1] ]
common points in triangles
 [ [1 0 5] [0 0 1] ]
 [ [ 73 -17  40] [-15   1  80] ]
nx 2 ny 2
z.shape (4, 2)
common part
 [ [ 69750   2698 310805] [-1877  -397 62161] ]
 [ [ 6 -1  5] [0 0 1] ]
 [ [1 0 5] [0 0 1] ]
 [ [ 73 -17  40] [-15   1  80] ]
number of vertices in common part 4
common part
 [ [ 69750   2698 310805] [-1877  -397 62161] ]
 [ [ 6 -1  5] [0 0 1] ]
 [ [1 0 5] [0 0 1] ]
 [ [ 73 -17  40] [-15   1  80] ]
nod 4
cross points of two triangles
 [ [ 70  -3 400] [ -7  -1 320] ]
 [ [ 10   3 400] [  7   1 320] ]
common points in triangles
 [ [1 0 5] [0 0 1] ]
 [ [0 0 1] [0 0 1] ]
nx 2 ny 2
z.shape (4, 2)
common part
 [ [ 70  -3 400] [ -7  -1 320] ]
 [ [ 10   3 400] [  7   1 320] ]
 [ [1 0 5] [0 0 1] ]
 [ [0 0 1] [0 0 1] ]
number of vertices in common part 4
common part
 [ [ 70  -3 400] [ -7  -1 320] ]
 [ [ 10   3 400] [  7   1 320] ]
 [ [1 0 5] [0 0 1] ]
 [ [0 0 1] [0 0 1] ]
nod 5
cross points of two triangles
 [ [4887  473 9710] [ 411  -24 1942] ]
 [ [ 3  1 20] [ 5  1 40] ]
common points in triangles
 [ [1 0 5] [0 0 1] ]
 [ [13  3 40] [25  1 80] ]
nx 2 ny 2
z.shape (4, 2)
common part
 [ [4887  473 9710] [ 411  -24 1942] ]
 [ [ 3  1 20] [ 5  1 40] ]
 [ [1 0 5] [0 0 1] ]
 [ [13  3 40] [25  1 80] ]
number of vertices in common part 4
common part
 [ [4887  473 9710] [ 411  -24 1942] ]
 [ [ 3  1 20] [ 5  1 40] ]
 [ [1 0 5] [0 0 1] ]
 [ [13  3 40] [25  1 80] ]
nod 6
cross points of two triangles
 [ [ 256841  -14295 1243220] [ -31720   -4159 1243220] ]
 [ [1029   53 5380] [-140  -31 5380] ]
common points in triangles
 [ [1 0 5] [0 0 1] ]
nx 2 ny 1
z.shape (3, 2)
common part
 [ [ 256841  -14295 1243220] [ -31720   -4159 1243220] ]
 [ [1029   53 5380] [-140  -31 5380] ]
 [ [1 0 5] [0 0 1] ]
number of vertices in common part 3
common part
 [ [ 256841  -14295 1243220] [ -31720   -4159 1243220] ]
 [ [1029   53 5380] [-140  -31 5380] ]
 [ [1 0 5] [0 0 1] ]
nod 7
cross points of two triangles
 [ [ 189  136 2690] [  265   491 10760] ]
 [ [ 1  0 10] [ 5 -1 40] ]
common points in triangles
 [ [1 0 5] [0 0 1] ]
nx 2 ny 1
z.shape (3, 2)
common part
 [ [ 189  136 2690] [  265   491 10760] ]
 [ [ 1  0 10] [ 5 -1 40] ]
 [ [1 0 5] [0 0 1] ]
number of vertices in common part 3
common part
 [ [ 189  136 2690] [  265   491 10760] ]
 [ [ 1  0 10] [ 5 -1 40] ]
 [ [1 0 5] [0 0 1] ]
nod 8
cross points of two triangles
 [ [1926  249 4855] [280  12 971] ]
 [ [ 6 -1  5] [0 0 1] ]
common points in triangles
 [ [1 0 5] [0 0 1] ]
nx 2 ny 1
z.shape (3, 2)
common part
 [ [1926  249 4855] [280  12 971] ]
 [ [ 6 -1  5] [0 0 1] ]
 [ [1 0 5] [0 0 1] ]
number of vertices in common part 3
common part
 [ [1926  249 4855] [280  12 971] ]
 [ [ 6 -1  5] [0 0 1] ]
 [ [1 0 5] [0 0 1] ]
nod 9
cross points of two triangles
 [ [ 1  0 10] [ -505   -91 38840] ]
 [ [ 1  0 10] [ 5 -1 40] ]
common points in triangles
 [ [0 0 1] [0 0 1] ]
 [ [1 0 5] [0 0 1] ]
nx 2 ny 2
z.shape (4, 2)
common part
 [ [ 1  0 10] [ -505   -91 38840] ]
 [ [ 1  0 10] [ 5 -1 40] ]
 [ [0 0 1] [0 0 1] ]
 [ [1 0 5] [0 0 1] ]
number of vertices in common part 4
common part
 [ [ 1  0 10] [ -505   -91 38840] ]
 [ [ 1  0 10] [ 5 -1 40] ]
 [ [0 0 1] [0 0 1] ]
 [ [1 0 5] [0 0 1] ]
nod 10
cross points of two triangles
 [ [126879  12831 459980] [-18000  -4641 459980] ]
 [ [1029   53 5380] [-140  -31 5380] ]
common points in triangles
 [ [1 0 5] [0 0 1] ]
nx 2 ny 1
z.shape (3, 2)
common part
 [ [126879  12831 459980] [-18000  -4641 459980] ]
 [ [1029   53 5380] [-140  -31 5380] ]
 [ [1 0 5] [0 0 1] ]
number of vertices in common part 3
common part
 [ [126879  12831 459980] [-18000  -4641 459980] ]
 [ [1029   53 5380] [-140  -31 5380] ]
 [ [1 0 5] [0 0 1] ]
nod 11
cross points of two triangles
 [ [ 113  219 4220] [-265  491 8440] ]
 [ [ 3  1 20] [ 5  1 40] ]
common points in triangles
 [ [1 0 5] [0 0 1] ]
nx 2 ny 1
z.shape (3, 2)
common part
 [ [ 113  219 4220] [-265  491 8440] ]
 [ [ 3  1 20] [ 5  1 40] ]
 [ [1 0 5] [0 0 1] ]
number of vertices in common part 3
common part
 [ [ 113  219 4220] [-265  491 8440] ]
 [ [ 3  1 20] [ 5  1 40] ]
 [ [1 0 5] [0 0 1] ]
nod 12
cross points of two triangles
 [ [ 5700  -383 24800] [ -557   -67 19840] ]
 [ [ 70  -3 400] [ -7  -1 320] ]
common points in triangles
 [ [1 0 5] [0 0 1] ]
nx 2 ny 1
z.shape (3, 2)
common part
 [ [ 5700  -383 24800] [ -557   -67 19840] ]
 [ [ 70  -3 400] [ -7  -1 320] ]
 [ [1 0 5] [0 0 1] ]
number of vertices in common part 3
common part
 [ [ 5700  -383 24800] [ -557   -67 19840] ]
 [ [ 70  -3 400] [ -7  -1 320] ]
 [ [1 0 5] [0 0 1] ]
nod 13
cross points of two triangles
common points in triangles
cross points of two triangles
 [ [-5783 -4007 19420] [-1335 -2346 19420] ]
 [ [-5 -1 10] [-1 -3 20] ]
 [ [ 2 -3 10] [ 3 -3  8] ]
 [ [ 1 -1 20] [-5 -1 40] ]
common points in triangles
 [ [0 0 1] [0 0 1] ]
nx 4 ny 1
z.shape (5, 2)
common part
 [ [-5783 -4007 19420] [-1335 -2346 19420] ]
 [ [-5 -1 10] [-1 -3 20] ]
 [ [ 2 -3 10] [ 3 -3  8] ]
 [ [ 1 -1 20] [-5 -1 40] ]
 [ [0 0 1] [0 0 1] ]
number of vertices in common part 5
common part
 [ [-5783 -4007 19420] [-1335 -2346 19420] ]
 [ [-5 -1 10] [-1 -3 20] ]
 [ [ 2 -3 10] [ 3 -3  8] ]
 [ [ 1 -1 20] [-5 -1 40] ]
 [ [0 0 1] [0 0 1] ]
nod 14
cross points of two triangles
common points in triangles
cross points of two triangles
common points in triangles
cross points of two triangles
common points in triangles
cross points of two triangles
common points in triangles
cross points of two triangles
 [ [-34883 -12831 459980] [-18000  -4641 459980] ]
 [ [  47  -53 5380] [-140  -31 5380] ]
common points in triangles
 [ [0 0 1] [0 0 1] ]
nx 2 ny 1
z.shape (3, 2)
common part
 [ [-34883 -12831 459980] [-18000  -4641 459980] ]
 [ [  47  -53 5380] [-140  -31 5380] ]
 [ [0 0 1] [0 0 1] ]
number of vertices in common part 3
common part
 [ [-34883 -12831 459980] [-18000  -4641 459980] ]
 [ [  47  -53 5380] [-140  -31 5380] ]
 [ [0 0 1] [0 0 1] ]
nod 15
cross points of two triangles
common points in triangles
cross points of two triangles
common points in triangles
cross points of two triangles
 [ [ 2 -3 10] [ 3 -3  8] ]
 [ [ 1 -1 20] [-5 -1 40] ]
common points in triangles
 [ [-6  1 20] [-15 -13  80] ]
nx 2 ny 1
z.shape (3, 2)
common part
 [ [ 2 -3 10] [ 3 -3  8] ]
 [ [ 1 -1 20] [-5 -1 40] ]
 [ [-6  1 20] [-15 -13  80] ]
number of vertices in common part 3
common part
 [ [ 2 -3 10] [ 3 -3  8] ]
 [ [ 1 -1 20] [-5 -1 40] ]
 [ [-6  1 20] [-15 -13  80] ]
nod 16
cross points of two triangles
common points in triangles
cross points of two triangles
 [ [  -8197   14295 1243220] [  31720    4159 1243220] ]
 [ [  47  -53 5380] [ 140   31 5380] ]
common points in triangles
 [ [0 0 1] [0 0 1] ]
nx 2 ny 1
z.shape (3, 2)
common part
 [ [  -8197   14295 1243220] [  31720    4159 1243220] ]
 [ [  47  -53 5380] [ 140   31 5380] ]
 [ [0 0 1] [0 0 1] ]
number of vertices in common part 3
common part
 [ [  -8197   14295 1243220] [  31720    4159 1243220] ]
 [ [  47  -53 5380] [ 140   31 5380] ]
 [ [0 0 1] [0 0 1] ]
nod 17
cross points of two triangles
common points in triangles
cross points of two triangles
common points in triangles
cross points of two triangles
 [ [ 146481   25087 1243220] [ 299165  178921 2486440] ]
 [ [ 731 -219 4220] [-265  491 8440] ]
 [ [-1358  1107  9710] [1767 1449 7768] ]
 [ [ 1 -1 20] [ 5  1 40] ]
common points in triangles
 [ [-6  1 20] [15 13 80] ]
nx 4 ny 1
z.shape (5, 2)
common part
 [ [ 146481   25087 1243220] [ 299165  178921 2486440] ]
 [ [ 731 -219 4220] [-265  491 8440] ]
 [ [-1358  1107  9710] [1767 1449 7768] ]
 [ [ 1 -1 20] [ 5  1 40] ]
 [ [-6  1 20] [15 13 80] ]
number of vertices in common part 5
common part
 [ [ 146481   25087 1243220] [ 299165  178921 2486440] ]
 [ [ 731 -219 4220] [-265  491 8440] ]
 [ [-1358  1107  9710] [1767 1449 7768] ]
 [ [ 1 -1 20] [ 5  1 40] ]
 [ [-6  1 20] [15 13 80] ]
nod 18
cross points of two triangles
common points in triangles
cross points of two triangles
 [ [ 731 -219 4220] [-265  491 8440] ]
 [ [ 1 -1 20] [ 5  1 40] ]
common points in triangles
 [ [0 0 1] [0 0 1] ]
nx 2 ny 1
z.shape (3, 2)
common part
 [ [ 731 -219 4220] [-265  491 8440] ]
 [ [ 1 -1 20] [ 5  1 40] ]
 [ [0 0 1] [0 0 1] ]
number of vertices in common part 3
common part
 [ [ 731 -219 4220] [-265  491 8440] ]
 [ [ 1 -1 20] [ 5  1 40] ]
 [ [0 0 1] [0 0 1] ]
nod 19
cross points of two triangles
common points in triangles
cross points of two triangles
 [ [ 1  0 10] [  815   713 13960] ]
 [ [-4081   699 19420] [ 573  732 3884] ]
common points in triangles
 [ [-16  11  20] [75 -7 80] ]
nx 2 ny 1
z.shape (3, 2)
common part
 [ [ 1  0 10] [  815   713 13960] ]
 [ [-4081   699 19420] [ 573  732 3884] ]
 [ [-16  11  20] [75 -7 80] ]
number of vertices in common part 3
common part
 [ [ 1  0 10] [  815   713 13960] ]
 [ [-4081   699 19420] [ 573  732 3884] ]
 [ [-16  11  20] [75 -7 80] ]
nod 20
cross points of two triangles
common points in triangles
cross points of two triangles
common points in triangles
cross points of two triangles
 [ [ 349 -136 2690] [ -265  -491 10760] ]
 [ [ 1  0 10] [-5  1 40] ]
common points in triangles
 [ [0 0 1] [0 0 1] ]
nx 2 ny 1
z.shape (3, 2)
common part
 [ [ 349 -136 2690] [ -265  -491 10760] ]
 [ [ 1  0 10] [-5  1 40] ]
 [ [0 0 1] [0 0 1] ]
number of vertices in common part 3
common part
 [ [ 349 -136 2690] [ -265  -491 10760] ]
 [ [ 1  0 10] [-5  1 40] ]
 [ [0 0 1] [0 0 1] ]
nod 21
cross points of two triangles
common points in triangles
cross points of two triangles
 [ [ 102163  -25087 1243220] [-299165 -178921 2486440] ]
 [ [-3  3 10] [-1  0  2] ]
 [ [ 113  219 4220] [ 265 -491 8440] ]
 [ [ 3  1 20] [-5 -1 40] ]
common points in triangles
 [ [-47  23  40] [-65  -1  80] ]
nx 4 ny 1
z.shape (5, 2)
common part
 [ [ 102163  -25087 1243220] [-299165 -178921 2486440] ]
 [ [-3  3 10] [-1  0  2] ]
 [ [ 113  219 4220] [ 265 -491 8440] ]
 [ [ 3  1 20] [-5 -1 40] ]
 [ [-47  23  40] [-65  -1  80] ]
number of vertices in common part 5
common part
 [ [ 102163  -25087 1243220] [-299165 -178921 2486440] ]
 [ [-3  3 10] [-1  0  2] ]
 [ [ 113  219 4220] [ 265 -491 8440] ]
 [ [ 3  1 20] [-5 -1 40] ]
 [ [-47  23  40] [-65  -1  80] ]
nod 22
cross points of two triangles
common points in triangles
cross points of two triangles
common points in triangles
cross points of two triangles
 [ [ -740   383 24800] [ -557   -67 19840] ]
 [ [ 10   3 400] [ -7  -1 320] ]
common points in triangles
 [ [0 0 1] [0 0 1] ]
nx 2 ny 1
z.shape (3, 2)
common part
 [ [ -740   383 24800] [ -557   -67 19840] ]
 [ [ 10   3 400] [ -7  -1 320] ]
 [ [0 0 1] [0 0 1] ]
number of vertices in common part 3
common part
 [ [ -740   383 24800] [ -557   -67 19840] ]
 [ [ 10   3 400] [ -7  -1 320] ]
 [ [0 0 1] [0 0 1] ]
nod 23
cross points of two triangles
 [ [-3  3 10] [-1  0  2] ]
 [ [ 3  1 20] [-5 -1 40] ]
common points in triangles
 [ [13  3 40] [-25  -1  80] ]
nx 2 ny 1
z.shape (3, 2)
common part
 [ [-3  3 10] [-1  0  2] ]
 [ [ 3  1 20] [-5 -1 40] ]
 [ [13  3 40] [-25  -1  80] ]
number of vertices in common part 3
common part
 [ [-3  3 10] [-1  0  2] ]
 [ [ 3  1 20] [-5 -1 40] ]
 [ [13  3 40] [-25  -1  80] ]
nod 24
cross points of two triangles
common points in triangles
cross points of two triangles
 [ [ 1  0 10] [-1585  -771  4360] ]
 [ [ 349 -136 2690] [ -265  -491 10760] ]
 [ [ 189  136 2690] [ -265  -491 10760] ]
 [ [ 1  0 10] [-5  1 40] ]
common points in triangles
nx 4 ny 0
z.shape (4, 2)
common part
 [ [ 1  0 10] [-1585  -771  4360] ]
 [ [ 349 -136 2690] [ -265  -491 10760] ]
 [ [ 189  136 2690] [ -265  -491 10760] ]
 [ [ 1  0 10] [-5  1 40] ]
number of vertices in common part 4
common part
 [ [ 1  0 10] [-1585  -771  4360] ]
 [ [ 349 -136 2690] [ -265  -491 10760] ]
 [ [ 189  136 2690] [ -265  -491 10760] ]
 [ [ 1  0 10] [-5  1 40] ]
nod 25
cross points of two triangles
common points in triangles
cross points of two triangles
 [ [-19  -2  55] [-7  1 11] ]
 [ [-1 -5 20] [-4 -3 20] ]
common points in triangles
 [ [0 0 1] [0 0 1] ]
 [ [-3 -4 20] [-15 -13  80] ]
 [ [-1 -5 20] [0 0 1] ]
nx 2 ny 3
z.shape (5, 2)
common part
 [ [-19  -2  55] [-7  1 11] ]
 [ [-1 -5 20] [-4 -3 20] ]
 [ [0 0 1] [0 0 1] ]
 [ [-3 -4 20] [-15 -13  80] ]
 [ [-1 -5 20] [0 0 1] ]
number of vertices in common part 5
common part
 [ [-19  -2  55] [-7  1 11] ]
 [ [-1 -5 20] [-4 -3 20] ]
 [ [0 0 1] [0 0 1] ]
 [ [-3 -4 20] [-15 -13  80] ]
 [ [-1 -5 20] [0 0 1] ]
nod 26
cross points of two triangles
common points in triangles
cross points of two triangles
common points in triangles
cross points of two triangles
common points in triangles
cross points of two triangles
common points in triangles
cross points of two triangles
 [ [ -7589  -2698 310805] [-1877  -397 62161] ]
 [ [-1 -5 20] [-240 -149 3884] ]
common points in triangles
 [ [0 0 1] [0 0 1] ]
 [ [-1 -5 20] [0 0 1] ]
nx 2 ny 2
z.shape (4, 2)
common part
 [ [ -7589  -2698 310805] [-1877  -397 62161] ]
 [ [-1 -5 20] [-240 -149 3884] ]
 [ [0 0 1] [0 0 1] ]
 [ [-1 -5 20] [0 0 1] ]
number of vertices in common part 4
common part
 [ [ -7589  -2698 310805] [-1877  -397 62161] ]
 [ [-1 -5 20] [-240 -149 3884] ]
 [ [0 0 1] [0 0 1] ]
 [ [-1 -5 20] [0 0 1] ]
nod 27
cross points of two triangles
common points in triangles
cross points of two triangles
common points in triangles
cross points of two triangles
 [ [-19  -2  55] [-7  1 11] ]
 [ [-2449 -1395  9710] [-176 -174  971] ]
common points in triangles
 [ [-3 -4 20] [-15 -13  80] ]
nx 2 ny 1
z.shape (3, 2)
common part
 [ [-19  -2  55] [-7  1 11] ]
 [ [-2449 -1395  9710] [-176 -174  971] ]
 [ [-3 -4 20] [-15 -13  80] ]
number of vertices in common part 3
common part
 [ [-19  -2  55] [-7  1 11] ]
 [ [-2449 -1395  9710] [-176 -174  971] ]
 [ [-3 -4 20] [-15 -13  80] ]
nod 28
cross points of two triangles
 [ [1926  249 4855] [-280  -12  971] ]
 [ [ 6 -1  5] [0 0 1] ]
common points in triangles
 [ [1 0 5] [0 0 1] ]
nx 2 ny 1
z.shape (3, 2)
common part
 [ [1926  249 4855] [-280  -12  971] ]
 [ [ 6 -1  5] [0 0 1] ]
 [ [1 0 5] [0 0 1] ]
number of vertices in common part 3
common part
 [ [1926  249 4855] [-280  -12  971] ]
 [ [ 6 -1  5] [0 0 1] ]
 [ [1 0 5] [0 0 1] ]
nod 29
cross points of two triangles
 [ [ 1  0 10] [  505    91 38840] ]
 [ [ 1  0 10] [-5  1 40] ]
common points in triangles
 [ [1 0 5] [0 0 1] ]
 [ [0 0 1] [0 0 1] ]
nx 2 ny 2
z.shape (4, 2)
common part
 [ [ 1  0 10] [  505    91 38840] ]
 [ [ 1  0 10] [-5  1 40] ]
 [ [1 0 5] [0 0 1] ]
 [ [0 0 1] [0 0 1] ]
number of vertices in common part 4
common part
 [ [ 1  0 10] [  505    91 38840] ]
 [ [ 1  0 10] [-5  1 40] ]
 [ [1 0 5] [0 0 1] ]
 [ [0 0 1] [0 0 1] ]
nod 30
cross points of two triangles
 [ [126879  12831 459980] [ 18000   4641 459980] ]
 [ [1029   53 5380] [ 140   31 5380] ]
common points in triangles
 [ [1 0 5] [0 0 1] ]
nx 2 ny 1
z.shape (3, 2)
common part
 [ [126879  12831 459980] [ 18000   4641 459980] ]
 [ [1029   53 5380] [ 140   31 5380] ]
 [ [1 0 5] [0 0 1] ]
number of vertices in common part 3
common part
 [ [126879  12831 459980] [ 18000   4641 459980] ]
 [ [1029   53 5380] [ 140   31 5380] ]
 [ [1 0 5] [0 0 1] ]
nod 31
cross points of two triangles
 [ [ 113  219 4220] [ 265 -491 8440] ]
 [ [ 3  1 20] [-5 -1 40] ]
common points in triangles
 [ [1 0 5] [0 0 1] ]
nx 2 ny 1
z.shape (3, 2)
common part
 [ [ 113  219 4220] [ 265 -491 8440] ]
 [ [ 3  1 20] [-5 -1 40] ]
 [ [1 0 5] [0 0 1] ]
number of vertices in common part 3
common part
 [ [ 113  219 4220] [ 265 -491 8440] ]
 [ [ 3  1 20] [-5 -1 40] ]
 [ [1 0 5] [0 0 1] ]
nod 32
cross points of two triangles
 [ [ 5700  -383 24800] [  557    67 19840] ]
 [ [ 70  -3 400] [  7   1 320] ]
common points in triangles
 [ [1 0 5] [0 0 1] ]
nx 2 ny 1
z.shape (3, 2)
common part
 [ [ 5700  -383 24800] [  557    67 19840] ]
 [ [ 70  -3 400] [  7   1 320] ]
 [ [1 0 5] [0 0 1] ]
number of vertices in common part 3
common part
 [ [ 5700  -383 24800] [  557    67 19840] ]
 [ [ 70  -3 400] [  7   1 320] ]
 [ [1 0 5] [0 0 1] ]
nod 33
cross points of two triangles
 [ [ 69750   2698 310805] [ 1877   397 62161] ]
 [ [ 6 -1  5] [0 0 1] ]
common points in triangles
 [ [ 73 -17  40] [15 -1 80] ]
 [ [1 0 5] [0 0 1] ]
nx 2 ny 2
z.shape (4, 2)
common part
 [ [ 69750   2698 310805] [ 1877   397 62161] ]
 [ [ 6 -1  5] [0 0 1] ]
 [ [ 73 -17  40] [15 -1 80] ]
 [ [1 0 5] [0 0 1] ]
number of vertices in common part 4
common part
 [ [ 69750   2698 310805] [ 1877   397 62161] ]
 [ [ 6 -1  5] [0 0 1] ]
 [ [ 73 -17  40] [15 -1 80] ]
 [ [1 0 5] [0 0 1] ]
nod 34
cross points of two triangles
 [ [ 70  -3 400] [  7   1 320] ]
 [ [ 10   3 400] [ -7  -1 320] ]
common points in triangles
 [ [1 0 5] [0 0 1] ]
 [ [0 0 1] [0 0 1] ]
nx 2 ny 2
z.shape (4, 2)
common part
 [ [ 70  -3 400] [  7   1 320] ]
 [ [ 10   3 400] [ -7  -1 320] ]
 [ [1 0 5] [0 0 1] ]
 [ [0 0 1] [0 0 1] ]
number of vertices in common part 4
common part
 [ [ 70  -3 400] [  7   1 320] ]
 [ [ 10   3 400] [ -7  -1 320] ]
 [ [1 0 5] [0 0 1] ]
 [ [0 0 1] [0 0 1] ]
nod 35
cross points of two triangles
 [ [ 3  1 20] [-5 -1 40] ]
 [ [4887  473 9710] [-411   24 1942] ]
common points in triangles
 [ [1 0 5] [0 0 1] ]
 [ [13  3 40] [-25  -1  80] ]
nx 2 ny 2
z.shape (4, 2)
common part
 [ [ 3  1 20] [-5 -1 40] ]
 [ [4887  473 9710] [-411   24 1942] ]
 [ [1 0 5] [0 0 1] ]
 [ [13  3 40] [-25  -1  80] ]
number of vertices in common part 4
common part
 [ [ 3  1 20] [-5 -1 40] ]
 [ [4887  473 9710] [-411   24 1942] ]
 [ [1 0 5] [0 0 1] ]
 [ [13  3 40] [-25  -1  80] ]
nod 36
cross points of two triangles
 [ [ 256841  -14295 1243220] [  31720    4159 1243220] ]
 [ [1029   53 5380] [ 140   31 5380] ]
common points in triangles
 [ [1 0 5] [0 0 1] ]
nx 2 ny 1
z.shape (3, 2)
common part
 [ [ 256841  -14295 1243220] [  31720    4159 1243220] ]
 [ [1029   53 5380] [ 140   31 5380] ]
 [ [1 0 5] [0 0 1] ]
number of vertices in common part 3
common part
 [ [ 256841  -14295 1243220] [  31720    4159 1243220] ]
 [ [1029   53 5380] [ 140   31 5380] ]
 [ [1 0 5] [0 0 1] ]
nod 37
cross points of two triangles
 [ [ 189  136 2690] [ -265  -491 10760] ]
 [ [ 1  0 10] [-5  1 40] ]
common points in triangles
 [ [1 0 5] [0 0 1] ]
nx 2 ny 1
z.shape (3, 2)
common part
 [ [ 189  136 2690] [ -265  -491 10760] ]
 [ [ 1  0 10] [-5  1 40] ]
 [ [1 0 5] [0 0 1] ]
number of vertices in common part 3
common part
 [ [ 189  136 2690] [ -265  -491 10760] ]
 [ [ 1  0 10] [-5  1 40] ]
 [ [1 0 5] [0 0 1] ]
nod 38
cross points of two triangles
common points in triangles
cross points of two triangles
 [ [-34883 -12831 459980] [ 18000   4641 459980] ]
 [ [  47  -53 5380] [ 140   31 5380] ]
common points in triangles
 [ [0 0 1] [0 0 1] ]
nx 2 ny 1
z.shape (3, 2)
common part
 [ [-34883 -12831 459980] [ 18000   4641 459980] ]
 [ [  47  -53 5380] [ 140   31 5380] ]
 [ [0 0 1] [0 0 1] ]
number of vertices in common part 3
common part
 [ [-34883 -12831 459980] [ 18000   4641 459980] ]
 [ [  47  -53 5380] [ 140   31 5380] ]
 [ [0 0 1] [0 0 1] ]
nod 39
cross points of two triangles
common points in triangles
cross points of two triangles
common points in triangles
cross points of two triangles
 [ [ 1 -1 20] [ 5  1 40] ]
 [ [ 2 -3 10] [-3  3  8] ]
common points in triangles
 [ [-6  1 20] [15 13 80] ]
nx 2 ny 1
z.shape (3, 2)
common part
 [ [ 1 -1 20] [ 5  1 40] ]
 [ [ 2 -3 10] [-3  3  8] ]
 [ [-6  1 20] [15 13 80] ]
number of vertices in common part 3
common part
 [ [ 1 -1 20] [ 5  1 40] ]
 [ [ 2 -3 10] [-3  3  8] ]
 [ [-6  1 20] [15 13 80] ]
nod 40
cross points of two triangles
common points in triangles
cross points of two triangles
 [ [-5783 -4007 19420] [ 1335  2346 19420] ]
 [ [ 1 -1 20] [ 5  1 40] ]
 [ [ 2 -3 10] [-3  3  8] ]
 [ [-5 -1 10] [ 1  3 20] ]
common points in triangles
 [ [0 0 1] [0 0 1] ]
nx 4 ny 1
z.shape (5, 2)
common part
 [ [-5783 -4007 19420] [ 1335  2346 19420] ]
 [ [ 1 -1 20] [ 5  1 40] ]
 [ [ 2 -3 10] [-3  3  8] ]
 [ [-5 -1 10] [ 1  3 20] ]
 [ [0 0 1] [0 0 1] ]
number of vertices in common part 5
common part
 [ [-5783 -4007 19420] [ 1335  2346 19420] ]
 [ [ 1 -1 20] [ 5  1 40] ]
 [ [ 2 -3 10] [-3  3  8] ]
 [ [-5 -1 10] [ 1  3 20] ]
 [ [0 0 1] [0 0 1] ]
nod 41
cross points of two triangles
common points in triangles
cross points of two triangles
common points in triangles
cross points of two triangles
common points in triangles
cross points of two triangles
common points in triangles
cross points of two triangles
 [ [ 731 -219 4220] [ 265 -491 8440] ]
 [ [ 1 -1 20] [-5 -1 40] ]
common points in triangles
 [ [0 0 1] [0 0 1] ]
nx 2 ny 1
z.shape (3, 2)
common part
 [ [ 731 -219 4220] [ 265 -491 8440] ]
 [ [ 1 -1 20] [-5 -1 40] ]
 [ [0 0 1] [0 0 1] ]
number of vertices in common part 3
common part
 [ [ 731 -219 4220] [ 265 -491 8440] ]
 [ [ 1 -1 20] [-5 -1 40] ]
 [ [0 0 1] [0 0 1] ]
nod 42
cross points of two triangles
common points in triangles
cross points of two triangles
 [ [ 1  0 10] [ -815  -713 13960] ]
 [ [-4081   699 19420] [-573 -732 3884] ]
common points in triangles
 [ [-16  11  20] [-75   7  80] ]
nx 2 ny 1
z.shape (3, 2)
common part
 [ [ 1  0 10] [ -815  -713 13960] ]
 [ [-4081   699 19420] [-573 -732 3884] ]
 [ [-16  11  20] [-75   7  80] ]
number of vertices in common part 3
common part
 [ [ 1  0 10] [ -815  -713 13960] ]
 [ [-4081   699 19420] [-573 -732 3884] ]
 [ [-16  11  20] [-75   7  80] ]
nod 43
cross points of two triangles
common points in triangles
cross points of two triangles
common points in triangles
cross points of two triangles
 [ [  -8197   14295 1243220] [ -31720   -4159 1243220] ]
 [ [  47  -53 5380] [-140  -31 5380] ]
common points in triangles
 [ [0 0 1] [0 0 1] ]
nx 2 ny 1
z.shape (3, 2)
common part
 [ [  -8197   14295 1243220] [ -31720   -4159 1243220] ]
 [ [  47  -53 5380] [-140  -31 5380] ]
 [ [0 0 1] [0 0 1] ]
number of vertices in common part 3
common part
 [ [  -8197   14295 1243220] [ -31720   -4159 1243220] ]
 [ [  47  -53 5380] [-140  -31 5380] ]
 [ [0 0 1] [0 0 1] ]
nod 44
cross points of two triangles
common points in triangles
cross points of two triangles
common points in triangles
cross points of two triangles
 [ [ 146481   25087 1243220] [-299165 -178921 2486440] ]
 [ [ 731 -219 4220] [ 265 -491 8440] ]
 [ [ 1 -1 20] [-5 -1 40] ]
 [ [-1358  1107  9710] [-1767 -1449  7768] ]
common points in triangles
 [ [-6  1 20] [-15 -13  80] ]
nx 4 ny 1
z.shape (5, 2)
common part
 [ [ 146481   25087 1243220] [-299165 -178921 2486440] ]
 [ [ 731 -219 4220] [ 265 -491 8440] ]
 [ [ 1 -1 20] [-5 -1 40] ]
 [ [-1358  1107  9710] [-1767 -1449  7768] ]
 [ [-6  1 20] [-15 -13  80] ]
number of vertices in common part 5
common part
 [ [ 146481   25087 1243220] [-299165 -178921 2486440] ]
 [ [ 731 -219 4220] [ 265 -491 8440] ]
 [ [ 1 -1 20] [-5 -1 40] ]
 [ [-1358  1107  9710] [-1767 -1449  7768] ]
 [ [-6  1 20] [-15 -13  80] ]
nod 45
cross points of two triangles
common points in triangles
cross points of two triangles
 [ [ -740   383 24800] [  557    67 19840] ]
 [ [ 10   3 400] [  7   1 320] ]
common points in triangles
 [ [0 0 1] [0 0 1] ]
nx 2 ny 1
z.shape (3, 2)
common part
 [ [ -740   383 24800] [  557    67 19840] ]
 [ [ 10   3 400] [  7   1 320] ]
 [ [0 0 1] [0 0 1] ]
number of vertices in common part 3
common part
 [ [ -740   383 24800] [  557    67 19840] ]
 [ [ 10   3 400] [  7   1 320] ]
 [ [0 0 1] [0 0 1] ]
nod 46
cross points of two triangles
 [ [ 3  1 20] [ 5  1 40] ]
 [ [-3  3 10] [1 0 2] ]
common points in triangles
 [ [13  3 40] [25  1 80] ]
nx 2 ny 1
z.shape (3, 2)
common part
 [ [ 3  1 20] [ 5  1 40] ]
 [ [-3  3 10] [1 0 2] ]
 [ [13  3 40] [25  1 80] ]
number of vertices in common part 3
common part
 [ [ 3  1 20] [ 5  1 40] ]
 [ [-3  3 10] [1 0 2] ]
 [ [13  3 40] [25  1 80] ]
nod 47
cross points of two triangles
common points in triangles
cross points of two triangles
 [ [ 1  0 10] [1585  771 4360] ]
 [ [ 349 -136 2690] [  265   491 10760] ]
 [ [ 189  136 2690] [  265   491 10760] ]
 [ [ 1  0 10] [ 5 -1 40] ]
common points in triangles
nx 4 ny 0
z.shape (4, 2)
common part
 [ [ 1  0 10] [1585  771 4360] ]
 [ [ 349 -136 2690] [  265   491 10760] ]
 [ [ 189  136 2690] [  265   491 10760] ]
 [ [ 1  0 10] [ 5 -1 40] ]
number of vertices in common part 4
common part
 [ [ 1  0 10] [1585  771 4360] ]
 [ [ 349 -136 2690] [  265   491 10760] ]
 [ [ 189  136 2690] [  265   491 10760] ]
 [ [ 1  0 10] [ 5 -1 40] ]
nod 48
cross points of two triangles
common points in triangles
cross points of two triangles
 [ [ 349 -136 2690] [  265   491 10760] ]
 [ [ 1  0 10] [ 5 -1 40] ]
common points in triangles
 [ [0 0 1] [0 0 1] ]
nx 2 ny 1
z.shape (3, 2)
common part
 [ [ 349 -136 2690] [  265   491 10760] ]
 [ [ 1  0 10] [ 5 -1 40] ]
 [ [0 0 1] [0 0 1] ]
number of vertices in common part 3
common part
 [ [ 349 -136 2690] [  265   491 10760] ]
 [ [ 1  0 10] [ 5 -1 40] ]
 [ [0 0 1] [0 0 1] ]
nod 49
cross points of two triangles
common points in triangles
cross points of two triangles
 [ [ 102163  -25087 1243220] [ 299165  178921 2486440] ]
 [ [ 113  219 4220] [-265  491 8440] ]
 [ [ 3  1 20] [ 5  1 40] ]
 [ [-3  3 10] [1 0 2] ]
common points in triangles
 [ [-47  23  40] [65  1 80] ]
nx 4 ny 1
z.shape (5, 2)
common part
 [ [ 102163  -25087 1243220] [ 299165  178921 2486440] ]
 [ [ 113  219 4220] [-265  491 8440] ]
 [ [ 3  1 20] [ 5  1 40] ]
 [ [-3  3 10] [1 0 2] ]
 [ [-47  23  40] [65  1 80] ]
number of vertices in common part 5
common part
 [ [ 102163  -25087 1243220] [ 299165  178921 2486440] ]
 [ [ 113  219 4220] [-265  491 8440] ]
 [ [ 3  1 20] [ 5  1 40] ]
 [ [-3  3 10] [1 0 2] ]
 [ [-47  23  40] [65  1 80] ]
nod 50
cross points of two triangles
common points in triangles
ntr 30
intsct.shape (30, 3, 2)
intsct[i]
 [ [-2449 -1395  9710] [176 174 971] ]
 [ [-19  -2  55] [ 7 -1 11] ]
 [ [-3 -4 20] [15 13 80] ]
intsct[i]
 [ [ 256841  -14295 1243220] [ -31720   -4159 1243220] ]
 [ [1029   53 5380] [-140  -31 5380] ]
 [ [1 0 5] [0 0 1] ]
intsct[i]
 [ [ 189  136 2690] [  265   491 10760] ]
 [ [ 1  0 10] [ 5 -1 40] ]
 [ [1 0 5] [0 0 1] ]
intsct[i]
 [ [1926  249 4855] [280  12 971] ]
 [ [ 6 -1  5] [0 0 1] ]
 [ [1 0 5] [0 0 1] ]
intsct[i]
 [ [126879  12831 459980] [-18000  -4641 459980] ]
 [ [1029   53 5380] [-140  -31 5380] ]
 [ [1 0 5] [0 0 1] ]
intsct[i]
 [ [ 113  219 4220] [-265  491 8440] ]
 [ [ 3  1 20] [ 5  1 40] ]
 [ [1 0 5] [0 0 1] ]
intsct[i]
 [ [ 5700  -383 24800] [ -557   -67 19840] ]
 [ [ 70  -3 400] [ -7  -1 320] ]
 [ [1 0 5] [0 0 1] ]
intsct[i]
 [ [-34883 -12831 459980] [-18000  -4641 459980] ]
 [ [  47  -53 5380] [-140  -31 5380] ]
 [ [0 0 1] [0 0 1] ]
intsct[i]
 [ [ 2 -3 10] [ 3 -3  8] ]
 [ [ 1 -1 20] [-5 -1 40] ]
 [ [-6  1 20] [-15 -13  80] ]
intsct[i]
 [ [  -8197   14295 1243220] [  31720    4159 1243220] ]
 [ [  47  -53 5380] [ 140   31 5380] ]
 [ [0 0 1] [0 0 1] ]
intsct[i]
 [ [ 731 -219 4220] [-265  491 8440] ]
 [ [ 1 -1 20] [ 5  1 40] ]
 [ [0 0 1] [0 0 1] ]
intsct[i]
 [ [ 1  0 10] [  815   713 13960] ]
 [ [-4081   699 19420] [ 573  732 3884] ]
 [ [-16  11  20] [75 -7 80] ]
intsct[i]
 [ [ 349 -136 2690] [ -265  -491 10760] ]
 [ [ 1  0 10] [-5  1 40] ]
 [ [0 0 1] [0 0 1] ]
intsct[i]
 [ [ -740   383 24800] [ -557   -67 19840] ]
 [ [ 10   3 400] [ -7  -1 320] ]
 [ [0 0 1] [0 0 1] ]
intsct[i]
 [ [-3  3 10] [-1  0  2] ]
 [ [ 3  1 20] [-5 -1 40] ]
 [ [13  3 40] [-25  -1  80] ]
intsct[i]
 [ [-19  -2  55] [-7  1 11] ]
 [ [-2449 -1395  9710] [-176 -174  971] ]
 [ [-3 -4 20] [-15 -13  80] ]
intsct[i]
 [ [1926  249 4855] [-280  -12  971] ]
 [ [ 6 -1  5] [0 0 1] ]
 [ [1 0 5] [0 0 1] ]
intsct[i]
 [ [126879  12831 459980] [ 18000   4641 459980] ]
 [ [1029   53 5380] [ 140   31 5380] ]
 [ [1 0 5] [0 0 1] ]
intsct[i]
 [ [ 113  219 4220] [ 265 -491 8440] ]
 [ [ 3  1 20] [-5 -1 40] ]
 [ [1 0 5] [0 0 1] ]
intsct[i]
 [ [ 5700  -383 24800] [  557    67 19840] ]
 [ [ 70  -3 400] [  7   1 320] ]
 [ [1 0 5] [0 0 1] ]
intsct[i]
 [ [ 256841  -14295 1243220] [  31720    4159 1243220] ]
 [ [1029   53 5380] [ 140   31 5380] ]
 [ [1 0 5] [0 0 1] ]
intsct[i]
 [ [ 189  136 2690] [ -265  -491 10760] ]
 [ [ 1  0 10] [-5  1 40] ]
 [ [1 0 5] [0 0 1] ]
intsct[i]
 [ [-34883 -12831 459980] [ 18000   4641 459980] ]
 [ [  47  -53 5380] [ 140   31 5380] ]
 [ [0 0 1] [0 0 1] ]
intsct[i]
 [ [ 1 -1 20] [ 5  1 40] ]
 [ [ 2 -3 10] [-3  3  8] ]
 [ [-6  1 20] [15 13 80] ]
intsct[i]
 [ [ 731 -219 4220] [ 265 -491 8440] ]
 [ [ 1 -1 20] [-5 -1 40] ]
 [ [0 0 1] [0 0 1] ]
intsct[i]
 [ [ 1  0 10] [ -815  -713 13960] ]
 [ [-4081   699 19420] [-573 -732 3884] ]
 [ [-16  11  20] [-75   7  80] ]
intsct[i]
 [ [  -8197   14295 1243220] [ -31720   -4159 1243220] ]
 [ [  47  -53 5380] [-140  -31 5380] ]
 [ [0 0 1] [0 0 1] ]
intsct[i]
 [ [ -740   383 24800] [  557    67 19840] ]
 [ [ 10   3 400] [  7   1 320] ]
 [ [0 0 1] [0 0 1] ]
intsct[i]
 [ [ 3  1 20] [ 5  1 40] ]
 [ [-3  3 10] [1 0 2] ]
 [ [13  3 40] [25  1 80] ]
intsct[i]
 [ [ 349 -136 2690] [  265   491 10760] ]
 [ [ 1  0 10] [ 5 -1 40] ]
 [ [0 0 1] [0 0 1] ]
