argument list ['occdom_tst.py', '5']
isys 5
qnsym_init isys 5 n 5 N 3
# 1
[  0  1  0  0  0]
[  0  0  1  0  0]
[  0  0  0  1  0]
[ -1  0  1  0  0]
[  0  0  0  0  1]
 
# 2
[  0  0  0  1  0]
[  0  0  1  0  0]
[  0  1  0  0  0]
[  1  0  0  0  0]
[  0  0  0  0  1]
 
# 3
[ -1  0  0  0  0]
[  0 -1  0  0  0]
[  0  0 -1  0  0]
[  0  0  0 -1  0]
[  0  0  0  0 -1]
 
mpltbl 1st block
  0  1  2  3  4  5  6  7  8  9 10 11
  1  2  3  4  5  6  7  8  9 10 11  0
  2  3  4  5  6  7  8  9 10 11  0  1
  3  4  5  6  7  8  9 10 11  0  1  2
  4  5  6  7  8  9 10 11  0  1  2  3
  5  6  7  8  9 10 11  0  1  2  3  4
  6  7  8  9 10 11  0  1  2  3  4  5
  7  8  9 10 11  0  1  2  3  4  5  6
  8  9 10 11  0  1  2  3  4  5  6  7
  9 10 11  0  1  2  3  4  5  6  7  8
 10 11  0  1  2  3  4  5  6  7  8  9
 11  0  1  2  3  4  5  6  7  8  9 10
mpltbl 2nd block
 12 13 14 15 16 17 18 19 20 21 22 23
 23 12 13 14 15 16 17 18 19 20 21 22
 22 23 12 13 14 15 16 17 18 19 20 21
 21 22 23 12 13 14 15 16 17 18 19 20
 20 21 22 23 12 13 14 15 16 17 18 19
 19 20 21 22 23 12 13 14 15 16 17 18
 18 19 20 21 22 23 12 13 14 15 16 17
 17 18 19 20 21 22 23 12 13 14 15 16
 16 17 18 19 20 21 22 23 12 13 14 15
 15 16 17 18 19 20 21 22 23 12 13 14
 14 15 16 17 18 19 20 21 22 23 12 13
 13 14 15 16 17 18 19 20 21 22 23 12
# 1
[  1  0  0  0  0]
[  0  1  0  0  0]
[  0  0  1  0  0]
[  0  0  0  1  0]
[  0  0  0  0  1]
 
# 2
[  0  1  0  0  0]
[  0  0  1  0  0]
[  0  0  0  1  0]
[ -1  0  1  0  0]
[  0  0  0  0  1]
 
# 3
[  0  0  1  0  0]
[  0  0  0  1  0]
[ -1  0  1  0  0]
[  0 -1  0  1  0]
[  0  0  0  0  1]
 
# 4
[  0  0  0  1  0]
[ -1  0  1  0  0]
[  0 -1  0  1  0]
[ -1  0  0  0  0]
[  0  0  0  0  1]
 
# 5
[ -1  0  1  0  0]
[  0 -1  0  1  0]
[ -1  0  0  0  0]
[  0 -1  0  0  0]
[  0  0  0  0  1]
 
# 6
[  0 -1  0  1  0]
[ -1  0  0  0  0]
[  0 -1  0  0  0]
[  0  0 -1  0  0]
[  0  0  0  0  1]
 
# 7
[ -1  0  0  0  0]
[  0 -1  0  0  0]
[  0  0 -1  0  0]
[  0  0  0 -1  0]
[  0  0  0  0  1]
 
# 8
[  0 -1  0  0  0]
[  0  0 -1  0  0]
[  0  0  0 -1  0]
[  1  0 -1  0  0]
[  0  0  0  0  1]
 
# 9
[  0  0 -1  0  0]
[  0  0  0 -1  0]
[  1  0 -1  0  0]
[  0  1  0 -1  0]
[  0  0  0  0  1]
 
# 10
[  0  0  0 -1  0]
[  1  0 -1  0  0]
[  0  1  0 -1  0]
[  1  0  0  0  0]
[  0  0  0  0  1]
 
# 11
[  1  0 -1  0  0]
[  0  1  0 -1  0]
[  1  0  0  0  0]
[  0  1  0  0  0]
[  0  0  0  0  1]
 
# 12
[  0  1  0 -1  0]
[  1  0  0  0  0]
[  0  1  0  0  0]
[  0  0  1  0  0]
[  0  0  0  0  1]
 
# 13
[  0  0  0  1  0]
[  0  0  1  0  0]
[  0  1  0  0  0]
[  1  0  0  0  0]
[  0  0  0  0  1]
 
# 14
[ -1  0  1  0  0]
[  0  0  0  1  0]
[  0  0  1  0  0]
[  0  1  0  0  0]
[  0  0  0  0  1]
 
# 15
[  0 -1  0  1  0]
[ -1  0  1  0  0]
[  0  0  0  1  0]
[  0  0  1  0  0]
[  0  0  0  0  1]
 
# 16
[ -1  0  0  0  0]
[  0 -1  0  1  0]
[ -1  0  1  0  0]
[  0  0  0  1  0]
[  0  0  0  0  1]
 
# 17
[  0 -1  0  0  0]
[ -1  0  0  0  0]
[  0 -1  0  1  0]
[ -1  0  1  0  0]
[  0  0  0  0  1]
 
# 18
[  0  0 -1  0  0]
[  0 -1  0  0  0]
[ -1  0  0  0  0]
[  0 -1  0  1  0]
[  0  0  0  0  1]
 
# 19
[  0  0  0 -1  0]
[  0  0 -1  0  0]
[  0 -1  0  0  0]
[ -1  0  0  0  0]
[  0  0  0  0  1]
 
# 20
[  1  0 -1  0  0]
[  0  0  0 -1  0]
[  0  0 -1  0  0]
[  0 -1  0  0  0]
[  0  0  0  0  1]
 
# 21
[  0  1  0 -1  0]
[  1  0 -1  0  0]
[  0  0  0 -1  0]
[  0  0 -1  0  0]
[  0  0  0  0  1]
 
# 22
[  1  0  0  0  0]
[  0  1  0 -1  0]
[  1  0 -1  0  0]
[  0  0  0 -1  0]
[  0  0  0  0  1]
 
# 23
[  0  1  0  0  0]
[  1  0  0  0  0]
[  0  1  0 -1  0]
[  1  0 -1  0  0]
[  0  0  0  0  1]
 
# 24
[  0  0  1  0  0]
[  0  1  0  0  0]
[  1  0  0  0  0]
[  0  1  0 -1  0]
[  0  0  0  0  1]
 
nr 24
r_qn
r_qn[0]
[ [1 0 1] [0 0 1] [0 0 1] [0 0 1] [0 0 1] ]
[ [0 0 1] [1 0 1] [0 0 1] [0 0 1] [0 0 1] ]
[ [0 0 1] [0 0 1] [1 0 1] [0 0 1] [0 0 1] ]
[ [0 0 1] [0 0 1] [0 0 1] [1 0 1] [0 0 1] ]
[ [0 0 1] [0 0 1] [0 0 1] [0 0 1] [1 0 1] ]

r_qn[1]
[ [0 1 2] [1 0 2] [0 0 1] [0 0 1] [0 0 1] ]
[ [-1  0  2] [0 1 2] [0 0 1] [0 0 1] [0 0 1] ]
[ [0 0 1] [0 0 1] [ 0 -1  2] [1 0 2] [0 0 1] ]
[ [0 0 1] [0 0 1] [-1  0  2] [ 0 -1  2] [0 0 1] ]
[ [0 0 1] [0 0 1] [0 0 1] [0 0 1] [1 0 1] ]

r_qn[2]
[ [1 0 2] [0 1 2] [0 0 1] [0 0 1] [0 0 1] ]
[ [ 0 -1  2] [1 0 2] [0 0 1] [0 0 1] [0 0 1] ]
[ [0 0 1] [0 0 1] [1 0 2] [ 0 -1  2] [0 0 1] ]
[ [0 0 1] [0 0 1] [0 1 2] [1 0 2] [0 0 1] ]
[ [0 0 1] [0 0 1] [0 0 1] [0 0 1] [1 0 1] ]

r_qn[3]
[ [0 0 1] [1 0 1] [0 0 1] [0 0 1] [0 0 1] ]
[ [-1  0  1] [0 0 1] [0 0 1] [0 0 1] [0 0 1] ]
[ [0 0 1] [0 0 1] [0 0 1] [1 0 1] [0 0 1] ]
[ [0 0 1] [0 0 1] [-1  0  1] [0 0 1] [0 0 1] ]
[ [0 0 1] [0 0 1] [0 0 1] [0 0 1] [1 0 1] ]

r_qn[4]
[ [-1  0  2] [0 1 2] [0 0 1] [0 0 1] [0 0 1] ]
[ [ 0 -1  2] [-1  0  2] [0 0 1] [0 0 1] [0 0 1] ]
[ [0 0 1] [0 0 1] [-1  0  2] [ 0 -1  2] [0 0 1] ]
[ [0 0 1] [0 0 1] [0 1 2] [-1  0  2] [0 0 1] ]
[ [0 0 1] [0 0 1] [0 0 1] [0 0 1] [1 0 1] ]

r_qn[5]
[ [ 0 -1  2] [1 0 2] [0 0 1] [0 0 1] [0 0 1] ]
[ [-1  0  2] [ 0 -1  2] [0 0 1] [0 0 1] [0 0 1] ]
[ [0 0 1] [0 0 1] [0 1 2] [1 0 2] [0 0 1] ]
[ [0 0 1] [0 0 1] [-1  0  2] [0 1 2] [0 0 1] ]
[ [0 0 1] [0 0 1] [0 0 1] [0 0 1] [1 0 1] ]

r_qn[6]
[ [-1  0  1] [0 0 1] [0 0 1] [0 0 1] [0 0 1] ]
[ [0 0 1] [-1  0  1] [0 0 1] [0 0 1] [0 0 1] ]
[ [0 0 1] [0 0 1] [-1  0  1] [0 0 1] [0 0 1] ]
[ [0 0 1] [0 0 1] [0 0 1] [-1  0  1] [0 0 1] ]
[ [0 0 1] [0 0 1] [0 0 1] [0 0 1] [1 0 1] ]

r_qn[7]
[ [ 0 -1  2] [-1  0  2] [0 0 1] [0 0 1] [0 0 1] ]
[ [1 0 2] [ 0 -1  2] [0 0 1] [0 0 1] [0 0 1] ]
[ [0 0 1] [0 0 1] [0 1 2] [-1  0  2] [0 0 1] ]
[ [0 0 1] [0 0 1] [1 0 2] [0 1 2] [0 0 1] ]
[ [0 0 1] [0 0 1] [0 0 1] [0 0 1] [1 0 1] ]

r_qn[8]
[ [-1  0  2] [ 0 -1  2] [0 0 1] [0 0 1] [0 0 1] ]
[ [0 1 2] [-1  0  2] [0 0 1] [0 0 1] [0 0 1] ]
[ [0 0 1] [0 0 1] [-1  0  2] [0 1 2] [0 0 1] ]
[ [0 0 1] [0 0 1] [ 0 -1  2] [-1  0  2] [0 0 1] ]
[ [0 0 1] [0 0 1] [0 0 1] [0 0 1] [1 0 1] ]

r_qn[9]
[ [0 0 1] [-1  0  1] [0 0 1] [0 0 1] [0 0 1] ]
[ [1 0 1] [0 0 1] [0 0 1] [0 0 1] [0 0 1] ]
[ [0 0 1] [0 0 1] [0 0 1] [-1  0  1] [0 0 1] ]
[ [0 0 1] [0 0 1] [1 0 1] [0 0 1] [0 0 1] ]
[ [0 0 1] [0 0 1] [0 0 1] [0 0 1] [1 0 1] ]

r_qn[10]
[ [1 0 2] [ 0 -1  2] [0 0 1] [0 0 1] [0 0 1] ]
[ [0 1 2] [1 0 2] [0 0 1] [0 0 1] [0 0 1] ]
[ [0 0 1] [0 0 1] [1 0 2] [0 1 2] [0 0 1] ]
[ [0 0 1] [0 0 1] [ 0 -1  2] [1 0 2] [0 0 1] ]
[ [0 0 1] [0 0 1] [0 0 1] [0 0 1] [1 0 1] ]

r_qn[11]
[ [0 1 2] [-1  0  2] [0 0 1] [0 0 1] [0 0 1] ]
[ [1 0 2] [0 1 2] [0 0 1] [0 0 1] [0 0 1] ]
[ [0 0 1] [0 0 1] [ 0 -1  2] [-1  0  2] [0 0 1] ]
[ [0 0 1] [0 0 1] [1 0 2] [ 0 -1  2] [0 0 1] ]
[ [0 0 1] [0 0 1] [0 0 1] [0 0 1] [1 0 1] ]

r_qn[12]
[ [0 0 1] [1 0 1] [0 0 1] [0 0 1] [0 0 1] ]
[ [1 0 1] [0 0 1] [0 0 1] [0 0 1] [0 0 1] ]
[ [0 0 1] [0 0 1] [0 0 1] [1 0 1] [0 0 1] ]
[ [0 0 1] [0 0 1] [1 0 1] [0 0 1] [0 0 1] ]
[ [0 0 1] [0 0 1] [0 0 1] [0 0 1] [1 0 1] ]

r_qn[13]
[ [-1  0  2] [0 1 2] [0 0 1] [0 0 1] [0 0 1] ]
[ [0 1 2] [1 0 2] [0 0 1] [0 0 1] [0 0 1] ]
[ [0 0 1] [0 0 1] [-1  0  2] [ 0 -1  2] [0 0 1] ]
[ [0 0 1] [0 0 1] [ 0 -1  2] [1 0 2] [0 0 1] ]
[ [0 0 1] [0 0 1] [0 0 1] [0 0 1] [1 0 1] ]

r_qn[14]
[ [ 0 -1  2] [1 0 2] [0 0 1] [0 0 1] [0 0 1] ]
[ [1 0 2] [0 1 2] [0 0 1] [0 0 1] [0 0 1] ]
[ [0 0 1] [0 0 1] [0 1 2] [1 0 2] [0 0 1] ]
[ [0 0 1] [0 0 1] [1 0 2] [ 0 -1  2] [0 0 1] ]
[ [0 0 1] [0 0 1] [0 0 1] [0 0 1] [1 0 1] ]

r_qn[15]
[ [-1  0  1] [0 0 1] [0 0 1] [0 0 1] [0 0 1] ]
[ [0 0 1] [1 0 1] [0 0 1] [0 0 1] [0 0 1] ]
[ [0 0 1] [0 0 1] [-1  0  1] [0 0 1] [0 0 1] ]
[ [0 0 1] [0 0 1] [0 0 1] [1 0 1] [0 0 1] ]
[ [0 0 1] [0 0 1] [0 0 1] [0 0 1] [1 0 1] ]

r_qn[16]
[ [ 0 -1  2] [-1  0  2] [0 0 1] [0 0 1] [0 0 1] ]
[ [-1  0  2] [0 1 2] [0 0 1] [0 0 1] [0 0 1] ]
[ [0 0 1] [0 0 1] [0 1 2] [-1  0  2] [0 0 1] ]
[ [0 0 1] [0 0 1] [-1  0  2] [ 0 -1  2] [0 0 1] ]
[ [0 0 1] [0 0 1] [0 0 1] [0 0 1] [1 0 1] ]

r_qn[17]
[ [-1  0  2] [ 0 -1  2] [0 0 1] [0 0 1] [0 0 1] ]
[ [ 0 -1  2] [1 0 2] [0 0 1] [0 0 1] [0 0 1] ]
[ [0 0 1] [0 0 1] [-1  0  2] [0 1 2] [0 0 1] ]
[ [0 0 1] [0 0 1] [0 1 2] [1 0 2] [0 0 1] ]
[ [0 0 1] [0 0 1] [0 0 1] [0 0 1] [1 0 1] ]

r_qn[18]
[ [0 0 1] [-1  0  1] [0 0 1] [0 0 1] [0 0 1] ]
[ [-1  0  1] [0 0 1] [0 0 1] [0 0 1] [0 0 1] ]
[ [0 0 1] [0 0 1] [0 0 1] [-1  0  1] [0 0 1] ]
[ [0 0 1] [0 0 1] [-1  0  1] [0 0 1] [0 0 1] ]
[ [0 0 1] [0 0 1] [0 0 1] [0 0 1] [1 0 1] ]

r_qn[19]
[ [1 0 2] [ 0 -1  2] [0 0 1] [0 0 1] [0 0 1] ]
[ [ 0 -1  2] [-1  0  2] [0 0 1] [0 0 1] [0 0 1] ]
[ [0 0 1] [0 0 1] [1 0 2] [0 1 2] [0 0 1] ]
[ [0 0 1] [0 0 1] [0 1 2] [-1  0  2] [0 0 1] ]
[ [0 0 1] [0 0 1] [0 0 1] [0 0 1] [1 0 1] ]

r_qn[20]
[ [0 1 2] [-1  0  2] [0 0 1] [0 0 1] [0 0 1] ]
[ [-1  0  2] [ 0 -1  2] [0 0 1] [0 0 1] [0 0 1] ]
[ [0 0 1] [0 0 1] [ 0 -1  2] [-1  0  2] [0 0 1] ]
[ [0 0 1] [0 0 1] [-1  0  2] [0 1 2] [0 0 1] ]
[ [0 0 1] [0 0 1] [0 0 1] [0 0 1] [1 0 1] ]

r_qn[21]
[ [1 0 1] [0 0 1] [0 0 1] [0 0 1] [0 0 1] ]
[ [0 0 1] [-1  0  1] [0 0 1] [0 0 1] [0 0 1] ]
[ [0 0 1] [0 0 1] [1 0 1] [0 0 1] [0 0 1] ]
[ [0 0 1] [0 0 1] [0 0 1] [-1  0  1] [0 0 1] ]
[ [0 0 1] [0 0 1] [0 0 1] [0 0 1] [1 0 1] ]

r_qn[22]
[ [0 1 2] [1 0 2] [0 0 1] [0 0 1] [0 0 1] ]
[ [1 0 2] [ 0 -1  2] [0 0 1] [0 0 1] [0 0 1] ]
[ [0 0 1] [0 0 1] [ 0 -1  2] [1 0 2] [0 0 1] ]
[ [0 0 1] [0 0 1] [1 0 2] [0 1 2] [0 0 1] ]
[ [0 0 1] [0 0 1] [0 0 1] [0 0 1] [1 0 1] ]

r_qn[23]
[ [1 0 2] [0 1 2] [0 0 1] [0 0 1] [0 0 1] ]
[ [0 1 2] [-1  0  2] [0 0 1] [0 0 1] [0 0 1] ]
[ [0 0 1] [0 0 1] [1 0 2] [ 0 -1  2] [0 0 1] ]
[ [0 0 1] [0 0 1] [ 0 -1  2] [-1  0  2] [0 0 1] ]
[ [0 0 1] [0 0 1] [0 0 1] [0 0 1] [1 0 1] ]

nr 24
r_qn_e
r_qn_e[0]
[ [1 0 1] [0 0 1] ]
[ [0 0 1] [1 0 1] ]

r_qn_e[1]
[ [0 1 2] [1 0 2] ]
[ [-1  0  2] [0 1 2] ]

r_qn_e[2]
[ [1 0 2] [0 1 2] ]
[ [ 0 -1  2] [1 0 2] ]

r_qn_e[3]
[ [0 0 1] [1 0 1] ]
[ [-1  0  1] [0 0 1] ]

r_qn_e[4]
[ [-1  0  2] [0 1 2] ]
[ [ 0 -1  2] [-1  0  2] ]

r_qn_e[5]
[ [ 0 -1  2] [1 0 2] ]
[ [-1  0  2] [ 0 -1  2] ]

r_qn_e[6]
[ [-1  0  1] [0 0 1] ]
[ [0 0 1] [-1  0  1] ]

r_qn_e[7]
[ [ 0 -1  2] [-1  0  2] ]
[ [1 0 2] [ 0 -1  2] ]

r_qn_e[8]
[ [-1  0  2] [ 0 -1  2] ]
[ [0 1 2] [-1  0  2] ]

r_qn_e[9]
[ [0 0 1] [-1  0  1] ]
[ [1 0 1] [0 0 1] ]

r_qn_e[10]
[ [1 0 2] [ 0 -1  2] ]
[ [0 1 2] [1 0 2] ]

r_qn_e[11]
[ [0 1 2] [-1  0  2] ]
[ [1 0 2] [0 1 2] ]

r_qn_e[12]
[ [0 0 1] [1 0 1] ]
[ [1 0 1] [0 0 1] ]

r_qn_e[13]
[ [-1  0  2] [0 1 2] ]
[ [0 1 2] [1 0 2] ]

r_qn_e[14]
[ [ 0 -1  2] [1 0 2] ]
[ [1 0 2] [0 1 2] ]

r_qn_e[15]
[ [-1  0  1] [0 0 1] ]
[ [0 0 1] [1 0 1] ]

r_qn_e[16]
[ [ 0 -1  2] [-1  0  2] ]
[ [-1  0  2] [0 1 2] ]

r_qn_e[17]
[ [-1  0  2] [ 0 -1  2] ]
[ [ 0 -1  2] [1 0 2] ]

r_qn_e[18]
[ [0 0 1] [-1  0  1] ]
[ [-1  0  1] [0 0 1] ]

r_qn_e[19]
[ [1 0 2] [ 0 -1  2] ]
[ [ 0 -1  2] [-1  0  2] ]

r_qn_e[20]
[ [0 1 2] [-1  0  2] ]
[ [-1  0  2] [ 0 -1  2] ]

r_qn_e[21]
[ [1 0 1] [0 0 1] ]
[ [0 0 1] [-1  0  1] ]

r_qn_e[22]
[ [0 1 2] [1 0 2] ]
[ [1 0 2] [ 0 -1  2] ]

r_qn_e[23]
[ [1 0 2] [0 1 2] ]
[ [0 1 2] [-1  0  2] ]

type(od_asym) <class 'qnndarray.QnNdarray'> od_saym.shape (1, 3, 2) ndim 3
od_asym[i][j] [ [0 0 1] [0 0 1] ]
od_asym[i][j] [ [ 0 -1  2] [1 0 2] ]
od_asym[i][j] [ [-3 -2  6] [0 1 6] ]
pos0 [ [0 0 1] [0 0 1] [0 0 1] [0 0 1] [0 0 1] ]
type(xs) <class 'numpy.ndarray'> type(xs[0]) <class 'numpy.ndarray'>
nv,n in reduce_x 24 5
xs.shape (24, 5)
xs [ [0 0 1] [0 0 1] [0 0 1] [0 0 1] [0 0 1] ]
xs [ [0 0 1] [0 0 1] [0 0 1] [0 0 1] [0 0 1] ]
xs [ [0 0 1] [0 0 1] [0 0 1] [0 0 1] [0 0 1] ]
xs [ [0 0 1] [0 0 1] [0 0 1] [0 0 1] [0 0 1] ]
xs [ [0 0 1] [0 0 1] [0 0 1] [0 0 1] [0 0 1] ]
xs [ [0 0 1] [0 0 1] [0 0 1] [0 0 1] [0 0 1] ]
xs [ [0 0 1] [0 0 1] [0 0 1] [0 0 1] [0 0 1] ]
xs [ [0 0 1] [0 0 1] [0 0 1] [0 0 1] [0 0 1] ]
xs [ [0 0 1] [0 0 1] [0 0 1] [0 0 1] [0 0 1] ]
xs [ [0 0 1] [0 0 1] [0 0 1] [0 0 1] [0 0 1] ]
xs [ [0 0 1] [0 0 1] [0 0 1] [0 0 1] [0 0 1] ]
xs [ [0 0 1] [0 0 1] [0 0 1] [0 0 1] [0 0 1] ]
xs [ [0 0 1] [0 0 1] [0 0 1] [0 0 1] [0 0 1] ]
xs [ [0 0 1] [0 0 1] [0 0 1] [0 0 1] [0 0 1] ]
xs [ [0 0 1] [0 0 1] [0 0 1] [0 0 1] [0 0 1] ]
xs [ [0 0 1] [0 0 1] [0 0 1] [0 0 1] [0 0 1] ]
xs [ [0 0 1] [0 0 1] [0 0 1] [0 0 1] [0 0 1] ]
xs [ [0 0 1] [0 0 1] [0 0 1] [0 0 1] [0 0 1] ]
xs [ [0 0 1] [0 0 1] [0 0 1] [0 0 1] [0 0 1] ]
xs [ [0 0 1] [0 0 1] [0 0 1] [0 0 1] [0 0 1] ]
xs [ [0 0 1] [0 0 1] [0 0 1] [0 0 1] [0 0 1] ]
xs [ [0 0 1] [0 0 1] [0 0 1] [0 0 1] [0 0 1] ]
xs [ [0 0 1] [0 0 1] [0 0 1] [0 0 1] [0 0 1] ]
xs [ [0 0 1] [0 0 1] [0 0 1] [0 0 1] [0 0 1] ]
pos0 [ [0 0 1] [0 0 1] [0 0 1] [0 0 1] [0 0 1] ]
sp0 (1, 3, 2)
shape in symmetric (24, 3, 2)
0-th triangle 0-th vertex  [ [0 0 1] [0 0 1] ]
0-th triangle 1-th vertex  [ [ 0 -1  2] [1 0 2] ]
0-th triangle 2-th vertex  [ [-3 -2  6] [0 1 6] ]
1-th triangle 0-th vertex  [ [0 0 1] [0 0 1] ]
1-th triangle 1-th vertex  [ [1 0 1] [0 0 1] ]
1-th triangle 2-th vertex  [ [3 2 6] [0 1 6] ]
2-th triangle 0-th vertex  [ [0 0 1] [0 0 1] ]
2-th triangle 1-th vertex  [ [ 0 -1  2] [-1  0  2] ]
2-th triangle 2-th vertex  [ [-3 -1  6] [-3 -1  6] ]
3-th triangle 0-th vertex  [ [0 0 1] [0 0 1] ]
3-th triangle 1-th vertex  [ [1 0 2] [0 1 2] ]
3-th triangle 2-th vertex  [ [0 1 6] [3 2 6] ]
4-th triangle 0-th vertex  [ [0 0 1] [0 0 1] ]
4-th triangle 1-th vertex  [ [0 0 1] [-1  0  1] ]
4-th triangle 2-th vertex  [ [0 1 6] [-3 -2  6] ]
5-th triangle 0-th vertex  [ [0 0 1] [0 0 1] ]
5-th triangle 1-th vertex  [ [-1  0  2] [0 1 2] ]
5-th triangle 2-th vertex  [ [-3 -1  6] [3 1 6] ]
6-th triangle 0-th vertex  [ [0 0 1] [0 0 1] ]
6-th triangle 1-th vertex  [ [0 1 2] [-1  0  2] ]
6-th triangle 2-th vertex  [ [3 2 6] [ 0 -1  6] ]
7-th triangle 0-th vertex  [ [0 0 1] [0 0 1] ]
7-th triangle 1-th vertex  [ [-1  0  1] [0 0 1] ]
7-th triangle 2-th vertex  [ [-3 -2  6] [ 0 -1  6] ]
8-th triangle 0-th vertex  [ [0 0 1] [0 0 1] ]
8-th triangle 1-th vertex  [ [0 1 2] [1 0 2] ]
8-th triangle 2-th vertex  [ [3 1 6] [3 1 6] ]
9-th triangle 0-th vertex  [ [0 0 1] [0 0 1] ]
9-th triangle 1-th vertex  [ [-1  0  2] [ 0 -1  2] ]
9-th triangle 2-th vertex  [ [ 0 -1  6] [-3 -2  6] ]
10-th triangle 0-th vertex  [ [0 0 1] [0 0 1] ]
10-th triangle 1-th vertex  [ [0 0 1] [1 0 1] ]
10-th triangle 2-th vertex  [ [ 0 -1  6] [3 2 6] ]
11-th triangle 0-th vertex  [ [0 0 1] [0 0 1] ]
11-th triangle 1-th vertex  [ [1 0 2] [ 0 -1  2] ]
11-th triangle 2-th vertex  [ [3 1 6] [-3 -1  6] ]
12-th triangle 0-th vertex  [ [0 0 1] [0 0 1] ]
12-th triangle 1-th vertex  [ [1 0 2] [ 0 -1  2] ]
12-th triangle 2-th vertex  [ [0 1 6] [-3 -2  6] ]
13-th triangle 0-th vertex  [ [0 0 1] [0 0 1] ]
13-th triangle 1-th vertex  [ [0 0 1] [1 0 1] ]
13-th triangle 2-th vertex  [ [0 1 6] [3 2 6] ]
14-th triangle 0-th vertex  [ [0 0 1] [0 0 1] ]
14-th triangle 1-th vertex  [ [-1  0  2] [ 0 -1  2] ]
14-th triangle 2-th vertex  [ [-3 -1  6] [-3 -1  6] ]
15-th triangle 0-th vertex  [ [0 0 1] [0 0 1] ]
15-th triangle 1-th vertex  [ [0 1 2] [1 0 2] ]
15-th triangle 2-th vertex  [ [3 2 6] [0 1 6] ]
16-th triangle 0-th vertex  [ [0 0 1] [0 0 1] ]
16-th triangle 1-th vertex  [ [-1  0  1] [0 0 1] ]
16-th triangle 2-th vertex  [ [-3 -2  6] [0 1 6] ]
17-th triangle 0-th vertex  [ [0 0 1] [0 0 1] ]
17-th triangle 1-th vertex  [ [0 1 2] [-1  0  2] ]
17-th triangle 2-th vertex  [ [3 1 6] [-3 -1  6] ]
18-th triangle 0-th vertex  [ [0 0 1] [0 0 1] ]
18-th triangle 1-th vertex  [ [-1  0  2] [0 1 2] ]
18-th triangle 2-th vertex  [ [ 0 -1  6] [3 2 6] ]
19-th triangle 0-th vertex  [ [0 0 1] [0 0 1] ]
19-th triangle 1-th vertex  [ [0 0 1] [-1  0  1] ]
19-th triangle 2-th vertex  [ [ 0 -1  6] [-3 -2  6] ]
20-th triangle 0-th vertex  [ [0 0 1] [0 0 1] ]
20-th triangle 1-th vertex  [ [1 0 2] [0 1 2] ]
20-th triangle 2-th vertex  [ [3 1 6] [3 1 6] ]
21-th triangle 0-th vertex  [ [0 0 1] [0 0 1] ]
21-th triangle 1-th vertex  [ [ 0 -1  2] [-1  0  2] ]
21-th triangle 2-th vertex  [ [-3 -2  6] [ 0 -1  6] ]
22-th triangle 0-th vertex  [ [0 0 1] [0 0 1] ]
22-th triangle 1-th vertex  [ [1 0 1] [0 0 1] ]
22-th triangle 2-th vertex  [ [3 2 6] [ 0 -1  6] ]
23-th triangle 0-th vertex  [ [0 0 1] [0 0 1] ]
23-th triangle 1-th vertex  [ [ 0 -1  2] [1 0 2] ]
23-th triangle 2-th vertex  [ [-3 -1  6] [3 1 6] ]
v0 [ [1 0 1] [0 0 1] ]
od_sym.shape (24, 3, 2)
od_sym1.shape (24, 3, 2)
cross points of two triangles
common points in triangles
cross points of two triangles
 [ [0 0 1] [0 0 1] ]
 [ [-3  1  4] [-1  1  4] ]
 [ [-1  0  2] [ 2 -1  2] ]
common points in triangles
 [ [0 0 1] [0 0 1] ]
 [ [0 0 1] [0 0 1] ]
nx 3 ny 2
z.shape (5, 2)
common part
 [ [0 0 1] [0 0 1] ]
 [ [-3  1  4] [-1  1  4] ]
 [ [-1  0  2] [ 2 -1  2] ]
 [ [0 0 1] [0 0 1] ]
 [ [0 0 1] [0 0 1] ]
number of vertices in common part 3
common part
 [ [0 0 1] [0 0 1] ]
 [ [-3  1  4] [-1  1  4] ]
 [ [-1  0  2] [ 2 -1  2] ]
nod 1
cross points of two triangles
common points in triangles
cross points of two triangles
 [ [-3  0  4] [0 1 4] ]
 [ [ 0 -1  2] [1 0 2] ]
 [ [ 0 -1  2] [-3  2  2] ]
 [ [-2 -1  4] [1 0 4] ]
common points in triangles
 [ [ 0 -1  2] [1 0 2] ]
nx 4 ny 1
z.shape (5, 2)
common part
 [ [-3  0  4] [0 1 4] ]
 [ [ 0 -1  2] [1 0 2] ]
 [ [ 0 -1  2] [-3  2  2] ]
 [ [-2 -1  4] [1 0 4] ]
 [ [ 0 -1  2] [1 0 2] ]
number of vertices in common part 4
common part
 [ [-3  0  4] [0 1 4] ]
 [ [ 0 -1  2] [1 0 2] ]
 [ [ 0 -1  2] [-3  2  2] ]
 [ [-2 -1  4] [1 0 4] ]
nod 2
cross points of two triangles
common points in triangles
cross points of two triangles
common points in triangles
cross points of two triangles
common points in triangles
cross points of two triangles
common points in triangles
cross points of two triangles
 [ [-1  0  2] [0 1 6] ]
 [ [-3  1  2] [-1  1  2] ]
 [ [-1 -1  4] [-1  1  4] ]
 [ [-3 -1  6] [ 3 -1  6] ]
common points in triangles
nx 4 ny 0
z.shape (4, 2)
common part
 [ [-1  0  2] [0 1 6] ]
 [ [-3  1  2] [-1  1  2] ]
 [ [-1 -1  4] [-1  1  4] ]
 [ [-3 -1  6] [ 3 -1  6] ]
number of vertices in common part 4
common part
 [ [-1  0  2] [0 1 6] ]
 [ [-3  1  2] [-1  1  2] ]
 [ [-1 -1  4] [-1  1  4] ]
 [ [-3 -1  6] [ 3 -1  6] ]
nod 3
cross points of two triangles
common points in triangles
cross points of two triangles
 [ [-1  0  1] [-1  1  2] ]
 [ [-3 -2  6] [0 1 6] ]
 [ [-1  0  1] [ 2 -1  1] ]
common points in triangles
 [ [-3 -2  6] [0 1 6] ]
nx 3 ny 1
z.shape (4, 2)
common part
 [ [-1  0  1] [-1  1  2] ]
 [ [-3 -2  6] [0 1 6] ]
 [ [-1  0  1] [ 2 -1  1] ]
 [ [-3 -2  6] [0 1 6] ]
number of vertices in common part 3
common part
 [ [-1  0  1] [-1  1  2] ]
 [ [-3 -2  6] [0 1 6] ]
 [ [-1  0  1] [ 2 -1  1] ]
nod 4
cross points of two triangles
common points in triangles
cross points of two triangles
common points in triangles
cross points of two triangles
 [ [ 0 -1  2] [1 0 2] ]
 [ [-1  0  1] [-1  1  2] ]
 [ [-1  0  1] [ 2 -1  1] ]
 [ [-2 -1  4] [1 0 4] ]
common points in triangles
 [ [ 0 -1  2] [1 0 2] ]
nx 4 ny 1
z.shape (5, 2)
common part
 [ [ 0 -1  2] [1 0 2] ]
 [ [-1  0  1] [-1  1  2] ]
 [ [-1  0  1] [ 2 -1  1] ]
 [ [-2 -1  4] [1 0 4] ]
 [ [ 0 -1  2] [1 0 2] ]
number of vertices in common part 4
common part
 [ [ 0 -1  2] [1 0 2] ]
 [ [-1  0  1] [-1  1  2] ]
 [ [-1  0  1] [ 2 -1  1] ]
 [ [-2 -1  4] [1 0 4] ]
nod 5
cross points of two triangles
common points in triangles
cross points of two triangles
 [ [-1  0  2] [0 1 6] ]
 [ [-3  1  4] [-1  1  4] ]
 [ [-1 -1  4] [-1  1  4] ]
 [ [-1  0  2] [ 2 -1  2] ]
common points in triangles
nx 4 ny 0
z.shape (4, 2)
common part
 [ [-1  0  2] [0 1 6] ]
 [ [-3  1  4] [-1  1  4] ]
 [ [-1 -1  4] [-1  1  4] ]
 [ [-1  0  2] [ 2 -1  2] ]
number of vertices in common part 4
common part
 [ [-1  0  2] [0 1 6] ]
 [ [-3  1  4] [-1  1  4] ]
 [ [-1 -1  4] [-1  1  4] ]
 [ [-1  0  2] [ 2 -1  2] ]
nod 6
cross points of two triangles
common points in triangles
cross points of two triangles
common points in triangles
cross points of two triangles
 [ [-3 -2  6] [0 1 6] ]
common points in triangles
 [ [-3 -2  6] [0 1 6] ]
nx 1 ny 1
z.shape (2, 2)
common part
 [ [-3 -2  6] [0 1 6] ]
 [ [-3 -2  6] [0 1 6] ]
number of vertices in common part 1
common part
 [ [-3 -2  6] [0 1 6] ]
cross points of two triangles
common points in triangles
cross points of two triangles
 [ [-3  0  4] [0 1 4] ]
 [ [-3  1  2] [-1  1  2] ]
 [ [ 0 -1  2] [-3  2  2] ]
 [ [-3 -1  6] [ 3 -1  6] ]
common points in triangles
nx 4 ny 0
z.shape (4, 2)
common part
 [ [-3  0  4] [0 1 4] ]
 [ [-3  1  2] [-1  1  2] ]
 [ [ 0 -1  2] [-3  2  2] ]
 [ [-3 -1  6] [ 3 -1  6] ]
number of vertices in common part 4
common part
 [ [-3  0  4] [0 1 4] ]
 [ [-3  1  2] [-1  1  2] ]
 [ [ 0 -1  2] [-3  2  2] ]
 [ [-3 -1  6] [ 3 -1  6] ]
nod 7
cross points of two triangles
common points in triangles
cross points of two triangles
 [ [0 0 1] [0 0 1] ]
common points in triangles
 [ [0 0 1] [0 0 1] ]
 [ [0 0 1] [0 0 1] ]
nx 1 ny 2
z.shape (3, 2)
common part
 [ [0 0 1] [0 0 1] ]
 [ [0 0 1] [0 0 1] ]
 [ [0 0 1] [0 0 1] ]
number of vertices in common part 1
common part
 [ [0 0 1] [0 0 1] ]
cross points of two triangles
common points in triangles
cross points of two triangles
common points in triangles
cross points of two triangles
 [ [0 0 1] [0 0 1] ]
common points in triangles
 [ [0 0 1] [0 0 1] ]
 [ [0 0 1] [0 0 1] ]
nx 1 ny 2
z.shape (3, 2)
common part
 [ [0 0 1] [0 0 1] ]
 [ [0 0 1] [0 0 1] ]
 [ [0 0 1] [0 0 1] ]
number of vertices in common part 1
common part
 [ [0 0 1] [0 0 1] ]
cross points of two triangles
common points in triangles
cross points of two triangles
common points in triangles
cross points of two triangles
common points in triangles
cross points of two triangles
common points in triangles
cross points of two triangles
common points in triangles
cross points of two triangles
common points in triangles
cross points of two triangles
common points in triangles
cross points of two triangles
common points in triangles
cross points of two triangles
common points in triangles
cross points of two triangles
common points in triangles
cross points of two triangles
common points in triangles
cross points of two triangles
common points in triangles
cross points of two triangles
common points in triangles
cross points of two triangles
common points in triangles
cross points of two triangles
common points in triangles
cross points of two triangles
common points in triangles
cross points of two triangles
common points in triangles
cross points of two triangles
common points in triangles
cross points of two triangles
common points in triangles
cross points of two triangles
common points in triangles
cross points of two triangles
 [ [0 0 1] [0 0 1] ]
common points in triangles
 [ [0 0 1] [0 0 1] ]
 [ [0 0 1] [0 0 1] ]
nx 1 ny 2
z.shape (3, 2)
common part
 [ [0 0 1] [0 0 1] ]
 [ [0 0 1] [0 0 1] ]
 [ [0 0 1] [0 0 1] ]
number of vertices in common part 1
common part
 [ [0 0 1] [0 0 1] ]
cross points of two triangles
common points in triangles
cross points of two triangles
common points in triangles
cross points of two triangles
 [ [0 0 1] [0 0 1] ]
common points in triangles
 [ [0 0 1] [0 0 1] ]
 [ [0 0 1] [0 0 1] ]
nx 1 ny 2
z.shape (3, 2)
common part
 [ [0 0 1] [0 0 1] ]
 [ [0 0 1] [0 0 1] ]
 [ [0 0 1] [0 0 1] ]
number of vertices in common part 1
common part
 [ [0 0 1] [0 0 1] ]
cross points of two triangles
common points in triangles
cross points of two triangles
common points in triangles
cross points of two triangles
 [ [ 0 -1  2] [-1  0  2] ]
 [ [-3 -1  6] [-3 -1  6] ]
common points in triangles
 [ [ 0 -1  2] [-1  0  2] ]
 [ [-3 -1  6] [-3 -1  6] ]
nx 2 ny 2
z.shape (4, 2)
common part
 [ [ 0 -1  2] [-1  0  2] ]
 [ [-3 -1  6] [-3 -1  6] ]
 [ [ 0 -1  2] [-1  0  2] ]
 [ [-3 -1  6] [-3 -1  6] ]
number of vertices in common part 2
common part
 [ [ 0 -1  2] [-1  0  2] ]
 [ [-3 -1  6] [-3 -1  6] ]
cross points of two triangles
common points in triangles
cross points of two triangles
 [ [-1  0  2] [ 0 -1  6] ]
 [ [-3  1  4] [ 1 -1  4] ]
 [ [ 1 -1  2] [ 1 -1  2] ]
 [ [-3  1  6] [-3  1  6] ]
common points in triangles
nx 4 ny 0
z.shape (4, 2)
common part
 [ [-1  0  2] [ 0 -1  6] ]
 [ [-3  1  4] [ 1 -1  4] ]
 [ [ 1 -1  2] [ 1 -1  2] ]
 [ [-3  1  6] [-3  1  6] ]
number of vertices in common part 4
common part
 [ [-1  0  2] [ 0 -1  6] ]
 [ [-3  1  4] [ 1 -1  4] ]
 [ [ 1 -1  2] [ 1 -1  2] ]
 [ [-3  1  6] [-3  1  6] ]
nod 8
cross points of two triangles
common points in triangles
cross points of two triangles
common points in triangles
cross points of two triangles
common points in triangles
cross points of two triangles
common points in triangles
cross points of two triangles
 [ [-3  0  4] [ 0 -1  4] ]
 [ [-3  1  2] [ 1 -1  2] ]
 [ [-3  1  2] [-3  1  2] ]
 [ [-1  0  2] [-1  0  2] ]
common points in triangles
nx 4 ny 0
z.shape (4, 2)
common part
 [ [-3  0  4] [ 0 -1  4] ]
 [ [-3  1  2] [ 1 -1  2] ]
 [ [-3  1  2] [-3  1  2] ]
 [ [-1  0  2] [-1  0  2] ]
number of vertices in common part 4
common part
 [ [-3  0  4] [ 0 -1  4] ]
 [ [-3  1  2] [ 1 -1  2] ]
 [ [-3  1  2] [-3  1  2] ]
 [ [-1  0  2] [-1  0  2] ]
nod 9
cross points of two triangles
 [ [-3  0  4] [ 0 -1  4] ]
 [ [ 0 -1  2] [-1  0  2] ]
 [ [-3  1  2] [-3  1  2] ]
 [ [-3 -1  6] [-3 -1  6] ]
common points in triangles
 [ [ 0 -1  2] [-1  0  2] ]
 [ [-3 -1  6] [-3 -1  6] ]
nx 4 ny 2
z.shape (6, 2)
common part
 [ [-3  0  4] [ 0 -1  4] ]
 [ [ 0 -1  2] [-1  0  2] ]
 [ [-3  1  2] [-3  1  2] ]
 [ [-3 -1  6] [-3 -1  6] ]
 [ [ 0 -1  2] [-1  0  2] ]
 [ [-3 -1  6] [-3 -1  6] ]
number of vertices in common part 4
common part
 [ [-3  0  4] [ 0 -1  4] ]
 [ [ 0 -1  2] [-1  0  2] ]
 [ [-3  1  2] [-3  1  2] ]
 [ [-3 -1  6] [-3 -1  6] ]
nod 10
cross points of two triangles
common points in triangles
cross points of two triangles
common points in triangles
cross points of two triangles
common points in triangles
cross points of two triangles
common points in triangles
cross points of two triangles
 [ [-1  0  2] [ 0 -1  6] ]
 [ [-3  1  2] [ 1 -1  2] ]
 [ [ 1 -1  2] [ 1 -1  2] ]
 [ [-1  0  2] [-1  0  2] ]
common points in triangles
nx 4 ny 0
z.shape (4, 2)
common part
 [ [-1  0  2] [ 0 -1  6] ]
 [ [-3  1  2] [ 1 -1  2] ]
 [ [ 1 -1  2] [ 1 -1  2] ]
 [ [-1  0  2] [-1  0  2] ]
number of vertices in common part 4
common part
 [ [-1  0  2] [ 0 -1  6] ]
 [ [-3  1  2] [ 1 -1  2] ]
 [ [ 1 -1  2] [ 1 -1  2] ]
 [ [-1  0  2] [-1  0  2] ]
nod 11
cross points of two triangles
common points in triangles
cross points of two triangles
common points in triangles
cross points of two triangles
common points in triangles
cross points of two triangles
common points in triangles
cross points of two triangles
 [ [0 0 1] [0 0 1] ]
 [ [-3  1  4] [ 1 -1  4] ]
 [ [-3  1  6] [-3  1  6] ]
common points in triangles
 [ [0 0 1] [0 0 1] ]
 [ [0 0 1] [0 0 1] ]
nx 3 ny 2
z.shape (5, 2)
common part
 [ [0 0 1] [0 0 1] ]
 [ [-3  1  4] [ 1 -1  4] ]
 [ [-3  1  6] [-3  1  6] ]
 [ [0 0 1] [0 0 1] ]
 [ [0 0 1] [0 0 1] ]
number of vertices in common part 3
common part
 [ [0 0 1] [0 0 1] ]
 [ [-3  1  4] [ 1 -1  4] ]
 [ [-3  1  6] [-3  1  6] ]
nod 12
cross points of two triangles
common points in triangles
cross points of two triangles
common points in triangles
cross points of two triangles
 [ [0 0 1] [0 0 1] ]
 [ [-3  2  6] [0 1 6] ]
common points in triangles
 [ [0 0 1] [0 0 1] ]
 [ [0 0 1] [0 0 1] ]
 [ [-3  2  6] [0 1 6] ]
nx 2 ny 3
z.shape (5, 2)
common part
 [ [0 0 1] [0 0 1] ]
 [ [-3  2  6] [0 1 6] ]
 [ [0 0 1] [0 0 1] ]
 [ [0 0 1] [0 0 1] ]
 [ [-3  2  6] [0 1 6] ]
number of vertices in common part 2
common part
 [ [0 0 1] [0 0 1] ]
 [ [-3  2  6] [0 1 6] ]
cross points of two triangles
common points in triangles
cross points of two triangles
common points in triangles
cross points of two triangles
common points in triangles
cross points of two triangles
common points in triangles
cross points of two triangles
common points in triangles
cross points of two triangles
common points in triangles
cross points of two triangles
common points in triangles
cross points of two triangles
common points in triangles
cross points of two triangles
common points in triangles
cross points of two triangles
common points in triangles
cross points of two triangles
common points in triangles
cross points of two triangles
common points in triangles
cross points of two triangles
common points in triangles
cross points of two triangles
 [ [-3  2  6] [0 1 6] ]
common points in triangles
 [ [-3  2  6] [0 1 6] ]
nx 1 ny 1
z.shape (2, 2)
common part
 [ [-3  2  6] [0 1 6] ]
 [ [-3  2  6] [0 1 6] ]
number of vertices in common part 1
common part
 [ [-3  2  6] [0 1 6] ]
cross points of two triangles
common points in triangles
cross points of two triangles
common points in triangles
cross points of two triangles
common points in triangles
cross points of two triangles
common points in triangles
cross points of two triangles
common points in triangles
cross points of two triangles
common points in triangles
cross points of two triangles
 [ [0 0 1] [0 0 1] ]
common points in triangles
 [ [0 0 1] [0 0 1] ]
 [ [0 0 1] [0 0 1] ]
nx 1 ny 2
z.shape (3, 2)
common part
 [ [0 0 1] [0 0 1] ]
 [ [0 0 1] [0 0 1] ]
 [ [0 0 1] [0 0 1] ]
number of vertices in common part 1
common part
 [ [0 0 1] [0 0 1] ]
cross points of two triangles
common points in triangles
cross points of two triangles
common points in triangles
cross points of two triangles
 [ [0 0 1] [0 0 1] ]
common points in triangles
 [ [0 0 1] [0 0 1] ]
 [ [0 0 1] [0 0 1] ]
nx 1 ny 2
z.shape (3, 2)
common part
 [ [0 0 1] [0 0 1] ]
 [ [0 0 1] [0 0 1] ]
 [ [0 0 1] [0 0 1] ]
number of vertices in common part 1
common part
 [ [0 0 1] [0 0 1] ]
cross points of two triangles
common points in triangles
cross points of two triangles
common points in triangles
cross points of two triangles
common points in triangles
cross points of two triangles
common points in triangles
cross points of two triangles
 [ [0 0 1] [ 1 -1  2] ]
 [ [0 0 1] [-2  1  1] ]
 [ [-3  2  6] [ 0 -1  6] ]
common points in triangles
 [ [-3  2  6] [ 0 -1  6] ]
nx 3 ny 1
z.shape (4, 2)
common part
 [ [0 0 1] [ 1 -1  2] ]
 [ [0 0 1] [-2  1  1] ]
 [ [-3  2  6] [ 0 -1  6] ]
 [ [-3  2  6] [ 0 -1  6] ]
number of vertices in common part 3
common part
 [ [0 0 1] [ 1 -1  2] ]
 [ [0 0 1] [-2  1  1] ]
 [ [-3  2  6] [ 0 -1  6] ]
nod 13
cross points of two triangles
common points in triangles
cross points of two triangles
common points in triangles
cross points of two triangles
common points in triangles
cross points of two triangles
common points in triangles
cross points of two triangles
common points in triangles
cross points of two triangles
common points in triangles
cross points of two triangles
common points in triangles
cross points of two triangles
common points in triangles
cross points of two triangles
common points in triangles
cross points of two triangles
common points in triangles
cross points of two triangles
common points in triangles
cross points of two triangles
common points in triangles
cross points of two triangles
common points in triangles
cross points of two triangles
common points in triangles
cross points of two triangles
common points in triangles
cross points of two triangles
 [ [0 0 1] [0 0 1] ]
 [ [0 0 1] [-2  1  1] ]
 [ [-3  2  6] [ 0 -1  6] ]
common points in triangles
 [ [0 0 1] [0 0 1] ]
 [ [0 0 1] [0 0 1] ]
 [ [-3  2  6] [ 0 -1  6] ]
nx 3 ny 3
z.shape (6, 2)
common part
 [ [0 0 1] [0 0 1] ]
 [ [0 0 1] [-2  1  1] ]
 [ [-3  2  6] [ 0 -1  6] ]
 [ [0 0 1] [0 0 1] ]
 [ [0 0 1] [0 0 1] ]
 [ [-3  2  6] [ 0 -1  6] ]
number of vertices in common part 3
common part
 [ [0 0 1] [0 0 1] ]
 [ [0 0 1] [-2  1  1] ]
 [ [-3  2  6] [ 0 -1  6] ]
nod 14
cross points of two triangles
common points in triangles
cross points of two triangles
common points in triangles
cross points of two triangles
 [ [0 0 1] [0 0 1] ]
 [ [-2  1  2] [-3  2  2] ]
 [ [-3  1  6] [ 3 -1  6] ]
common points in triangles
 [ [0 0 1] [0 0 1] ]
 [ [0 0 1] [0 0 1] ]
nx 3 ny 2
z.shape (5, 2)
common part
 [ [0 0 1] [0 0 1] ]
 [ [-2  1  2] [-3  2  2] ]
 [ [-3  1  6] [ 3 -1  6] ]
 [ [0 0 1] [0 0 1] ]
 [ [0 0 1] [0 0 1] ]
number of vertices in common part 3
common part
 [ [0 0 1] [0 0 1] ]
 [ [-2  1  2] [-3  2  2] ]
 [ [-3  1  6] [ 3 -1  6] ]
nod 15
cross points of two triangles
common points in triangles
cross points of two triangles
 [ [-1  0  2] [0 1 2] ]
 [ [-3 -1  6] [3 1 6] ]
 [ [-3  1  2] [ 3 -1  2] ]
common points in triangles
 [ [-1  0  2] [0 1 2] ]
 [ [-1  0  2] [0 1 2] ]
 [ [-3 -1  6] [3 1 6] ]
nx 3 ny 3
z.shape (6, 2)
common part
 [ [-1  0  2] [0 1 2] ]
 [ [-3 -1  6] [3 1 6] ]
 [ [-3  1  2] [ 3 -1  2] ]
 [ [-1  0  2] [0 1 2] ]
 [ [-1  0  2] [0 1 2] ]
 [ [-3 -1  6] [3 1 6] ]
number of vertices in common part 3
common part
 [ [-1  0  2] [0 1 2] ]
 [ [-3 -1  6] [3 1 6] ]
 [ [-3  1  2] [ 3 -1  2] ]
nod 16
cross points of two triangles
common points in triangles
cross points of two triangles
common points in triangles
cross points of two triangles
common points in triangles
cross points of two triangles
common points in triangles
cross points of two triangles
 [ [-1  0  4] [0 1 4] ]
 [ [ 1 -1  2] [ 3 -1  2] ]
 [ [ 1 -1  2] [-1  1  2] ]
 [ [-1  0  2] [1 0 2] ]
common points in triangles
nx 4 ny 0
z.shape (4, 2)
common part
 [ [-1  0  4] [0 1 4] ]
 [ [ 1 -1  2] [ 3 -1  2] ]
 [ [ 1 -1  2] [-1  1  2] ]
 [ [-1  0  2] [1 0 2] ]
number of vertices in common part 4
common part
 [ [-1  0  4] [0 1 4] ]
 [ [ 1 -1  2] [ 3 -1  2] ]
 [ [ 1 -1  2] [-1  1  2] ]
 [ [-1  0  2] [1 0 2] ]
nod 17
cross points of two triangles
common points in triangles
cross points of two triangles
common points in triangles
cross points of two triangles
common points in triangles
cross points of two triangles
common points in triangles
cross points of two triangles
 [ [-3 -1  6] [3 1 6] ]
common points in triangles
 [ [-3 -1  6] [3 1 6] ]
nx 1 ny 1
z.shape (2, 2)
common part
 [ [-3 -1  6] [3 1 6] ]
 [ [-3 -1  6] [3 1 6] ]
number of vertices in common part 1
common part
 [ [-3 -1  6] [3 1 6] ]
cross points of two triangles
common points in triangles
cross points of two triangles
 [ [-1  0  4] [0 1 4] ]
 [ [-2  1  2] [-3  2  2] ]
 [ [ 1 -1  2] [-1  1  2] ]
 [ [-3  1  6] [ 3 -1  6] ]
common points in triangles
nx 4 ny 0
z.shape (4, 2)
common part
 [ [-1  0  4] [0 1 4] ]
 [ [-2  1  2] [-3  2  2] ]
 [ [ 1 -1  2] [-1  1  2] ]
 [ [-3  1  6] [ 3 -1  6] ]
number of vertices in common part 4
common part
 [ [-1  0  4] [0 1 4] ]
 [ [-2  1  2] [-3  2  2] ]
 [ [ 1 -1  2] [-1  1  2] ]
 [ [-3  1  6] [ 3 -1  6] ]
nod 18
cross points of two triangles
common points in triangles
cross points of two triangles
common points in triangles
cross points of two triangles
common points in triangles
cross points of two triangles
common points in triangles
cross points of two triangles
 [ [-1  0  2] [0 1 2] ]
 [ [ 1 -1  2] [ 3 -1  2] ]
 [ [-3  1  2] [ 3 -1  2] ]
 [ [-1  0  2] [1 0 2] ]
common points in triangles
 [ [-1  0  2] [0 1 2] ]
 [ [-1  0  2] [0 1 2] ]
nx 4 ny 2
z.shape (6, 2)
common part
 [ [-1  0  2] [0 1 2] ]
 [ [ 1 -1  2] [ 3 -1  2] ]
 [ [-3  1  2] [ 3 -1  2] ]
 [ [-1  0  2] [1 0 2] ]
 [ [-1  0  2] [0 1 2] ]
 [ [-1  0  2] [0 1 2] ]
number of vertices in common part 4
common part
 [ [-1  0  2] [0 1 2] ]
 [ [ 1 -1  2] [ 3 -1  2] ]
 [ [-3  1  2] [ 3 -1  2] ]
 [ [-1  0  2] [1 0 2] ]
nod 19
cross points of two triangles
common points in triangles
cross points of two triangles
 [ [0 0 1] [0 0 1] ]
common points in triangles
 [ [0 0 1] [0 0 1] ]
 [ [0 0 1] [0 0 1] ]
nx 1 ny 2
z.shape (3, 2)
common part
 [ [0 0 1] [0 0 1] ]
 [ [0 0 1] [0 0 1] ]
 [ [0 0 1] [0 0 1] ]
number of vertices in common part 1
common part
 [ [0 0 1] [0 0 1] ]
cross points of two triangles
common points in triangles
cross points of two triangles
common points in triangles
cross points of two triangles
 [ [0 0 1] [0 0 1] ]
common points in triangles
 [ [0 0 1] [0 0 1] ]
 [ [0 0 1] [0 0 1] ]
nx 1 ny 2
z.shape (3, 2)
common part
 [ [0 0 1] [0 0 1] ]
 [ [0 0 1] [0 0 1] ]
 [ [0 0 1] [0 0 1] ]
number of vertices in common part 1
common part
 [ [0 0 1] [0 0 1] ]
cross points of two triangles
common points in triangles
cross points of two triangles
common points in triangles
cross points of two triangles
common points in triangles
cross points of two triangles
common points in triangles
cross points of two triangles
common points in triangles
cross points of two triangles
common points in triangles
cross points of two triangles
common points in triangles
cross points of two triangles
common points in triangles
cross points of two triangles
common points in triangles
cross points of two triangles
common points in triangles
cross points of two triangles
common points in triangles
cross points of two triangles
common points in triangles
cross points of two triangles
common points in triangles
cross points of two triangles
common points in triangles
cross points of two triangles
common points in triangles
cross points of two triangles
common points in triangles
cross points of two triangles
common points in triangles
cross points of two triangles
common points in triangles
cross points of two triangles
common points in triangles
cross points of two triangles
common points in triangles
cross points of two triangles
 [ [0 0 1] [0 0 1] ]
common points in triangles
 [ [0 0 1] [0 0 1] ]
 [ [0 0 1] [0 0 1] ]
nx 1 ny 2
z.shape (3, 2)
common part
 [ [0 0 1] [0 0 1] ]
 [ [0 0 1] [0 0 1] ]
 [ [0 0 1] [0 0 1] ]
number of vertices in common part 1
common part
 [ [0 0 1] [0 0 1] ]
cross points of two triangles
common points in triangles
cross points of two triangles
 [ [-1  0  1] [0 0 1] ]
common points in triangles
 [ [-1  0  1] [0 0 1] ]
 [ [-1  0  1] [0 0 1] ]
nx 1 ny 2
z.shape (3, 2)
common part
 [ [-1  0  1] [0 0 1] ]
 [ [-1  0  1] [0 0 1] ]
 [ [-1  0  1] [0 0 1] ]
number of vertices in common part 1
common part
 [ [-1  0  1] [0 0 1] ]
cross points of two triangles
 [ [0 0 1] [0 0 1] ]
 [ [-1  0  1] [0 0 1] ]
common points in triangles
 [ [-1  0  1] [0 0 1] ]
 [ [0 0 1] [0 0 1] ]
 [ [0 0 1] [0 0 1] ]
 [ [-1  0  1] [0 0 1] ]
nx 2 ny 4
z.shape (6, 2)
common part
 [ [0 0 1] [0 0 1] ]
 [ [-1  0  1] [0 0 1] ]
 [ [-1  0  1] [0 0 1] ]
 [ [0 0 1] [0 0 1] ]
 [ [0 0 1] [0 0 1] ]
 [ [-1  0  1] [0 0 1] ]
number of vertices in common part 2
common part
 [ [0 0 1] [0 0 1] ]
 [ [-1  0  1] [0 0 1] ]
cross points of two triangles
 [ [-1  0  1] [0 0 1] ]
common points in triangles
 [ [-1  0  1] [0 0 1] ]
 [ [-1  0  1] [0 0 1] ]
nx 1 ny 2
z.shape (3, 2)
common part
 [ [-1  0  1] [0 0 1] ]
 [ [-1  0  1] [0 0 1] ]
 [ [-1  0  1] [0 0 1] ]
number of vertices in common part 1
common part
 [ [-1  0  1] [0 0 1] ]
cross points of two triangles
 [ [-1  0  1] [0 0 1] ]
common points in triangles
 [ [-1  0  1] [0 0 1] ]
 [ [-1  0  1] [0 0 1] ]
nx 1 ny 2
z.shape (3, 2)
common part
 [ [-1  0  1] [0 0 1] ]
 [ [-1  0  1] [0 0 1] ]
 [ [-1  0  1] [0 0 1] ]
number of vertices in common part 1
common part
 [ [-1  0  1] [0 0 1] ]
cross points of two triangles
 [ [-1  0  1] [0 0 1] ]
 [ [-1  0  1] [-2  1  1] ]
 [ [-2 -1  4] [-1  0  4] ]
common points in triangles
 [ [-1  0  1] [0 0 1] ]
 [ [-1  0  1] [0 0 1] ]
nx 3 ny 2
z.shape (5, 2)
common part
 [ [-1  0  1] [0 0 1] ]
 [ [-1  0  1] [-2  1  1] ]
 [ [-2 -1  4] [-1  0  4] ]
 [ [-1  0  1] [0 0 1] ]
 [ [-1  0  1] [0 0 1] ]
number of vertices in common part 3
common part
 [ [-1  0  1] [0 0 1] ]
 [ [-1  0  1] [-2  1  1] ]
 [ [-2 -1  4] [-1  0  4] ]
nod 20
cross points of two triangles
 [ [-1  0  1] [0 0 1] ]
common points in triangles
 [ [-1  0  1] [0 0 1] ]
 [ [-1  0  1] [0 0 1] ]
nx 1 ny 2
z.shape (3, 2)
common part
 [ [-1  0  1] [0 0 1] ]
 [ [-1  0  1] [0 0 1] ]
 [ [-1  0  1] [0 0 1] ]
number of vertices in common part 1
common part
 [ [-1  0  1] [0 0 1] ]
cross points of two triangles
 [ [-1  0  1] [0 0 1] ]
 [ [-1 -1  4] [ 1 -1  4] ]
 [ [-1  0  2] [-2  1  2] ]
common points in triangles
 [ [-1  0  1] [0 0 1] ]
 [ [-1  0  1] [0 0 1] ]
nx 3 ny 2
z.shape (5, 2)
common part
 [ [-1  0  1] [0 0 1] ]
 [ [-1 -1  4] [ 1 -1  4] ]
 [ [-1  0  2] [-2  1  2] ]
 [ [-1  0  1] [0 0 1] ]
 [ [-1  0  1] [0 0 1] ]
number of vertices in common part 3
common part
 [ [-1  0  1] [0 0 1] ]
 [ [-1 -1  4] [ 1 -1  4] ]
 [ [-1  0  2] [-2  1  2] ]
nod 21
cross points of two triangles
 [ [-1  0  1] [0 0 1] ]
common points in triangles
 [ [-1  0  1] [0 0 1] ]
 [ [-1  0  1] [0 0 1] ]
nx 1 ny 2
z.shape (3, 2)
common part
 [ [-1  0  1] [0 0 1] ]
 [ [-1  0  1] [0 0 1] ]
 [ [-1  0  1] [0 0 1] ]
number of vertices in common part 1
common part
 [ [-1  0  1] [0 0 1] ]
cross points of two triangles
 [ [-1  0  1] [0 0 1] ]
common points in triangles
 [ [-1  0  1] [0 0 1] ]
 [ [-1  0  1] [0 0 1] ]
nx 1 ny 2
z.shape (3, 2)
common part
 [ [-1  0  1] [0 0 1] ]
 [ [-1  0  1] [0 0 1] ]
 [ [-1  0  1] [0 0 1] ]
number of vertices in common part 1
common part
 [ [-1  0  1] [0 0 1] ]
cross points of two triangles
 [ [-1  0  1] [0 0 1] ]
 [ [-3 -2  6] [ 0 -1  6] ]
common points in triangles
 [ [-1  0  1] [0 0 1] ]
 [ [-1  0  1] [0 0 1] ]
 [ [-3 -2  6] [ 0 -1  6] ]
nx 2 ny 3
z.shape (5, 2)
common part
 [ [-1  0  1] [0 0 1] ]
 [ [-3 -2  6] [ 0 -1  6] ]
 [ [-1  0  1] [0 0 1] ]
 [ [-1  0  1] [0 0 1] ]
 [ [-3 -2  6] [ 0 -1  6] ]
number of vertices in common part 2
common part
 [ [-1  0  1] [0 0 1] ]
 [ [-3 -2  6] [ 0 -1  6] ]
cross points of two triangles
 [ [-1  0  1] [0 0 1] ]
common points in triangles
 [ [-1  0  1] [0 0 1] ]
 [ [-1  0  1] [0 0 1] ]
nx 1 ny 2
z.shape (3, 2)
common part
 [ [-1  0  1] [0 0 1] ]
 [ [-1  0  1] [0 0 1] ]
 [ [-1  0  1] [0 0 1] ]
number of vertices in common part 1
common part
 [ [-1  0  1] [0 0 1] ]
cross points of two triangles
 [ [-1  0  1] [0 0 1] ]
 [ [ 0 -1  2] [ 3 -2  2] ]
 [ [-3 -1  6] [-3  1  6] ]
common points in triangles
 [ [-1  0  1] [0 0 1] ]
 [ [-1  0  1] [0 0 1] ]
nx 3 ny 2
z.shape (5, 2)
common part
 [ [-1  0  1] [0 0 1] ]
 [ [ 0 -1  2] [ 3 -2  2] ]
 [ [-3 -1  6] [-3  1  6] ]
 [ [-1  0  1] [0 0 1] ]
 [ [-1  0  1] [0 0 1] ]
number of vertices in common part 3
common part
 [ [-1  0  1] [0 0 1] ]
 [ [ 0 -1  2] [ 3 -2  2] ]
 [ [-3 -1  6] [-3  1  6] ]
nod 22
cross points of two triangles
 [ [-1  0  1] [0 0 1] ]
 [ [ 0 -1  2] [ 3 -2  2] ]
 [ [-2 -1  4] [-1  0  4] ]
common points in triangles
 [ [-1  0  1] [0 0 1] ]
 [ [-1  0  1] [0 0 1] ]
nx 3 ny 2
z.shape (5, 2)
common part
 [ [-1  0  1] [0 0 1] ]
 [ [ 0 -1  2] [ 3 -2  2] ]
 [ [-2 -1  4] [-1  0  4] ]
 [ [-1  0  1] [0 0 1] ]
 [ [-1  0  1] [0 0 1] ]
number of vertices in common part 3
common part
 [ [-1  0  1] [0 0 1] ]
 [ [ 0 -1  2] [ 3 -2  2] ]
 [ [-2 -1  4] [-1  0  4] ]
nod 23
cross points of two triangles
 [ [-1  0  1] [0 0 1] ]
common points in triangles
 [ [-1  0  1] [0 0 1] ]
 [ [-1  0  1] [0 0 1] ]
nx 1 ny 2
z.shape (3, 2)
common part
 [ [-1  0  1] [0 0 1] ]
 [ [-1  0  1] [0 0 1] ]
 [ [-1  0  1] [0 0 1] ]
number of vertices in common part 1
common part
 [ [-1  0  1] [0 0 1] ]
cross points of two triangles
 [ [-1  0  1] [0 0 1] ]
common points in triangles
 [ [-1  0  1] [0 0 1] ]
 [ [-1  0  1] [0 0 1] ]
nx 1 ny 2
z.shape (3, 2)
common part
 [ [-1  0  1] [0 0 1] ]
 [ [-1  0  1] [0 0 1] ]
 [ [-1  0  1] [0 0 1] ]
number of vertices in common part 1
common part
 [ [-1  0  1] [0 0 1] ]
cross points of two triangles
 [ [-1  0  1] [0 0 1] ]
common points in triangles
 [ [-1  0  1] [0 0 1] ]
 [ [-1  0  1] [0 0 1] ]
nx 1 ny 2
z.shape (3, 2)
common part
 [ [-1  0  1] [0 0 1] ]
 [ [-1  0  1] [0 0 1] ]
 [ [-1  0  1] [0 0 1] ]
number of vertices in common part 1
common part
 [ [-1  0  1] [0 0 1] ]
cross points of two triangles
 [ [-1  0  1] [0 0 1] ]
common points in triangles
 [ [-1  0  1] [0 0 1] ]
 [ [-1  0  1] [0 0 1] ]
nx 1 ny 2
z.shape (3, 2)
common part
 [ [-1  0  1] [0 0 1] ]
 [ [-1  0  1] [0 0 1] ]
 [ [-1  0  1] [0 0 1] ]
number of vertices in common part 1
common part
 [ [-1  0  1] [0 0 1] ]
cross points of two triangles
 [ [-1  0  1] [0 0 1] ]
 [ [-1 -1  4] [ 1 -1  4] ]
 [ [-3 -1  6] [-3  1  6] ]
common points in triangles
 [ [-1  0  1] [0 0 1] ]
 [ [-1  0  1] [0 0 1] ]
nx 3 ny 2
z.shape (5, 2)
common part
 [ [-1  0  1] [0 0 1] ]
 [ [-1 -1  4] [ 1 -1  4] ]
 [ [-3 -1  6] [-3  1  6] ]
 [ [-1  0  1] [0 0 1] ]
 [ [-1  0  1] [0 0 1] ]
number of vertices in common part 3
common part
 [ [-1  0  1] [0 0 1] ]
 [ [-1 -1  4] [ 1 -1  4] ]
 [ [-3 -1  6] [-3  1  6] ]
nod 24
cross points of two triangles
 [ [-1  0  1] [0 0 1] ]
common points in triangles
 [ [-1  0  1] [0 0 1] ]
 [ [-1  0  1] [0 0 1] ]
nx 1 ny 2
z.shape (3, 2)
common part
 [ [-1  0  1] [0 0 1] ]
 [ [-1  0  1] [0 0 1] ]
 [ [-1  0  1] [0 0 1] ]
number of vertices in common part 1
common part
 [ [-1  0  1] [0 0 1] ]
cross points of two triangles
 [ [-1  0  1] [0 0 1] ]
 [ [-1  0  1] [-2  1  1] ]
 [ [-3 -2  6] [ 0 -1  6] ]
common points in triangles
 [ [-1  0  1] [0 0 1] ]
 [ [-1  0  1] [0 0 1] ]
 [ [-3 -2  6] [ 0 -1  6] ]
nx 3 ny 3
z.shape (6, 2)
common part
 [ [-1  0  1] [0 0 1] ]
 [ [-1  0  1] [-2  1  1] ]
 [ [-3 -2  6] [ 0 -1  6] ]
 [ [-1  0  1] [0 0 1] ]
 [ [-1  0  1] [0 0 1] ]
 [ [-3 -2  6] [ 0 -1  6] ]
number of vertices in common part 3
common part
 [ [-1  0  1] [0 0 1] ]
 [ [-1  0  1] [-2  1  1] ]
 [ [-3 -2  6] [ 0 -1  6] ]
nod 25
cross points of two triangles
 [ [-1  0  1] [0 0 1] ]
common points in triangles
 [ [-1  0  1] [0 0 1] ]
 [ [-1  0  1] [0 0 1] ]
nx 1 ny 2
z.shape (3, 2)
common part
 [ [-1  0  1] [0 0 1] ]
 [ [-1  0  1] [0 0 1] ]
 [ [-1  0  1] [0 0 1] ]
number of vertices in common part 1
common part
 [ [-1  0  1] [0 0 1] ]
cross points of two triangles
 [ [-1  0  1] [0 0 1] ]
common points in triangles
 [ [-1  0  1] [0 0 1] ]
 [ [-1  0  1] [0 0 1] ]
nx 1 ny 2
z.shape (3, 2)
common part
 [ [-1  0  1] [0 0 1] ]
 [ [-1  0  1] [0 0 1] ]
 [ [-1  0  1] [0 0 1] ]
number of vertices in common part 1
common part
 [ [-1  0  1] [0 0 1] ]
cross points of two triangles
 [ [-1  0  1] [0 0 1] ]
 [ [0 0 1] [0 0 1] ]
 [ [-1  0  2] [-2  1  2] ]
common points in triangles
 [ [0 0 1] [0 0 1] ]
 [ [0 0 1] [0 0 1] ]
 [ [-1  0  1] [0 0 1] ]
 [ [-1  0  1] [0 0 1] ]
nx 3 ny 4
z.shape (7, 2)
common part
 [ [-1  0  1] [0 0 1] ]
 [ [0 0 1] [0 0 1] ]
 [ [-1  0  2] [-2  1  2] ]
 [ [0 0 1] [0 0 1] ]
 [ [0 0 1] [0 0 1] ]
 [ [-1  0  1] [0 0 1] ]
 [ [-1  0  1] [0 0 1] ]
number of vertices in common part 3
common part
 [ [-1  0  1] [0 0 1] ]
 [ [0 0 1] [0 0 1] ]
 [ [-1  0  2] [-2  1  2] ]
nod 26
cross points of two triangles
 [ [-1  0  1] [0 0 1] ]
common points in triangles
 [ [-1  0  1] [0 0 1] ]
 [ [-1  0  1] [0 0 1] ]
nx 1 ny 2
z.shape (3, 2)
common part
 [ [-1  0  1] [0 0 1] ]
 [ [-1  0  1] [0 0 1] ]
 [ [-1  0  1] [0 0 1] ]
number of vertices in common part 1
common part
 [ [-1  0  1] [0 0 1] ]
cross points of two triangles
common points in triangles
cross points of two triangles
 [ [0 0 1] [0 0 1] ]
common points in triangles
 [ [0 0 1] [0 0 1] ]
 [ [0 0 1] [0 0 1] ]
nx 1 ny 2
z.shape (3, 2)
common part
 [ [0 0 1] [0 0 1] ]
 [ [0 0 1] [0 0 1] ]
 [ [0 0 1] [0 0 1] ]
number of vertices in common part 1
common part
 [ [0 0 1] [0 0 1] ]
cross points of two triangles
common points in triangles
cross points of two triangles
common points in triangles
cross points of two triangles
common points in triangles
cross points of two triangles
common points in triangles
cross points of two triangles
common points in triangles
cross points of two triangles
common points in triangles
cross points of two triangles
common points in triangles
cross points of two triangles
common points in triangles
cross points of two triangles
common points in triangles
cross points of two triangles
common points in triangles
cross points of two triangles
common points in triangles
cross points of two triangles
common points in triangles
cross points of two triangles
common points in triangles
cross points of two triangles
common points in triangles
cross points of two triangles
common points in triangles
cross points of two triangles
common points in triangles
cross points of two triangles
common points in triangles
cross points of two triangles
common points in triangles
cross points of two triangles
common points in triangles
cross points of two triangles
common points in triangles
cross points of two triangles
 [ [0 0 1] [0 0 1] ]
common points in triangles
 [ [0 0 1] [0 0 1] ]
 [ [0 0 1] [0 0 1] ]
nx 1 ny 2
z.shape (3, 2)
common part
 [ [0 0 1] [0 0 1] ]
 [ [0 0 1] [0 0 1] ]
 [ [0 0 1] [0 0 1] ]
number of vertices in common part 1
common part
 [ [0 0 1] [0 0 1] ]
cross points of two triangles
common points in triangles
cross points of two triangles
common points in triangles
cross points of two triangles
 [ [0 0 1] [0 0 1] ]
common points in triangles
 [ [0 0 1] [0 0 1] ]
 [ [0 0 1] [0 0 1] ]
nx 1 ny 2
z.shape (3, 2)
common part
 [ [0 0 1] [0 0 1] ]
 [ [0 0 1] [0 0 1] ]
 [ [0 0 1] [0 0 1] ]
number of vertices in common part 1
common part
 [ [0 0 1] [0 0 1] ]
cross points of two triangles
common points in triangles
cross points of two triangles
common points in triangles
cross points of two triangles
common points in triangles
cross points of two triangles
common points in triangles
cross points of two triangles
 [ [-1  0  4] [ 0 -1  4] ]
 [ [-2  1  2] [ 3 -2  2] ]
 [ [-2  1  2] [-1  0  2] ]
 [ [-2  1  4] [-1  0  4] ]
common points in triangles
 [ [-2  1  2] [-1  0  2] ]
nx 4 ny 1
z.shape (5, 2)
common part
 [ [-1  0  4] [ 0 -1  4] ]
 [ [-2  1  2] [ 3 -2  2] ]
 [ [-2  1  2] [-1  0  2] ]
 [ [-2  1  4] [-1  0  4] ]
 [ [-2  1  2] [-1  0  2] ]
number of vertices in common part 4
common part
 [ [-1  0  4] [ 0 -1  4] ]
 [ [-2  1  2] [ 3 -2  2] ]
 [ [-2  1  2] [-1  0  2] ]
 [ [-2  1  4] [-1  0  4] ]
nod 27
cross points of two triangles
common points in triangles
cross points of two triangles
common points in triangles
cross points of two triangles
common points in triangles
cross points of two triangles
common points in triangles
cross points of two triangles
 [ [-1  0  2] [ 0 -1  2] ]
 [ [ 1 -1  2] [-3  1  2] ]
 [ [-3  1  6] [-3 -1  6] ]
common points in triangles
 [ [-1  0  2] [ 0 -1  2] ]
 [ [-1  0  2] [ 0 -1  2] ]
 [ [-3  1  6] [-3 -1  6] ]
nx 3 ny 3
z.shape (6, 2)
common part
 [ [-1  0  2] [ 0 -1  2] ]
 [ [ 1 -1  2] [-3  1  2] ]
 [ [-3  1  6] [-3 -1  6] ]
 [ [-1  0  2] [ 0 -1  2] ]
 [ [-1  0  2] [ 0 -1  2] ]
 [ [-3  1  6] [-3 -1  6] ]
number of vertices in common part 3
common part
 [ [-1  0  2] [ 0 -1  2] ]
 [ [ 1 -1  2] [-3  1  2] ]
 [ [-3  1  6] [-3 -1  6] ]
nod 28
cross points of two triangles
 [ [-1  0  2] [ 0 -1  2] ]
common points in triangles
 [ [-1  0  2] [ 0 -1  2] ]
 [ [-1  0  2] [ 0 -1  2] ]
nx 1 ny 2
z.shape (3, 2)
common part
 [ [-1  0  2] [ 0 -1  2] ]
 [ [-1  0  2] [ 0 -1  2] ]
 [ [-1  0  2] [ 0 -1  2] ]
number of vertices in common part 1
common part
 [ [-1  0  2] [ 0 -1  2] ]
cross points of two triangles
common points in triangles
cross points of two triangles
common points in triangles
cross points of two triangles
common points in triangles
cross points of two triangles
common points in triangles
cross points of two triangles
 [ [-1  0  4] [ 0 -1  4] ]
 [ [ 1 -1  2] [-3  1  2] ]
 [ [-2  1  2] [-1  0  2] ]
 [ [-3  1  6] [-3 -1  6] ]
common points in triangles
 [ [-2  1  2] [-1  0  2] ]
 [ [-3  1  6] [-3 -1  6] ]
nx 4 ny 2
z.shape (6, 2)
common part
 [ [-1  0  4] [ 0 -1  4] ]
 [ [ 1 -1  2] [-3  1  2] ]
 [ [-2  1  2] [-1  0  2] ]
 [ [-3  1  6] [-3 -1  6] ]
 [ [-2  1  2] [-1  0  2] ]
 [ [-3  1  6] [-3 -1  6] ]
number of vertices in common part 4
common part
 [ [-1  0  4] [ 0 -1  4] ]
 [ [ 1 -1  2] [-3  1  2] ]
 [ [-2  1  2] [-1  0  2] ]
 [ [-3  1  6] [-3 -1  6] ]
nod 29
cross points of two triangles
common points in triangles
cross points of two triangles
common points in triangles
cross points of two triangles
common points in triangles
cross points of two triangles
common points in triangles
cross points of two triangles
 [ [0 0 1] [0 0 1] ]
 [ [-2  1  2] [ 3 -2  2] ]
 [ [-2  1  4] [-1  0  4] ]
common points in triangles
 [ [0 0 1] [0 0 1] ]
 [ [0 0 1] [0 0 1] ]
nx 3 ny 2
z.shape (5, 2)
common part
 [ [0 0 1] [0 0 1] ]
 [ [-2  1  2] [ 3 -2  2] ]
 [ [-2  1  4] [-1  0  4] ]
 [ [0 0 1] [0 0 1] ]
 [ [0 0 1] [0 0 1] ]
number of vertices in common part 3
common part
 [ [0 0 1] [0 0 1] ]
 [ [-2  1  2] [ 3 -2  2] ]
 [ [-2  1  4] [-1  0  4] ]
nod 30
cross points of two triangles
common points in triangles
cross points of two triangles
common points in triangles
cross points of two triangles
 [ [0 0 1] [0 0 1] ]
 [ [0 0 1] [ 2 -1  1] ]
 [ [-2  1  4] [1 0 4] ]
common points in triangles
 [ [0 0 1] [0 0 1] ]
 [ [0 0 1] [0 0 1] ]
nx 3 ny 2
z.shape (5, 2)
common part
 [ [0 0 1] [0 0 1] ]
 [ [0 0 1] [ 2 -1  1] ]
 [ [-2  1  4] [1 0 4] ]
 [ [0 0 1] [0 0 1] ]
 [ [0 0 1] [0 0 1] ]
number of vertices in common part 3
common part
 [ [0 0 1] [0 0 1] ]
 [ [0 0 1] [ 2 -1  1] ]
 [ [-2  1  4] [1 0 4] ]
nod 31
cross points of two triangles
common points in triangles
cross points of two triangles
common points in triangles
cross points of two triangles
common points in triangles
cross points of two triangles
common points in triangles
cross points of two triangles
common points in triangles
cross points of two triangles
common points in triangles
cross points of two triangles
 [ [-2  1  2] [1 0 2] ]
 [ [-3  1  6] [3 1 6] ]
common points in triangles
 [ [-2  1  2] [1 0 2] ]
 [ [-3  1  6] [3 1 6] ]
nx 2 ny 2
z.shape (4, 2)
common part
 [ [-2  1  2] [1 0 2] ]
 [ [-3  1  6] [3 1 6] ]
 [ [-2  1  2] [1 0 2] ]
 [ [-3  1  6] [3 1 6] ]
number of vertices in common part 2
common part
 [ [-2  1  2] [1 0 2] ]
 [ [-3  1  6] [3 1 6] ]
cross points of two triangles
common points in triangles
cross points of two triangles
common points in triangles
cross points of two triangles
common points in triangles
cross points of two triangles
common points in triangles
cross points of two triangles
common points in triangles
cross points of two triangles
common points in triangles
cross points of two triangles
 [ [0 0 1] [ 2 -1  1] ]
 [ [0 0 1] [-1  1  2] ]
 [ [-2  1  2] [1 0 2] ]
 [ [-2  1  4] [1 0 4] ]
common points in triangles
 [ [-2  1  2] [1 0 2] ]
nx 4 ny 1
z.shape (5, 2)
common part
 [ [0 0 1] [ 2 -1  1] ]
 [ [0 0 1] [-1  1  2] ]
 [ [-2  1  2] [1 0 2] ]
 [ [-2  1  4] [1 0 4] ]
 [ [-2  1  2] [1 0 2] ]
number of vertices in common part 4
common part
 [ [0 0 1] [ 2 -1  1] ]
 [ [0 0 1] [-1  1  2] ]
 [ [-2  1  2] [1 0 2] ]
 [ [-2  1  4] [1 0 4] ]
nod 32
cross points of two triangles
common points in triangles
cross points of two triangles
common points in triangles
cross points of two triangles
common points in triangles
cross points of two triangles
common points in triangles
cross points of two triangles
 [ [-3  1  6] [3 1 6] ]
common points in triangles
 [ [-3  1  6] [3 1 6] ]
nx 1 ny 1
z.shape (2, 2)
common part
 [ [-3  1  6] [3 1 6] ]
 [ [-3  1  6] [3 1 6] ]
number of vertices in common part 1
common part
 [ [-3  1  6] [3 1 6] ]
cross points of two triangles
common points in triangles
cross points of two triangles
 [ [0 0 1] [0 0 1] ]
common points in triangles
 [ [0 0 1] [0 0 1] ]
 [ [0 0 1] [0 0 1] ]
nx 1 ny 2
z.shape (3, 2)
common part
 [ [0 0 1] [0 0 1] ]
 [ [0 0 1] [0 0 1] ]
 [ [0 0 1] [0 0 1] ]
number of vertices in common part 1
common part
 [ [0 0 1] [0 0 1] ]
cross points of two triangles
common points in triangles
cross points of two triangles
common points in triangles
cross points of two triangles
 [ [0 0 1] [0 0 1] ]
common points in triangles
 [ [0 0 1] [0 0 1] ]
 [ [0 0 1] [0 0 1] ]
nx 1 ny 2
z.shape (3, 2)
common part
 [ [0 0 1] [0 0 1] ]
 [ [0 0 1] [0 0 1] ]
 [ [0 0 1] [0 0 1] ]
number of vertices in common part 1
common part
 [ [0 0 1] [0 0 1] ]
cross points of two triangles
common points in triangles
cross points of two triangles
common points in triangles
cross points of two triangles
common points in triangles
cross points of two triangles
common points in triangles
cross points of two triangles
common points in triangles
cross points of two triangles
common points in triangles
cross points of two triangles
common points in triangles
cross points of two triangles
common points in triangles
cross points of two triangles
common points in triangles
cross points of two triangles
common points in triangles
cross points of two triangles
common points in triangles
cross points of two triangles
common points in triangles
cross points of two triangles
common points in triangles
cross points of two triangles
common points in triangles
cross points of two triangles
common points in triangles
cross points of two triangles
common points in triangles
cross points of two triangles
common points in triangles
cross points of two triangles
common points in triangles
cross points of two triangles
common points in triangles
cross points of two triangles
common points in triangles
cross points of two triangles
 [ [0 0 1] [0 0 1] ]
common points in triangles
 [ [0 0 1] [0 0 1] ]
 [ [0 0 1] [0 0 1] ]
nx 1 ny 2
z.shape (3, 2)
common part
 [ [0 0 1] [0 0 1] ]
 [ [0 0 1] [0 0 1] ]
 [ [0 0 1] [0 0 1] ]
number of vertices in common part 1
common part
 [ [0 0 1] [0 0 1] ]
cross points of two triangles
common points in triangles
cross points of two triangles
common points in triangles
cross points of two triangles
 [ [0 0 1] [0 0 1] ]
common points in triangles
 [ [0 0 1] [0 0 1] ]
 [ [0 0 1] [0 0 1] ]
nx 1 ny 2
z.shape (3, 2)
common part
 [ [0 0 1] [0 0 1] ]
 [ [0 0 1] [0 0 1] ]
 [ [0 0 1] [0 0 1] ]
number of vertices in common part 1
common part
 [ [0 0 1] [0 0 1] ]
cross points of two triangles
common points in triangles
cross points of two triangles
common points in triangles
cross points of two triangles
common points in triangles
cross points of two triangles
common points in triangles
cross points of two triangles
 [ [-3  2  6] [ 0 -1  6] ]
common points in triangles
 [ [-3  2  6] [ 0 -1  6] ]
nx 1 ny 1
z.shape (2, 2)
common part
 [ [-3  2  6] [ 0 -1  6] ]
 [ [-3  2  6] [ 0 -1  6] ]
number of vertices in common part 1
common part
 [ [-3  2  6] [ 0 -1  6] ]
cross points of two triangles
common points in triangles
cross points of two triangles
common points in triangles
cross points of two triangles
common points in triangles
cross points of two triangles
common points in triangles
cross points of two triangles
common points in triangles
cross points of two triangles
common points in triangles
cross points of two triangles
common points in triangles
cross points of two triangles
common points in triangles
cross points of two triangles
common points in triangles
cross points of two triangles
common points in triangles
cross points of two triangles
common points in triangles
cross points of two triangles
common points in triangles
cross points of two triangles
common points in triangles
cross points of two triangles
common points in triangles
cross points of two triangles
common points in triangles
cross points of two triangles
 [ [0 0 1] [0 0 1] ]
 [ [-3  2  6] [ 0 -1  6] ]
common points in triangles
 [ [0 0 1] [0 0 1] ]
 [ [0 0 1] [0 0 1] ]
 [ [-3  2  6] [ 0 -1  6] ]
nx 2 ny 3
z.shape (5, 2)
common part
 [ [0 0 1] [0 0 1] ]
 [ [-3  2  6] [ 0 -1  6] ]
 [ [0 0 1] [0 0 1] ]
 [ [0 0 1] [0 0 1] ]
 [ [-3  2  6] [ 0 -1  6] ]
number of vertices in common part 2
common part
 [ [0 0 1] [0 0 1] ]
 [ [-3  2  6] [ 0 -1  6] ]
cross points of two triangles
common points in triangles
cross points of two triangles
common points in triangles
cross points of two triangles
 [ [0 0 1] [0 0 1] ]
 [ [0 0 1] [ 2 -1  1] ]
 [ [-3  2  6] [0 1 6] ]
common points in triangles
 [ [0 0 1] [0 0 1] ]
 [ [0 0 1] [0 0 1] ]
 [ [-3  2  6] [0 1 6] ]
nx 3 ny 3
z.shape (6, 2)
common part
 [ [0 0 1] [0 0 1] ]
 [ [0 0 1] [ 2 -1  1] ]
 [ [-3  2  6] [0 1 6] ]
 [ [0 0 1] [0 0 1] ]
 [ [0 0 1] [0 0 1] ]
 [ [-3  2  6] [0 1 6] ]
number of vertices in common part 3
common part
 [ [0 0 1] [0 0 1] ]
 [ [0 0 1] [ 2 -1  1] ]
 [ [-3  2  6] [0 1 6] ]
nod 33
cross points of two triangles
common points in triangles
cross points of two triangles
common points in triangles
cross points of two triangles
common points in triangles
cross points of two triangles
common points in triangles
cross points of two triangles
common points in triangles
cross points of two triangles
common points in triangles
cross points of two triangles
common points in triangles
cross points of two triangles
common points in triangles
cross points of two triangles
common points in triangles
cross points of two triangles
common points in triangles
cross points of two triangles
common points in triangles
cross points of two triangles
common points in triangles
cross points of two triangles
common points in triangles
cross points of two triangles
 [ [0 0 1] [ 2 -1  1] ]
 [ [0 0 1] [-1  1  2] ]
 [ [-3  2  6] [0 1 6] ]
common points in triangles
 [ [-3  2  6] [0 1 6] ]
nx 3 ny 1
z.shape (4, 2)
common part
 [ [0 0 1] [ 2 -1  1] ]
 [ [0 0 1] [-1  1  2] ]
 [ [-3  2  6] [0 1 6] ]
 [ [-3  2  6] [0 1 6] ]
number of vertices in common part 3
common part
 [ [0 0 1] [ 2 -1  1] ]
 [ [0 0 1] [-1  1  2] ]
 [ [-3  2  6] [0 1 6] ]
nod 34
cross points of two triangles
common points in triangles
cross points of two triangles
common points in triangles
cross points of two triangles
common points in triangles
cross points of two triangles
common points in triangles
cross points of two triangles
common points in triangles
cross points of two triangles
common points in triangles
cross points of two triangles
 [ [0 0 1] [0 0 1] ]
common points in triangles
 [ [0 0 1] [0 0 1] ]
 [ [0 0 1] [0 0 1] ]
nx 1 ny 2
z.shape (3, 2)
common part
 [ [0 0 1] [0 0 1] ]
 [ [0 0 1] [0 0 1] ]
 [ [0 0 1] [0 0 1] ]
number of vertices in common part 1
common part
 [ [0 0 1] [0 0 1] ]
cross points of two triangles
common points in triangles
cross points of two triangles
common points in triangles
cross points of two triangles
 [ [0 0 1] [0 0 1] ]
common points in triangles
 [ [0 0 1] [0 0 1] ]
 [ [0 0 1] [0 0 1] ]
nx 1 ny 2
z.shape (3, 2)
common part
 [ [0 0 1] [0 0 1] ]
 [ [0 0 1] [0 0 1] ]
 [ [0 0 1] [0 0 1] ]
number of vertices in common part 1
common part
 [ [0 0 1] [0 0 1] ]
cross points of two triangles
common points in triangles
cross points of two triangles
common points in triangles
cross points of two triangles
 [ [-3 -1  6] [-3 -1  6] ]
common points in triangles
 [ [-3 -1  6] [-3 -1  6] ]
nx 1 ny 1
z.shape (2, 2)
common part
 [ [-3 -1  6] [-3 -1  6] ]
 [ [-3 -1  6] [-3 -1  6] ]
number of vertices in common part 1
common part
 [ [-3 -1  6] [-3 -1  6] ]
cross points of two triangles
common points in triangles
cross points of two triangles
 [ [-1  0  4] [ 0 -1  4] ]
 [ [-2  1  2] [ 3 -2  2] ]
 [ [ 1 -1  2] [ 1 -1  2] ]
 [ [-3  1  6] [-3  1  6] ]
common points in triangles
nx 4 ny 0
z.shape (4, 2)
common part
 [ [-1  0  4] [ 0 -1  4] ]
 [ [-2  1  2] [ 3 -2  2] ]
 [ [ 1 -1  2] [ 1 -1  2] ]
 [ [-3  1  6] [-3  1  6] ]
number of vertices in common part 4
common part
 [ [-1  0  4] [ 0 -1  4] ]
 [ [-2  1  2] [ 3 -2  2] ]
 [ [ 1 -1  2] [ 1 -1  2] ]
 [ [-3  1  6] [-3  1  6] ]
nod 35
cross points of two triangles
common points in triangles
cross points of two triangles
common points in triangles
cross points of two triangles
common points in triangles
cross points of two triangles
common points in triangles
cross points of two triangles
 [ [-1  0  2] [ 0 -1  2] ]
 [ [ 1 -1  2] [-3  1  2] ]
 [ [-3  1  2] [-3  1  2] ]
 [ [-1  0  2] [-1  0  2] ]
common points in triangles
 [ [-1  0  2] [ 0 -1  2] ]
 [ [-1  0  2] [ 0 -1  2] ]
nx 4 ny 2
z.shape (6, 2)
common part
 [ [-1  0  2] [ 0 -1  2] ]
 [ [ 1 -1  2] [-3  1  2] ]
 [ [-3  1  2] [-3  1  2] ]
 [ [-1  0  2] [-1  0  2] ]
 [ [-1  0  2] [ 0 -1  2] ]
 [ [-1  0  2] [ 0 -1  2] ]
number of vertices in common part 4
common part
 [ [-1  0  2] [ 0 -1  2] ]
 [ [ 1 -1  2] [-3  1  2] ]
 [ [-3  1  2] [-3  1  2] ]
 [ [-1  0  2] [-1  0  2] ]
nod 36
cross points of two triangles
 [ [-1  0  2] [ 0 -1  2] ]
 [ [-3  1  2] [-3  1  2] ]
 [ [-3 -1  6] [-3 -1  6] ]
common points in triangles
 [ [-1  0  2] [ 0 -1  2] ]
 [ [-1  0  2] [ 0 -1  2] ]
 [ [-3 -1  6] [-3 -1  6] ]
nx 3 ny 3
z.shape (6, 2)
common part
 [ [-1  0  2] [ 0 -1  2] ]
 [ [-3  1  2] [-3  1  2] ]
 [ [-3 -1  6] [-3 -1  6] ]
 [ [-1  0  2] [ 0 -1  2] ]
 [ [-1  0  2] [ 0 -1  2] ]
 [ [-3 -1  6] [-3 -1  6] ]
number of vertices in common part 3
common part
 [ [-1  0  2] [ 0 -1  2] ]
 [ [-3  1  2] [-3  1  2] ]
 [ [-3 -1  6] [-3 -1  6] ]
nod 37
cross points of two triangles
common points in triangles
cross points of two triangles
common points in triangles
cross points of two triangles
common points in triangles
cross points of two triangles
common points in triangles
cross points of two triangles
 [ [-1  0  4] [ 0 -1  4] ]
 [ [ 1 -1  2] [-3  1  2] ]
 [ [ 1 -1  2] [ 1 -1  2] ]
 [ [-1  0  2] [-1  0  2] ]
common points in triangles
nx 4 ny 0
z.shape (4, 2)
common part
 [ [-1  0  4] [ 0 -1  4] ]
 [ [ 1 -1  2] [-3  1  2] ]
 [ [ 1 -1  2] [ 1 -1  2] ]
 [ [-1  0  2] [-1  0  2] ]
number of vertices in common part 4
common part
 [ [-1  0  4] [ 0 -1  4] ]
 [ [ 1 -1  2] [-3  1  2] ]
 [ [ 1 -1  2] [ 1 -1  2] ]
 [ [-1  0  2] [-1  0  2] ]
nod 38
cross points of two triangles
common points in triangles
cross points of two triangles
common points in triangles
cross points of two triangles
common points in triangles
cross points of two triangles
common points in triangles
cross points of two triangles
 [ [0 0 1] [0 0 1] ]
 [ [-2  1  2] [ 3 -2  2] ]
 [ [-3  1  6] [-3  1  6] ]
common points in triangles
 [ [0 0 1] [0 0 1] ]
 [ [0 0 1] [0 0 1] ]
nx 3 ny 2
z.shape (5, 2)
common part
 [ [0 0 1] [0 0 1] ]
 [ [-2  1  2] [ 3 -2  2] ]
 [ [-3  1  6] [-3  1  6] ]
 [ [0 0 1] [0 0 1] ]
 [ [0 0 1] [0 0 1] ]
number of vertices in common part 3
common part
 [ [0 0 1] [0 0 1] ]
 [ [-2  1  2] [ 3 -2  2] ]
 [ [-3  1  6] [-3  1  6] ]
nod 39
cross points of two triangles
common points in triangles
cross points of two triangles
common points in triangles
cross points of two triangles
 [ [0 0 1] [0 0 1] ]
common points in triangles
 [ [0 0 1] [0 0 1] ]
 [ [0 0 1] [0 0 1] ]
nx 1 ny 2
z.shape (3, 2)
common part
 [ [0 0 1] [0 0 1] ]
 [ [0 0 1] [0 0 1] ]
 [ [0 0 1] [0 0 1] ]
number of vertices in common part 1
common part
 [ [0 0 1] [0 0 1] ]
cross points of two triangles
common points in triangles
cross points of two triangles
common points in triangles
cross points of two triangles
common points in triangles
cross points of two triangles
common points in triangles
cross points of two triangles
common points in triangles
cross points of two triangles
common points in triangles
cross points of two triangles
common points in triangles
cross points of two triangles
common points in triangles
cross points of two triangles
common points in triangles
cross points of two triangles
common points in triangles
cross points of two triangles
common points in triangles
cross points of two triangles
common points in triangles
cross points of two triangles
common points in triangles
cross points of two triangles
common points in triangles
cross points of two triangles
common points in triangles
cross points of two triangles
common points in triangles
cross points of two triangles
common points in triangles
cross points of two triangles
common points in triangles
cross points of two triangles
common points in triangles
cross points of two triangles
common points in triangles
cross points of two triangles
 [ [0 0 1] [0 0 1] ]
common points in triangles
 [ [0 0 1] [0 0 1] ]
 [ [0 0 1] [0 0 1] ]
nx 1 ny 2
z.shape (3, 2)
common part
 [ [0 0 1] [0 0 1] ]
 [ [0 0 1] [0 0 1] ]
 [ [0 0 1] [0 0 1] ]
number of vertices in common part 1
common part
 [ [0 0 1] [0 0 1] ]
cross points of two triangles
common points in triangles
cross points of two triangles
 [ [-1  0  1] [0 0 1] ]
common points in triangles
 [ [-1  0  1] [0 0 1] ]
 [ [-1  0  1] [0 0 1] ]
nx 1 ny 2
z.shape (3, 2)
common part
 [ [-1  0  1] [0 0 1] ]
 [ [-1  0  1] [0 0 1] ]
 [ [-1  0  1] [0 0 1] ]
number of vertices in common part 1
common part
 [ [-1  0  1] [0 0 1] ]
cross points of two triangles
 [ [0 0 1] [0 0 1] ]
 [ [-1  0  1] [0 0 1] ]
 [ [-1  0  2] [ 2 -1  2] ]
common points in triangles
 [ [-1  0  1] [0 0 1] ]
 [ [-1  0  1] [0 0 1] ]
 [ [0 0 1] [0 0 1] ]
 [ [0 0 1] [0 0 1] ]
nx 3 ny 4
z.shape (7, 2)
common part
 [ [0 0 1] [0 0 1] ]
 [ [-1  0  1] [0 0 1] ]
 [ [-1  0  2] [ 2 -1  2] ]
 [ [-1  0  1] [0 0 1] ]
 [ [-1  0  1] [0 0 1] ]
 [ [0 0 1] [0 0 1] ]
 [ [0 0 1] [0 0 1] ]
number of vertices in common part 3
common part
 [ [0 0 1] [0 0 1] ]
 [ [-1  0  1] [0 0 1] ]
 [ [-1  0  2] [ 2 -1  2] ]
nod 40
cross points of two triangles
 [ [-1  0  1] [0 0 1] ]
common points in triangles
 [ [-1  0  1] [0 0 1] ]
 [ [-1  0  1] [0 0 1] ]
nx 1 ny 2
z.shape (3, 2)
common part
 [ [-1  0  1] [0 0 1] ]
 [ [-1  0  1] [0 0 1] ]
 [ [-1  0  1] [0 0 1] ]
number of vertices in common part 1
common part
 [ [-1  0  1] [0 0 1] ]
cross points of two triangles
 [ [-1  0  1] [0 0 1] ]
 [ [ 0 -1  2] [-3  2  2] ]
 [ [-2 -1  4] [1 0 4] ]
common points in triangles
 [ [-1  0  1] [0 0 1] ]
 [ [-1  0  1] [0 0 1] ]
nx 3 ny 2
z.shape (5, 2)
common part
 [ [-1  0  1] [0 0 1] ]
 [ [ 0 -1  2] [-3  2  2] ]
 [ [-2 -1  4] [1 0 4] ]
 [ [-1  0  1] [0 0 1] ]
 [ [-1  0  1] [0 0 1] ]
number of vertices in common part 3
common part
 [ [-1  0  1] [0 0 1] ]
 [ [ 0 -1  2] [-3  2  2] ]
 [ [-2 -1  4] [1 0 4] ]
nod 41
cross points of two triangles
 [ [-1  0  1] [0 0 1] ]
common points in triangles
 [ [-1  0  1] [0 0 1] ]
 [ [-1  0  1] [0 0 1] ]
nx 1 ny 2
z.shape (3, 2)
common part
 [ [-1  0  1] [0 0 1] ]
 [ [-1  0  1] [0 0 1] ]
 [ [-1  0  1] [0 0 1] ]
number of vertices in common part 1
common part
 [ [-1  0  1] [0 0 1] ]
cross points of two triangles
 [ [-1  0  1] [0 0 1] ]
common points in triangles
 [ [-1  0  1] [0 0 1] ]
 [ [-1  0  1] [0 0 1] ]
nx 1 ny 2
z.shape (3, 2)
common part
 [ [-1  0  1] [0 0 1] ]
 [ [-1  0  1] [0 0 1] ]
 [ [-1  0  1] [0 0 1] ]
number of vertices in common part 1
common part
 [ [-1  0  1] [0 0 1] ]
cross points of two triangles
 [ [-1  0  1] [0 0 1] ]
common points in triangles
 [ [-1  0  1] [0 0 1] ]
 [ [-1  0  1] [0 0 1] ]
nx 1 ny 2
z.shape (3, 2)
common part
 [ [-1  0  1] [0 0 1] ]
 [ [-1  0  1] [0 0 1] ]
 [ [-1  0  1] [0 0 1] ]
number of vertices in common part 1
common part
 [ [-1  0  1] [0 0 1] ]
cross points of two triangles
 [ [-1  0  1] [0 0 1] ]
common points in triangles
 [ [-1  0  1] [0 0 1] ]
 [ [-1  0  1] [0 0 1] ]
nx 1 ny 2
z.shape (3, 2)
common part
 [ [-1  0  1] [0 0 1] ]
 [ [-1  0  1] [0 0 1] ]
 [ [-1  0  1] [0 0 1] ]
number of vertices in common part 1
common part
 [ [-1  0  1] [0 0 1] ]
cross points of two triangles
 [ [-1  0  1] [0 0 1] ]
 [ [-1 -1  4] [-1  1  4] ]
 [ [-3 -1  6] [ 3 -1  6] ]
common points in triangles
 [ [-1  0  1] [0 0 1] ]
 [ [-1  0  1] [0 0 1] ]
nx 3 ny 2
z.shape (5, 2)
common part
 [ [-1  0  1] [0 0 1] ]
 [ [-1 -1  4] [-1  1  4] ]
 [ [-3 -1  6] [ 3 -1  6] ]
 [ [-1  0  1] [0 0 1] ]
 [ [-1  0  1] [0 0 1] ]
number of vertices in common part 3
common part
 [ [-1  0  1] [0 0 1] ]
 [ [-1 -1  4] [-1  1  4] ]
 [ [-3 -1  6] [ 3 -1  6] ]
nod 42
cross points of two triangles
 [ [-1  0  1] [0 0 1] ]
common points in triangles
 [ [-1  0  1] [0 0 1] ]
 [ [-1  0  1] [0 0 1] ]
nx 1 ny 2
z.shape (3, 2)
common part
 [ [-1  0  1] [0 0 1] ]
 [ [-1  0  1] [0 0 1] ]
 [ [-1  0  1] [0 0 1] ]
number of vertices in common part 1
common part
 [ [-1  0  1] [0 0 1] ]
cross points of two triangles
 [ [-1  0  1] [0 0 1] ]
 [ [-1  0  1] [ 2 -1  1] ]
 [ [-3 -2  6] [0 1 6] ]
common points in triangles
 [ [-1  0  1] [0 0 1] ]
 [ [-1  0  1] [0 0 1] ]
 [ [-3 -2  6] [0 1 6] ]
nx 3 ny 3
z.shape (6, 2)
common part
 [ [-1  0  1] [0 0 1] ]
 [ [-1  0  1] [ 2 -1  1] ]
 [ [-3 -2  6] [0 1 6] ]
 [ [-1  0  1] [0 0 1] ]
 [ [-1  0  1] [0 0 1] ]
 [ [-3 -2  6] [0 1 6] ]
number of vertices in common part 3
common part
 [ [-1  0  1] [0 0 1] ]
 [ [-1  0  1] [ 2 -1  1] ]
 [ [-3 -2  6] [0 1 6] ]
nod 43
cross points of two triangles
 [ [-1  0  1] [0 0 1] ]
common points in triangles
 [ [-1  0  1] [0 0 1] ]
 [ [-1  0  1] [0 0 1] ]
nx 1 ny 2
z.shape (3, 2)
common part
 [ [-1  0  1] [0 0 1] ]
 [ [-1  0  1] [0 0 1] ]
 [ [-1  0  1] [0 0 1] ]
number of vertices in common part 1
common part
 [ [-1  0  1] [0 0 1] ]
cross points of two triangles
 [ [-1  0  1] [0 0 1] ]
common points in triangles
 [ [-1  0  1] [0 0 1] ]
 [ [-1  0  1] [0 0 1] ]
nx 1 ny 2
z.shape (3, 2)
common part
 [ [-1  0  1] [0 0 1] ]
 [ [-1  0  1] [0 0 1] ]
 [ [-1  0  1] [0 0 1] ]
number of vertices in common part 1
common part
 [ [-1  0  1] [0 0 1] ]
cross points of two triangles
 [ [-1  0  1] [0 0 1] ]
 [ [-1  0  1] [ 2 -1  1] ]
 [ [-2 -1  4] [1 0 4] ]
common points in triangles
 [ [-1  0  1] [0 0 1] ]
 [ [-1  0  1] [0 0 1] ]
nx 3 ny 2
z.shape (5, 2)
common part
 [ [-1  0  1] [0 0 1] ]
 [ [-1  0  1] [ 2 -1  1] ]
 [ [-2 -1  4] [1 0 4] ]
 [ [-1  0  1] [0 0 1] ]
 [ [-1  0  1] [0 0 1] ]
number of vertices in common part 3
common part
 [ [-1  0  1] [0 0 1] ]
 [ [-1  0  1] [ 2 -1  1] ]
 [ [-2 -1  4] [1 0 4] ]
nod 44
cross points of two triangles
 [ [-1  0  1] [0 0 1] ]
common points in triangles
 [ [-1  0  1] [0 0 1] ]
 [ [-1  0  1] [0 0 1] ]
nx 1 ny 2
z.shape (3, 2)
common part
 [ [-1  0  1] [0 0 1] ]
 [ [-1  0  1] [0 0 1] ]
 [ [-1  0  1] [0 0 1] ]
number of vertices in common part 1
common part
 [ [-1  0  1] [0 0 1] ]
cross points of two triangles
 [ [-1  0  1] [0 0 1] ]
 [ [-1 -1  4] [-1  1  4] ]
 [ [-1  0  2] [ 2 -1  2] ]
common points in triangles
 [ [-1  0  1] [0 0 1] ]
 [ [-1  0  1] [0 0 1] ]
nx 3 ny 2
z.shape (5, 2)
common part
 [ [-1  0  1] [0 0 1] ]
 [ [-1 -1  4] [-1  1  4] ]
 [ [-1  0  2] [ 2 -1  2] ]
 [ [-1  0  1] [0 0 1] ]
 [ [-1  0  1] [0 0 1] ]
number of vertices in common part 3
common part
 [ [-1  0  1] [0 0 1] ]
 [ [-1 -1  4] [-1  1  4] ]
 [ [-1  0  2] [ 2 -1  2] ]
nod 45
cross points of two triangles
 [ [-1  0  1] [0 0 1] ]
common points in triangles
 [ [-1  0  1] [0 0 1] ]
 [ [-1  0  1] [0 0 1] ]
nx 1 ny 2
z.shape (3, 2)
common part
 [ [-1  0  1] [0 0 1] ]
 [ [-1  0  1] [0 0 1] ]
 [ [-1  0  1] [0 0 1] ]
number of vertices in common part 1
common part
 [ [-1  0  1] [0 0 1] ]
cross points of two triangles
 [ [-1  0  1] [0 0 1] ]
common points in triangles
 [ [-1  0  1] [0 0 1] ]
 [ [-1  0  1] [0 0 1] ]
nx 1 ny 2
z.shape (3, 2)
common part
 [ [-1  0  1] [0 0 1] ]
 [ [-1  0  1] [0 0 1] ]
 [ [-1  0  1] [0 0 1] ]
number of vertices in common part 1
common part
 [ [-1  0  1] [0 0 1] ]
cross points of two triangles
 [ [-1  0  1] [0 0 1] ]
 [ [-3 -2  6] [0 1 6] ]
common points in triangles
 [ [-1  0  1] [0 0 1] ]
 [ [-1  0  1] [0 0 1] ]
 [ [-3 -2  6] [0 1 6] ]
nx 2 ny 3
z.shape (5, 2)
common part
 [ [-1  0  1] [0 0 1] ]
 [ [-3 -2  6] [0 1 6] ]
 [ [-1  0  1] [0 0 1] ]
 [ [-1  0  1] [0 0 1] ]
 [ [-3 -2  6] [0 1 6] ]
number of vertices in common part 2
common part
 [ [-1  0  1] [0 0 1] ]
 [ [-3 -2  6] [0 1 6] ]
cross points of two triangles
 [ [-1  0  1] [0 0 1] ]
common points in triangles
 [ [-1  0  1] [0 0 1] ]
 [ [-1  0  1] [0 0 1] ]
nx 1 ny 2
z.shape (3, 2)
common part
 [ [-1  0  1] [0 0 1] ]
 [ [-1  0  1] [0 0 1] ]
 [ [-1  0  1] [0 0 1] ]
number of vertices in common part 1
common part
 [ [-1  0  1] [0 0 1] ]
cross points of two triangles
 [ [-1  0  1] [0 0 1] ]
 [ [ 0 -1  2] [-3  2  2] ]
 [ [-3 -1  6] [ 3 -1  6] ]
common points in triangles
 [ [-1  0  1] [0 0 1] ]
 [ [-1  0  1] [0 0 1] ]
nx 3 ny 2
z.shape (5, 2)
common part
 [ [-1  0  1] [0 0 1] ]
 [ [ 0 -1  2] [-3  2  2] ]
 [ [-3 -1  6] [ 3 -1  6] ]
 [ [-1  0  1] [0 0 1] ]
 [ [-1  0  1] [0 0 1] ]
number of vertices in common part 3
common part
 [ [-1  0  1] [0 0 1] ]
 [ [ 0 -1  2] [-3  2  2] ]
 [ [-3 -1  6] [ 3 -1  6] ]
nod 46
cross points of two triangles
 [ [-1  0  1] [0 0 1] ]
common points in triangles
 [ [-1  0  1] [0 0 1] ]
 [ [-1  0  1] [0 0 1] ]
nx 1 ny 2
z.shape (3, 2)
common part
 [ [-1  0  1] [0 0 1] ]
 [ [-1  0  1] [0 0 1] ]
 [ [-1  0  1] [0 0 1] ]
number of vertices in common part 1
common part
 [ [-1  0  1] [0 0 1] ]
cross points of two triangles
 [ [-1  0  1] [0 0 1] ]
 [ [0 0 1] [0 0 1] ]
common points in triangles
 [ [0 0 1] [0 0 1] ]
 [ [-1  0  1] [0 0 1] ]
 [ [-1  0  1] [0 0 1] ]
 [ [0 0 1] [0 0 1] ]
nx 2 ny 4
z.shape (6, 2)
common part
 [ [-1  0  1] [0 0 1] ]
 [ [0 0 1] [0 0 1] ]
 [ [0 0 1] [0 0 1] ]
 [ [-1  0  1] [0 0 1] ]
 [ [-1  0  1] [0 0 1] ]
 [ [0 0 1] [0 0 1] ]
number of vertices in common part 2
common part
 [ [-1  0  1] [0 0 1] ]
 [ [0 0 1] [0 0 1] ]
cross points of two triangles
 [ [-1  0  1] [0 0 1] ]
common points in triangles
 [ [-1  0  1] [0 0 1] ]
 [ [-1  0  1] [0 0 1] ]
nx 1 ny 2
z.shape (3, 2)
common part
 [ [-1  0  1] [0 0 1] ]
 [ [-1  0  1] [0 0 1] ]
 [ [-1  0  1] [0 0 1] ]
number of vertices in common part 1
common part
 [ [-1  0  1] [0 0 1] ]
cross points of two triangles
common points in triangles
cross points of two triangles
 [ [0 0 1] [0 0 1] ]
common points in triangles
 [ [0 0 1] [0 0 1] ]
 [ [0 0 1] [0 0 1] ]
nx 1 ny 2
z.shape (3, 2)
common part
 [ [0 0 1] [0 0 1] ]
 [ [0 0 1] [0 0 1] ]
 [ [0 0 1] [0 0 1] ]
number of vertices in common part 1
common part
 [ [0 0 1] [0 0 1] ]
cross points of two triangles
common points in triangles
cross points of two triangles
common points in triangles
cross points of two triangles
common points in triangles
cross points of two triangles
common points in triangles
cross points of two triangles
common points in triangles
cross points of two triangles
common points in triangles
cross points of two triangles
common points in triangles
cross points of two triangles
common points in triangles
cross points of two triangles
common points in triangles
cross points of two triangles
common points in triangles
cross points of two triangles
common points in triangles
cross points of two triangles
common points in triangles
cross points of two triangles
common points in triangles
cross points of two triangles
common points in triangles
cross points of two triangles
common points in triangles
cross points of two triangles
common points in triangles
cross points of two triangles
common points in triangles
cross points of two triangles
common points in triangles
cross points of two triangles
common points in triangles
cross points of two triangles
common points in triangles
cross points of two triangles
 [ [0 0 1] [0 0 1] ]
common points in triangles
 [ [0 0 1] [0 0 1] ]
 [ [0 0 1] [0 0 1] ]
nx 1 ny 2
z.shape (3, 2)
common part
 [ [0 0 1] [0 0 1] ]
 [ [0 0 1] [0 0 1] ]
 [ [0 0 1] [0 0 1] ]
number of vertices in common part 1
common part
 [ [0 0 1] [0 0 1] ]
cross points of two triangles
common points in triangles
cross points of two triangles
common points in triangles
cross points of two triangles
 [ [0 0 1] [0 0 1] ]
 [ [-2  1  2] [-3  2  2] ]
 [ [-2  1  4] [1 0 4] ]
common points in triangles
 [ [0 0 1] [0 0 1] ]
 [ [0 0 1] [0 0 1] ]
nx 3 ny 2
z.shape (5, 2)
common part
 [ [0 0 1] [0 0 1] ]
 [ [-2  1  2] [-3  2  2] ]
 [ [-2  1  4] [1 0 4] ]
 [ [0 0 1] [0 0 1] ]
 [ [0 0 1] [0 0 1] ]
number of vertices in common part 3
common part
 [ [0 0 1] [0 0 1] ]
 [ [-2  1  2] [-3  2  2] ]
 [ [-2  1  4] [1 0 4] ]
nod 47
cross points of two triangles
common points in triangles
cross points of two triangles
 [ [-1  0  2] [0 1 2] ]
common points in triangles
 [ [-1  0  2] [0 1 2] ]
 [ [-1  0  2] [0 1 2] ]
nx 1 ny 2
z.shape (3, 2)
common part
 [ [-1  0  2] [0 1 2] ]
 [ [-1  0  2] [0 1 2] ]
 [ [-1  0  2] [0 1 2] ]
number of vertices in common part 1
common part
 [ [-1  0  2] [0 1 2] ]
cross points of two triangles
common points in triangles
cross points of two triangles
common points in triangles
cross points of two triangles
common points in triangles
cross points of two triangles
common points in triangles
cross points of two triangles
 [ [-1  0  4] [0 1 4] ]
 [ [ 1 -1  2] [ 3 -1  2] ]
 [ [-2  1  2] [1 0 2] ]
 [ [-3  1  6] [3 1 6] ]
common points in triangles
 [ [-2  1  2] [1 0 2] ]
 [ [-3  1  6] [3 1 6] ]
nx 4 ny 2
z.shape (6, 2)
common part
 [ [-1  0  4] [0 1 4] ]
 [ [ 1 -1  2] [ 3 -1  2] ]
 [ [-2  1  2] [1 0 2] ]
 [ [-3  1  6] [3 1 6] ]
 [ [-2  1  2] [1 0 2] ]
 [ [-3  1  6] [3 1 6] ]
number of vertices in common part 4
common part
 [ [-1  0  4] [0 1 4] ]
 [ [ 1 -1  2] [ 3 -1  2] ]
 [ [-2  1  2] [1 0 2] ]
 [ [-3  1  6] [3 1 6] ]
nod 48
cross points of two triangles
common points in triangles
cross points of two triangles
common points in triangles
cross points of two triangles
common points in triangles
cross points of two triangles
common points in triangles
cross points of two triangles
common points in triangles
cross points of two triangles
common points in triangles
cross points of two triangles
 [ [-1  0  4] [0 1 4] ]
 [ [-2  1  2] [-3  2  2] ]
 [ [-2  1  2] [1 0 2] ]
 [ [-2  1  4] [1 0 4] ]
common points in triangles
 [ [-2  1  2] [1 0 2] ]
nx 4 ny 1
z.shape (5, 2)
common part
 [ [-1  0  4] [0 1 4] ]
 [ [-2  1  2] [-3  2  2] ]
 [ [-2  1  2] [1 0 2] ]
 [ [-2  1  4] [1 0 4] ]
 [ [-2  1  2] [1 0 2] ]
number of vertices in common part 4
common part
 [ [-1  0  4] [0 1 4] ]
 [ [-2  1  2] [-3  2  2] ]
 [ [-2  1  2] [1 0 2] ]
 [ [-2  1  4] [1 0 4] ]
nod 49
cross points of two triangles
common points in triangles
cross points of two triangles
common points in triangles
cross points of two triangles
common points in triangles
cross points of two triangles
common points in triangles
cross points of two triangles
 [ [-1  0  2] [0 1 2] ]
 [ [ 1 -1  2] [ 3 -1  2] ]
 [ [-3  1  6] [3 1 6] ]
common points in triangles
 [ [-1  0  2] [0 1 2] ]
 [ [-1  0  2] [0 1 2] ]
 [ [-3  1  6] [3 1 6] ]
nx 3 ny 3
z.shape (6, 2)
common part
 [ [-1  0  2] [0 1 2] ]
 [ [ 1 -1  2] [ 3 -1  2] ]
 [ [-3  1  6] [3 1 6] ]
 [ [-1  0  2] [0 1 2] ]
 [ [-1  0  2] [0 1 2] ]
 [ [-3  1  6] [3 1 6] ]
number of vertices in common part 3
common part
 [ [-1  0  2] [0 1 2] ]
 [ [ 1 -1  2] [ 3 -1  2] ]
 [ [-3  1  6] [3 1 6] ]
nod 50
cross points of two triangles
common points in triangles
cross points of two triangles
 [ [0 0 1] [0 0 1] ]
common points in triangles
 [ [0 0 1] [0 0 1] ]
 [ [0 0 1] [0 0 1] ]
nx 1 ny 2
z.shape (3, 2)
common part
 [ [0 0 1] [0 0 1] ]
 [ [0 0 1] [0 0 1] ]
 [ [0 0 1] [0 0 1] ]
number of vertices in common part 1
common part
 [ [0 0 1] [0 0 1] ]
cross points of two triangles
common points in triangles
cross points of two triangles
common points in triangles
cross points of two triangles
 [ [0 0 1] [0 0 1] ]
common points in triangles
 [ [0 0 1] [0 0 1] ]
 [ [0 0 1] [0 0 1] ]
nx 1 ny 2
z.shape (3, 2)
common part
 [ [0 0 1] [0 0 1] ]
 [ [0 0 1] [0 0 1] ]
 [ [0 0 1] [0 0 1] ]
number of vertices in common part 1
common part
 [ [0 0 1] [0 0 1] ]
cross points of two triangles
common points in triangles
cross points of two triangles
common points in triangles
cross points of two triangles
common points in triangles
cross points of two triangles
common points in triangles
cross points of two triangles
 [ [0 0 1] [ 1 -1  2] ]
 [ [0 0 1] [-2  1  1] ]
 [ [-2  1  2] [-1  0  2] ]
 [ [-2  1  4] [-1  0  4] ]
common points in triangles
 [ [-2  1  2] [-1  0  2] ]
nx 4 ny 1
z.shape (5, 2)
common part
 [ [0 0 1] [ 1 -1  2] ]
 [ [0 0 1] [-2  1  1] ]
 [ [-2  1  2] [-1  0  2] ]
 [ [-2  1  4] [-1  0  4] ]
 [ [-2  1  2] [-1  0  2] ]
number of vertices in common part 4
common part
 [ [0 0 1] [ 1 -1  2] ]
 [ [0 0 1] [-2  1  1] ]
 [ [-2  1  2] [-1  0  2] ]
 [ [-2  1  4] [-1  0  4] ]
nod 51
cross points of two triangles
common points in triangles
cross points of two triangles
common points in triangles
cross points of two triangles
common points in triangles
cross points of two triangles
common points in triangles
cross points of two triangles
 [ [-3  1  6] [-3 -1  6] ]
common points in triangles
 [ [-3  1  6] [-3 -1  6] ]
nx 1 ny 1
z.shape (2, 2)
common part
 [ [-3  1  6] [-3 -1  6] ]
 [ [-3  1  6] [-3 -1  6] ]
number of vertices in common part 1
common part
 [ [-3  1  6] [-3 -1  6] ]
cross points of two triangles
common points in triangles
cross points of two triangles
common points in triangles
cross points of two triangles
common points in triangles
cross points of two triangles
common points in triangles
cross points of two triangles
common points in triangles
cross points of two triangles
 [ [-2  1  2] [-1  0  2] ]
 [ [-3  1  6] [-3 -1  6] ]
common points in triangles
 [ [-2  1  2] [-1  0  2] ]
 [ [-3  1  6] [-3 -1  6] ]
nx 2 ny 2
z.shape (4, 2)
common part
 [ [-2  1  2] [-1  0  2] ]
 [ [-3  1  6] [-3 -1  6] ]
 [ [-2  1  2] [-1  0  2] ]
 [ [-3  1  6] [-3 -1  6] ]
number of vertices in common part 2
common part
 [ [-2  1  2] [-1  0  2] ]
 [ [-3  1  6] [-3 -1  6] ]
cross points of two triangles
common points in triangles
cross points of two triangles
common points in triangles
cross points of two triangles
common points in triangles
cross points of two triangles
common points in triangles
cross points of two triangles
 [ [0 0 1] [0 0 1] ]
 [ [0 0 1] [-2  1  1] ]
 [ [-2  1  4] [-1  0  4] ]
common points in triangles
 [ [0 0 1] [0 0 1] ]
 [ [0 0 1] [0 0 1] ]
nx 3 ny 2
z.shape (5, 2)
common part
 [ [0 0 1] [0 0 1] ]
 [ [0 0 1] [-2  1  1] ]
 [ [-2  1  4] [-1  0  4] ]
 [ [0 0 1] [0 0 1] ]
 [ [0 0 1] [0 0 1] ]
number of vertices in common part 3
common part
 [ [0 0 1] [0 0 1] ]
 [ [0 0 1] [-2  1  1] ]
 [ [-2  1  4] [-1  0  4] ]
nod 52
cross points of two triangles
common points in triangles
cross points of two triangles
common points in triangles
cross points of two triangles
 [ [0 0 1] [0 0 1] ]
common points in triangles
 [ [0 0 1] [0 0 1] ]
 [ [0 0 1] [0 0 1] ]
nx 1 ny 2
z.shape (3, 2)
common part
 [ [0 0 1] [0 0 1] ]
 [ [0 0 1] [0 0 1] ]
 [ [0 0 1] [0 0 1] ]
number of vertices in common part 1
common part
 [ [0 0 1] [0 0 1] ]
cross points of two triangles
common points in triangles
cross points of two triangles
common points in triangles
cross points of two triangles
common points in triangles
cross points of two triangles
common points in triangles
cross points of two triangles
common points in triangles
cross points of two triangles
common points in triangles
cross points of two triangles
common points in triangles
cross points of two triangles
common points in triangles
cross points of two triangles
common points in triangles
cross points of two triangles
common points in triangles
cross points of two triangles
common points in triangles
cross points of two triangles
common points in triangles
cross points of two triangles
common points in triangles
cross points of two triangles
common points in triangles
cross points of two triangles
common points in triangles
cross points of two triangles
common points in triangles
cross points of two triangles
common points in triangles
cross points of two triangles
common points in triangles
cross points of two triangles
common points in triangles
cross points of two triangles
common points in triangles
cross points of two triangles
 [ [0 0 1] [0 0 1] ]
common points in triangles
 [ [0 0 1] [0 0 1] ]
 [ [0 0 1] [0 0 1] ]
nx 1 ny 2
z.shape (3, 2)
common part
 [ [0 0 1] [0 0 1] ]
 [ [0 0 1] [0 0 1] ]
 [ [0 0 1] [0 0 1] ]
number of vertices in common part 1
common part
 [ [0 0 1] [0 0 1] ]
cross points of two triangles
common points in triangles
cross points of two triangles
common points in triangles
cross points of two triangles
 [ [0 0 1] [0 0 1] ]
common points in triangles
 [ [0 0 1] [0 0 1] ]
 [ [0 0 1] [0 0 1] ]
nx 1 ny 2
z.shape (3, 2)
common part
 [ [0 0 1] [0 0 1] ]
 [ [0 0 1] [0 0 1] ]
 [ [0 0 1] [0 0 1] ]
number of vertices in common part 1
common part
 [ [0 0 1] [0 0 1] ]
cross points of two triangles
common points in triangles
cross points of two triangles
common points in triangles
cross points of two triangles
 [ [ 0 -1  2] [-1  0  2] ]
 [ [-1  0  1] [-2  1  1] ]
 [ [-2 -1  4] [-1  0  4] ]
 [ [-1  0  1] [ 1 -1  2] ]
common points in triangles
 [ [ 0 -1  2] [-1  0  2] ]
nx 4 ny 1
z.shape (5, 2)
common part
 [ [ 0 -1  2] [-1  0  2] ]
 [ [-1  0  1] [-2  1  1] ]
 [ [-2 -1  4] [-1  0  4] ]
 [ [-1  0  1] [ 1 -1  2] ]
 [ [ 0 -1  2] [-1  0  2] ]
number of vertices in common part 4
common part
 [ [ 0 -1  2] [-1  0  2] ]
 [ [-1  0  1] [-2  1  1] ]
 [ [-2 -1  4] [-1  0  4] ]
 [ [-1  0  1] [ 1 -1  2] ]
nod 53
cross points of two triangles
common points in triangles
cross points of two triangles
 [ [-1  0  2] [ 0 -1  6] ]
 [ [-3  1  4] [ 1 -1  4] ]
 [ [-1 -1  4] [ 1 -1  4] ]
 [ [-1  0  2] [-2  1  2] ]
common points in triangles
nx 4 ny 0
z.shape (4, 2)
common part
 [ [-1  0  2] [ 0 -1  6] ]
 [ [-3  1  4] [ 1 -1  4] ]
 [ [-1 -1  4] [ 1 -1  4] ]
 [ [-1  0  2] [-2  1  2] ]
number of vertices in common part 4
common part
 [ [-1  0  2] [ 0 -1  6] ]
 [ [-3  1  4] [ 1 -1  4] ]
 [ [-1 -1  4] [ 1 -1  4] ]
 [ [-1  0  2] [-2  1  2] ]
nod 54
cross points of two triangles
common points in triangles
cross points of two triangles
common points in triangles
cross points of two triangles
 [ [-3 -2  6] [ 0 -1  6] ]
common points in triangles
 [ [-3 -2  6] [ 0 -1  6] ]
nx 1 ny 1
z.shape (2, 2)
common part
 [ [-3 -2  6] [ 0 -1  6] ]
 [ [-3 -2  6] [ 0 -1  6] ]
number of vertices in common part 1
common part
 [ [-3 -2  6] [ 0 -1  6] ]
cross points of two triangles
common points in triangles
cross points of two triangles
 [ [-3  0  4] [ 0 -1  4] ]
 [ [-3  1  2] [ 1 -1  2] ]
 [ [ 0 -1  2] [ 3 -2  2] ]
 [ [-3 -1  6] [-3  1  6] ]
common points in triangles
nx 4 ny 0
z.shape (4, 2)
common part
 [ [-3  0  4] [ 0 -1  4] ]
 [ [-3  1  2] [ 1 -1  2] ]
 [ [ 0 -1  2] [ 3 -2  2] ]
 [ [-3 -1  6] [-3  1  6] ]
number of vertices in common part 4
common part
 [ [-3  0  4] [ 0 -1  4] ]
 [ [-3  1  2] [ 1 -1  2] ]
 [ [ 0 -1  2] [ 3 -2  2] ]
 [ [-3 -1  6] [-3  1  6] ]
nod 55
cross points of two triangles
 [ [-3  0  4] [ 0 -1  4] ]
 [ [ 0 -1  2] [-1  0  2] ]
 [ [ 0 -1  2] [ 3 -2  2] ]
 [ [-2 -1  4] [-1  0  4] ]
common points in triangles
 [ [ 0 -1  2] [-1  0  2] ]
nx 4 ny 1
z.shape (5, 2)
common part
 [ [-3  0  4] [ 0 -1  4] ]
 [ [ 0 -1  2] [-1  0  2] ]
 [ [ 0 -1  2] [ 3 -2  2] ]
 [ [-2 -1  4] [-1  0  4] ]
 [ [ 0 -1  2] [-1  0  2] ]
number of vertices in common part 4
common part
 [ [-3  0  4] [ 0 -1  4] ]
 [ [ 0 -1  2] [-1  0  2] ]
 [ [ 0 -1  2] [ 3 -2  2] ]
 [ [-2 -1  4] [-1  0  4] ]
nod 56
cross points of two triangles
common points in triangles
cross points of two triangles
common points in triangles
cross points of two triangles
common points in triangles
cross points of two triangles
common points in triangles
cross points of two triangles
 [ [-1  0  2] [ 0 -1  6] ]
 [ [-3  1  2] [ 1 -1  2] ]
 [ [-1 -1  4] [ 1 -1  4] ]
 [ [-3 -1  6] [-3  1  6] ]
common points in triangles
nx 4 ny 0
z.shape (4, 2)
common part
 [ [-1  0  2] [ 0 -1  6] ]
 [ [-3  1  2] [ 1 -1  2] ]
 [ [-1 -1  4] [ 1 -1  4] ]
 [ [-3 -1  6] [-3  1  6] ]
number of vertices in common part 4
common part
 [ [-1  0  2] [ 0 -1  6] ]
 [ [-3  1  2] [ 1 -1  2] ]
 [ [-1 -1  4] [ 1 -1  4] ]
 [ [-3 -1  6] [-3  1  6] ]
nod 57
cross points of two triangles
common points in triangles
cross points of two triangles
 [ [-1  0  1] [-2  1  1] ]
 [ [-3 -2  6] [ 0 -1  6] ]
 [ [-1  0  1] [ 1 -1  2] ]
common points in triangles
 [ [-3 -2  6] [ 0 -1  6] ]
nx 3 ny 1
z.shape (4, 2)
common part
 [ [-1  0  1] [-2  1  1] ]
 [ [-3 -2  6] [ 0 -1  6] ]
 [ [-1  0  1] [ 1 -1  2] ]
 [ [-3 -2  6] [ 0 -1  6] ]
number of vertices in common part 3
common part
 [ [-1  0  1] [-2  1  1] ]
 [ [-3 -2  6] [ 0 -1  6] ]
 [ [-1  0  1] [ 1 -1  2] ]
nod 58
cross points of two triangles
common points in triangles
cross points of two triangles
common points in triangles
cross points of two triangles
 [ [0 0 1] [0 0 1] ]
 [ [-3  1  4] [ 1 -1  4] ]
 [ [-1  0  2] [-2  1  2] ]
common points in triangles
 [ [0 0 1] [0 0 1] ]
 [ [0 0 1] [0 0 1] ]
nx 3 ny 2
z.shape (5, 2)
common part
 [ [0 0 1] [0 0 1] ]
 [ [-3  1  4] [ 1 -1  4] ]
 [ [-1  0  2] [-2  1  2] ]
 [ [0 0 1] [0 0 1] ]
 [ [0 0 1] [0 0 1] ]
number of vertices in common part 3
common part
 [ [0 0 1] [0 0 1] ]
 [ [-3  1  4] [ 1 -1  4] ]
 [ [-1  0  2] [-2  1  2] ]
nod 59
cross points of two triangles
common points in triangles
cross points of two triangles
common points in triangles
cross points of two triangles
 [ [0 0 1] [0 0 1] ]
common points in triangles
 [ [0 0 1] [0 0 1] ]
 [ [0 0 1] [0 0 1] ]
nx 1 ny 2
z.shape (3, 2)
common part
 [ [0 0 1] [0 0 1] ]
 [ [0 0 1] [0 0 1] ]
 [ [0 0 1] [0 0 1] ]
number of vertices in common part 1
common part
 [ [0 0 1] [0 0 1] ]
cross points of two triangles
common points in triangles
cross points of two triangles
common points in triangles
cross points of two triangles
common points in triangles
cross points of two triangles
common points in triangles
cross points of two triangles
common points in triangles
cross points of two triangles
common points in triangles
cross points of two triangles
common points in triangles
cross points of two triangles
common points in triangles
cross points of two triangles
common points in triangles
cross points of two triangles
common points in triangles
cross points of two triangles
common points in triangles
cross points of two triangles
common points in triangles
cross points of two triangles
common points in triangles
cross points of two triangles
common points in triangles
cross points of two triangles
common points in triangles
cross points of two triangles
common points in triangles
cross points of two triangles
common points in triangles
cross points of two triangles
common points in triangles
cross points of two triangles
common points in triangles
cross points of two triangles
common points in triangles
cross points of two triangles
 [ [0 0 1] [0 0 1] ]
common points in triangles
 [ [0 0 1] [0 0 1] ]
 [ [0 0 1] [0 0 1] ]
nx 1 ny 2
z.shape (3, 2)
common part
 [ [0 0 1] [0 0 1] ]
 [ [0 0 1] [0 0 1] ]
 [ [0 0 1] [0 0 1] ]
number of vertices in common part 1
common part
 [ [0 0 1] [0 0 1] ]
cross points of two triangles
common points in triangles
cross points of two triangles
common points in triangles
cross points of two triangles
 [ [0 0 1] [0 0 1] ]
 [ [-3  1  4] [-1  1  4] ]
 [ [-3  1  6] [ 3 -1  6] ]
common points in triangles
 [ [0 0 1] [0 0 1] ]
 [ [0 0 1] [0 0 1] ]
nx 3 ny 2
z.shape (5, 2)
common part
 [ [0 0 1] [0 0 1] ]
 [ [-3  1  4] [-1  1  4] ]
 [ [-3  1  6] [ 3 -1  6] ]
 [ [0 0 1] [0 0 1] ]
 [ [0 0 1] [0 0 1] ]
number of vertices in common part 3
common part
 [ [0 0 1] [0 0 1] ]
 [ [-3  1  4] [-1  1  4] ]
 [ [-3  1  6] [ 3 -1  6] ]
nod 60
cross points of two triangles
common points in triangles
cross points of two triangles
 [ [-3  0  4] [0 1 4] ]
 [ [ 0 -1  2] [1 0 2] ]
 [ [-3  1  2] [ 3 -1  2] ]
 [ [-3 -1  6] [3 1 6] ]
common points in triangles
 [ [ 0 -1  2] [1 0 2] ]
 [ [-3 -1  6] [3 1 6] ]
nx 4 ny 2
z.shape (6, 2)
common part
 [ [-3  0  4] [0 1 4] ]
 [ [ 0 -1  2] [1 0 2] ]
 [ [-3  1  2] [ 3 -1  2] ]
 [ [-3 -1  6] [3 1 6] ]
 [ [ 0 -1  2] [1 0 2] ]
 [ [-3 -1  6] [3 1 6] ]
number of vertices in common part 4
common part
 [ [-3  0  4] [0 1 4] ]
 [ [ 0 -1  2] [1 0 2] ]
 [ [-3  1  2] [ 3 -1  2] ]
 [ [-3 -1  6] [3 1 6] ]
nod 61
cross points of two triangles
common points in triangles
cross points of two triangles
common points in triangles
cross points of two triangles
common points in triangles
cross points of two triangles
common points in triangles
cross points of two triangles
 [ [-1  0  2] [0 1 6] ]
 [ [-3  1  2] [-1  1  2] ]
 [ [ 1 -1  2] [-1  1  2] ]
 [ [-1  0  2] [1 0 2] ]
common points in triangles
nx 4 ny 0
z.shape (4, 2)
common part
 [ [-1  0  2] [0 1 6] ]
 [ [-3  1  2] [-1  1  2] ]
 [ [ 1 -1  2] [-1  1  2] ]
 [ [-1  0  2] [1 0 2] ]
number of vertices in common part 4
common part
 [ [-1  0  2] [0 1 6] ]
 [ [-3  1  2] [-1  1  2] ]
 [ [ 1 -1  2] [-1  1  2] ]
 [ [-1  0  2] [1 0 2] ]
nod 62
cross points of two triangles
common points in triangles
cross points of two triangles
common points in triangles
cross points of two triangles
common points in triangles
cross points of two triangles
common points in triangles
cross points of two triangles
 [ [ 0 -1  2] [1 0 2] ]
 [ [-3 -1  6] [3 1 6] ]
common points in triangles
 [ [ 0 -1  2] [1 0 2] ]
 [ [-3 -1  6] [3 1 6] ]
nx 2 ny 2
z.shape (4, 2)
common part
 [ [ 0 -1  2] [1 0 2] ]
 [ [-3 -1  6] [3 1 6] ]
 [ [ 0 -1  2] [1 0 2] ]
 [ [-3 -1  6] [3 1 6] ]
number of vertices in common part 2
common part
 [ [ 0 -1  2] [1 0 2] ]
 [ [-3 -1  6] [3 1 6] ]
cross points of two triangles
common points in triangles
cross points of two triangles
 [ [-1  0  2] [0 1 6] ]
 [ [-3  1  4] [-1  1  4] ]
 [ [ 1 -1  2] [-1  1  2] ]
 [ [-3  1  6] [ 3 -1  6] ]
common points in triangles
nx 4 ny 0
z.shape (4, 2)
common part
 [ [-1  0  2] [0 1 6] ]
 [ [-3  1  4] [-1  1  4] ]
 [ [ 1 -1  2] [-1  1  2] ]
 [ [-3  1  6] [ 3 -1  6] ]
number of vertices in common part 4
common part
 [ [-1  0  2] [0 1 6] ]
 [ [-3  1  4] [-1  1  4] ]
 [ [ 1 -1  2] [-1  1  2] ]
 [ [-3  1  6] [ 3 -1  6] ]
nod 63
cross points of two triangles
common points in triangles
cross points of two triangles
common points in triangles
cross points of two triangles
common points in triangles
cross points of two triangles
common points in triangles
cross points of two triangles
 [ [-3  0  4] [0 1 4] ]
 [ [-3  1  2] [-1  1  2] ]
 [ [-3  1  2] [ 3 -1  2] ]
 [ [-1  0  2] [1 0 2] ]
common points in triangles
nx 4 ny 0
z.shape (4, 2)
common part
 [ [-3  0  4] [0 1 4] ]
 [ [-3  1  2] [-1  1  2] ]
 [ [-3  1  2] [ 3 -1  2] ]
 [ [-1  0  2] [1 0 2] ]
number of vertices in common part 4
common part
 [ [-3  0  4] [0 1 4] ]
 [ [-3  1  2] [-1  1  2] ]
 [ [-3  1  2] [ 3 -1  2] ]
 [ [-1  0  2] [1 0 2] ]
nod 64
cross points of two triangles
common points in triangles
cross points of two triangles
 [ [0 0 1] [0 0 1] ]
common points in triangles
 [ [0 0 1] [0 0 1] ]
 [ [0 0 1] [0 0 1] ]
nx 1 ny 2
z.shape (3, 2)
common part
 [ [0 0 1] [0 0 1] ]
 [ [0 0 1] [0 0 1] ]
 [ [0 0 1] [0 0 1] ]
number of vertices in common part 1
common part
 [ [0 0 1] [0 0 1] ]
cross points of two triangles
common points in triangles
ntr 34
intsct.shape (34, 3, 2)
intsct[i]
 [ [0 0 1] [0 0 1] ]
 [ [-3  1  4] [-1  1  4] ]
 [ [-1  0  2] [ 2 -1  2] ]
intsct[i]
 [ [-1  0  1] [-1  1  2] ]
 [ [-3 -2  6] [0 1 6] ]
 [ [-1  0  1] [ 2 -1  1] ]
intsct[i]
 [ [0 0 1] [0 0 1] ]
 [ [-3  1  4] [ 1 -1  4] ]
 [ [-3  1  6] [-3  1  6] ]
intsct[i]
 [ [0 0 1] [ 1 -1  2] ]
 [ [0 0 1] [-2  1  1] ]
 [ [-3  2  6] [ 0 -1  6] ]
intsct[i]
 [ [0 0 1] [0 0 1] ]
 [ [0 0 1] [-2  1  1] ]
 [ [-3  2  6] [ 0 -1  6] ]
intsct[i]
 [ [0 0 1] [0 0 1] ]
 [ [-2  1  2] [-3  2  2] ]
 [ [-3  1  6] [ 3 -1  6] ]
intsct[i]
 [ [-1  0  2] [0 1 2] ]
 [ [-3 -1  6] [3 1 6] ]
 [ [-3  1  2] [ 3 -1  2] ]
intsct[i]
 [ [-1  0  1] [0 0 1] ]
 [ [-1  0  1] [-2  1  1] ]
 [ [-2 -1  4] [-1  0  4] ]
intsct[i]
 [ [-1  0  1] [0 0 1] ]
 [ [-1 -1  4] [ 1 -1  4] ]
 [ [-1  0  2] [-2  1  2] ]
intsct[i]
 [ [-1  0  1] [0 0 1] ]
 [ [ 0 -1  2] [ 3 -2  2] ]
 [ [-3 -1  6] [-3  1  6] ]
intsct[i]
 [ [-1  0  1] [0 0 1] ]
 [ [ 0 -1  2] [ 3 -2  2] ]
 [ [-2 -1  4] [-1  0  4] ]
intsct[i]
 [ [-1  0  1] [0 0 1] ]
 [ [-1 -1  4] [ 1 -1  4] ]
 [ [-3 -1  6] [-3  1  6] ]
intsct[i]
 [ [-1  0  1] [0 0 1] ]
 [ [-1  0  1] [-2  1  1] ]
 [ [-3 -2  6] [ 0 -1  6] ]
intsct[i]
 [ [-1  0  1] [0 0 1] ]
 [ [0 0 1] [0 0 1] ]
 [ [-1  0  2] [-2  1  2] ]
intsct[i]
 [ [-1  0  2] [ 0 -1  2] ]
 [ [ 1 -1  2] [-3  1  2] ]
 [ [-3  1  6] [-3 -1  6] ]
intsct[i]
 [ [0 0 1] [0 0 1] ]
 [ [-2  1  2] [ 3 -2  2] ]
 [ [-2  1  4] [-1  0  4] ]
intsct[i]
 [ [0 0 1] [0 0 1] ]
 [ [0 0 1] [ 2 -1  1] ]
 [ [-2  1  4] [1 0 4] ]
intsct[i]
 [ [0 0 1] [0 0 1] ]
 [ [0 0 1] [ 2 -1  1] ]
 [ [-3  2  6] [0 1 6] ]
intsct[i]
 [ [0 0 1] [ 2 -1  1] ]
 [ [0 0 1] [-1  1  2] ]
 [ [-3  2  6] [0 1 6] ]
intsct[i]
 [ [-1  0  2] [ 0 -1  2] ]
 [ [-3  1  2] [-3  1  2] ]
 [ [-3 -1  6] [-3 -1  6] ]
intsct[i]
 [ [0 0 1] [0 0 1] ]
 [ [-2  1  2] [ 3 -2  2] ]
 [ [-3  1  6] [-3  1  6] ]
intsct[i]
 [ [0 0 1] [0 0 1] ]
 [ [-1  0  1] [0 0 1] ]
 [ [-1  0  2] [ 2 -1  2] ]
intsct[i]
 [ [-1  0  1] [0 0 1] ]
 [ [ 0 -1  2] [-3  2  2] ]
 [ [-2 -1  4] [1 0 4] ]
intsct[i]
 [ [-1  0  1] [0 0 1] ]
 [ [-1 -1  4] [-1  1  4] ]
 [ [-3 -1  6] [ 3 -1  6] ]
intsct[i]
 [ [-1  0  1] [0 0 1] ]
 [ [-1  0  1] [ 2 -1  1] ]
 [ [-3 -2  6] [0 1 6] ]
intsct[i]
 [ [-1  0  1] [0 0 1] ]
 [ [-1  0  1] [ 2 -1  1] ]
 [ [-2 -1  4] [1 0 4] ]
intsct[i]
 [ [-1  0  1] [0 0 1] ]
 [ [-1 -1  4] [-1  1  4] ]
 [ [-1  0  2] [ 2 -1  2] ]
intsct[i]
 [ [-1  0  1] [0 0 1] ]
 [ [ 0 -1  2] [-3  2  2] ]
 [ [-3 -1  6] [ 3 -1  6] ]
intsct[i]
 [ [0 0 1] [0 0 1] ]
 [ [-2  1  2] [-3  2  2] ]
 [ [-2  1  4] [1 0 4] ]
intsct[i]
 [ [-1  0  2] [0 1 2] ]
 [ [ 1 -1  2] [ 3 -1  2] ]
 [ [-3  1  6] [3 1 6] ]
intsct[i]
 [ [0 0 1] [0 0 1] ]
 [ [0 0 1] [-2  1  1] ]
 [ [-2  1  4] [-1  0  4] ]
intsct[i]
 [ [-1  0  1] [-2  1  1] ]
 [ [-3 -2  6] [ 0 -1  6] ]
 [ [-1  0  1] [ 1 -1  2] ]
intsct[i]
 [ [0 0 1] [0 0 1] ]
 [ [-3  1  4] [ 1 -1  4] ]
 [ [-1  0  2] [-2  1  2] ]
intsct[i]
 [ [0 0 1] [0 0 1] ]
 [ [-3  1  4] [-1  1  4] ]
 [ [-3  1  6] [ 3 -1  6] ]
