qnv0[0] [ [0 1 1] [1 1 2] [0 0 1] ]
qnv0[1] [ [0 0 1] [1 0 1] [0 1 1] ]
qnv0[2] [ [1 0 1] [0 1 1] [0 0 1] ]
qnc0 [ [2 1 2] [-2  0  1] [0 1 1] ]
dat(qnc0,qnv0[0]) [ 0 0 1 ]
dat(qnc0,qnv0[1]) [ 0 0 1 ]
dat(qnc0,qnv0[2]) [ 2 -3 2 ]
vinp [ 11 2 4 ]
vinp [ 3 0 1 ]
vinp [ 3 0 1 ]
qnvs [ [11  2  4] [3 0 1] [3 0 1] ]
ip [2 1 0]
vinp [ 11 2 4 ]
vinp [ 3 0 1 ]
vinp [ 3 0 1 ]
vts1 [ [3 0 1] [3 0 1] [11  2  4] ]
shape (8,)
vts2[0]  [ [1 0 2] [0 0 1] [0 0 1] [1 0 2] [0 0 1] ]
vts2[1]  [ [0 0 1] [0 0 1] [-1  0  2] [1 0 2] [0 0 1] ]
vts2[2]  [ [0 0 1] [1 0 2] [-1  0  2] [0 0 1] [0 0 1] ]
vts2[3]  [ [-1  0  2] [1 0 2] [0 0 1] [0 0 1] [0 0 1] ]
vts2[4]  [ [-1  0  2] [0 0 1] [0 0 1] [-1  0  2] [0 0 1] ]
vts2[5]  [ [0 0 1] [0 0 1] [1 0 2] [-1  0  2] [0 0 1] ]
vts2[6]  [ [0 0 1] [-1  0  2] [1 0 2] [0 0 1] [0 0 1] ]
vts2[7]  [ [1 0 2] [-1  0  2] [0 0 1] [0 0 1] [0 0 1] ]
Qnprj_Octa prj
[ [1 0 1] [0 0 1] [1 0 1] [0 0 1] [0 0 1] ]
[ [0 1 2] [0 1 2] [ 0 -1  2] [0 1 2] [0 0 1] ]
[ [0 0 1] [1 0 1] [0 0 1] [-1  0  1] [0 0 1] ]
[ [ 0 -1  2] [0 1 2] [0 1 2] [0 1 2] [0 0 1] ]
[ [0 0 1] [0 0 1] [0 0 1] [0 0 1] [1 0 1] ]

N 2
shape (8,)
vts2[0]  [ [1 0 2] [0 0 1] [0 0 1] [1 0 2] [0 0 1] ]
vts2[1]  [ [0 0 1] [0 0 1] [-1  0  2] [1 0 2] [0 0 1] ]
vts2[2]  [ [0 0 1] [1 0 2] [-1  0  2] [0 0 1] [0 0 1] ]
vts2[3]  [ [-1  0  2] [1 0 2] [0 0 1] [0 0 1] [0 0 1] ]
vts2[4]  [ [-1  0  2] [0 0 1] [0 0 1] [-1  0  2] [0 0 1] ]
vts2[5]  [ [0 0 1] [0 0 1] [1 0 2] [-1  0  2] [0 0 1] ]
vts2[6]  [ [0 0 1] [-1  0  2] [1 0 2] [0 0 1] [0 0 1] ]
vts2[7]  [ [1 0 2] [-1  0  2] [0 0 1] [0 0 1] [0 0 1] ]
vst.shape (5,)
shape (5,)
vst[0]  [ [0 0 1] [1 0 2] ]
vst[1]  [ [1 0 2] [-1  0  2] ]
vst[2]  [ [1 0 2] [0 1 4] ]
vst[3]  [ [0 0 1] [0 1 4] ]
vst[4]  [ [-1  0  2] [1 0 2] ]
shape (10,)
vst_d3[0]  [ [0 0 1] [1 0 2] ]
vst_d3[1]  [ [1 0 2] [-1  0  2] ]
vst_d3[2]  [ [1 0 2] [0 1 4] ]
vst_d3[3]  [ [0 0 1] [0 1 4] ]
vst_d3[4]  [ [-1  0  2] [1 0 2] ]
vst_d3[5]  [ [0 0 1] [1 0 2] ]
vst_d3[6]  [ [1 0 2] [-1  0  2] ]
vst_d3[7]  [ [1 0 2] [0 1 4] ]
vst_d3[8]  [ [0 0 1] [0 1 4] ]
vst_d3[9]  [ [-1  0  2] [1 0 2] ]
ndim 1 shape (10,) dtype object
vt0.shape (10,)
vt0[ni] [ [1 0 2] [-1  0  2] ]
vt0[ni] [ [1 0 2] [0 1 4] ]
vt0[ni] [ [0 0 1] [0 1 4] ]
vt0[ni] [ [-1  0  2] [1 0 2] ]
shape (10,)
a[0]  [ [0 0 1] [1 0 2] ]
a[1]  [ [1 0 2] [-1  0  2] ]
a[2]  [ [1 0 2] [0 1 4] ]
a[3]  [ [0 0 1] [0 1 4] ]
a[4]  [ [-1  0  2] [1 0 2] ]
a[5] 